Iter   Tolerance Admix(mean)   Admix(SD)    Fst1    Fst2    Fst3    Fst4    Fst5    Fst6    Fst7   QPop1   QPop2   QPop3   QPop4   QPop5   QPop6   QPop7
   1  3.0654E-04    0.853881    0.005679 -0.0001  0.0127  0.0012  0.0014 -0.0008  0.0006  0.0018  0.1366  0.1483  0.1415  0.1445  0.1403  0.1439  0.1449
   2  3.9003E-03    0.808305    0.085213  0.0051  0.0945  0.0321  0.0160  0.0000  0.0033  0.0066  0.1230  0.1591  0.1577  0.1483  0.1316  0.1371  0.1432
   3  5.9163E-03    0.691902    0.217869  0.0352  0.1839  0.0747  0.0683  0.0037  0.0052  0.0036  0.1279  0.1617  0.1918  0.1457  0.1226  0.1242  0.1262
   4  3.3888E-03    0.587661    0.287055  0.0718  0.2262  0.0939  0.1484  0.0272  0.0106  0.0039  0.1438  0.1528  0.2154  0.1326  0.1271  0.1150  0.1134
   5  2.3027E-03    0.506200    0.291370  0.0998  0.2336  0.0985  0.1959  0.0581  0.0063  0.0038  0.1626  0.1418  0.2317  0.1144  0.1325  0.1096  0.1075
   6  1.8667E-03    0.427821    0.278529  0.1159  0.2378  0.1024  0.2182  0.0847  0.0064  0.0280  0.1811  0.1346  0.2438  0.1034  0.1406  0.0983  0.0983
   7  1.4908E-03    0.353779    0.270520  0.1141  0.2296  0.0994  0.2106  0.0847  0.0116  0.0553  0.1941  0.1297  0.2524  0.0959  0.1464  0.0912  0.0903
   8  5.8742E-04    0.300093    0.272983  0.1029  0.2113  0.0907  0.1836  0.0696  0.0042  0.0545  0.2029  0.1259  0.2595  0.0915  0.1506  0.0882  0.0813
   9  1.7291E-04    0.267788    0.274955  0.1016  0.2107  0.0901  0.1825  0.0687  0.0214  0.0771  0.2093  0.1235  0.2651  0.0888  0.1534  0.0856  0.0742
  10  8.1554E-05    0.244750    0.275466  0.1002  0.2101  0.0890  0.1809  0.0673  0.0300  0.0905  0.2146  0.1217  0.2692  0.0867  0.1551  0.0834  0.0692
  11  4.9797E-05    0.228789    0.275220  0.0990  0.2095  0.0880  0.1796  0.0661  0.0336  0.0982  0.2183  0.1206  0.2718  0.0852  0.1569  0.0815  0.0658
  12  2.8950E-05    0.217598    0.274936  0.0981  0.2090  0.0871  0.1785  0.0653  0.0353  0.1026  0.2215  0.1198  0.2736  0.0842  0.1573  0.0801  0.0635
  13  2.2921E-05    0.209266    0.274181  0.0976  0.2085  0.0865  0.1775  0.0647  0.0363  0.1048  0.2237  0.1191  0.2754  0.0834  0.1578  0.0791  0.0616
  14  1.4086E-05    0.203011    0.273596  0.0971  0.2081  0.0860  0.1768  0.0642  0.0376  0.1062  0.2253  0.1187  0.2763  0.0828  0.1581  0.0784  0.0605
  15  5.1462E-06    0.200650    0.272952  0.0967  0.2079  0.0856  0.1762  0.0639  0.0392  0.1072  0.2260  0.1184  0.2767  0.0825  0.1582  0.0782  0.0600
  16  7.0835E-06    0.198189    0.272451  0.0964  0.2076  0.0853  0.1756  0.0637  0.0406  0.1075  0.2266  0.1181  0.2768  0.0822  0.1585  0.0783  0.0594
  17  2.6423E-06    0.197259    0.272134  0.0962  0.2074  0.0851  0.1752  0.0635  0.0420  0.1076  0.2268  0.1181  0.2771  0.0820  0.1585  0.0784  0.0591
  18  7.2943E-07    0.196665    0.272110  0.0961  0.2072  0.0850  0.1748  0.0634  0.0433  0.1077  0.2271  0.1180  0.2770  0.0818  0.1585  0.0785  0.0591
  19  3.4488E-07    0.196369    0.271873  0.0959  0.2071  0.0849  0.1745  0.0633  0.0444  0.1076  0.2274  0.1179  0.2770  0.0817  0.1584  0.0785  0.0590
  20  1.0405E-07    0.195951    0.271830  0.0958  0.2070  0.0848  0.1742  0.0632  0.0455  0.1075  0.2275  0.1178  0.2770  0.0816  0.1584  0.0786  0.0591
  21  2.5548E-07    0.195054    0.271628  0.0957  0.2068  0.0847  0.1738  0.0632  0.0464  0.1073  0.2278  0.1176  0.2772  0.0814  0.1584  0.0785  0.0590
  22  5.2055E-07    0.193982    0.271406  0.0956  0.2067  0.0846  0.1734  0.0631  0.0473  0.1070  0.2279  0.1175  0.2774  0.0812  0.1584  0.0787  0.0589
  23  7.9430E-07    0.193337    0.271076  0.0956  0.2066  0.0845  0.1731  0.0630  0.0481  0.1067  0.2280  0.1174  0.2776  0.0810  0.1583  0.0787  0.0589
  24  9.3723E-07    0.192559    0.270774  0.0955  0.2065  0.0844  0.1727  0.0629  0.0488  0.1064  0.2283  0.1173  0.2777  0.0809  0.1583  0.0787  0.0589
  25  4.5231E-07    0.192278    0.270567  0.0954  0.2063  0.0844  0.1725  0.0629  0.0494  0.1061  0.2284  0.1173  0.2776  0.0808  0.1582  0.0788  0.0589
  26  5.4863E-07    0.191782    0.270437  0.0954  0.2062  0.0843  0.1721  0.0628  0.0501  0.1059  0.2285  0.1171  0.2777  0.0806  0.1582  0.0789  0.0590
  27  5.3989E-07    0.191371    0.270274  0.0953  0.2061  0.0842  0.1719  0.0628  0.0507  0.1056  0.2285  0.1170  0.2776  0.0805  0.1584  0.0790  0.0590
  28  8.0823E-07    0.191265    0.269930  0.0953  0.2060  0.0842  0.1716  0.0627  0.0512  0.1053  0.2285  0.1169  0.2776  0.0804  0.1583  0.0791  0.0591
  29  7.2528E-07    0.190814    0.269582  0.0952  0.2059  0.0841  0.1714  0.0626  0.0518  0.1050  0.2286  0.1167  0.2776  0.0803  0.1583  0.0793  0.0591
  30  7.1081E-07    0.190230    0.269105  0.0952  0.2057  0.0841  0.1711  0.0626  0.0523  0.1046  0.2287  0.1167  0.2777  0.0801  0.1582  0.0794  0.0592
  31  1.1220E-06    0.189948    0.268936  0.0951  0.2056  0.0840  0.1709  0.0625  0.0527  0.1044  0.2288  0.1165  0.2776  0.0800  0.1583  0.0796  0.0592
  32  5.5649E-07    0.189744    0.268797  0.0951  0.2055  0.0840  0.1706  0.0625  0.0532  0.1041  0.2288  0.1164  0.2775  0.0799  0.1582  0.0797  0.0593
  33  7.2490E-07    0.189324    0.268537  0.0951  0.2054  0.0839  0.1704  0.0624  0.0536  0.1038  0.2289  0.1163  0.2775  0.0798  0.1582  0.0799  0.0594
  34  5.4303E-07    0.189250    0.268306  0.0950  0.2053  0.0839  0.1702  0.0624  0.0541  0.1035  0.2289  0.1162  0.2775  0.0797  0.1581  0.0801  0.0595
  35  7.4042E-07    0.188778    0.268002  0.0950  0.2052  0.0838  0.1699  0.0624  0.0545  0.1032  0.2289  0.1161  0.2775  0.0796  0.1581  0.0802  0.0596
  36  8.7251E-07    0.188636    0.267683  0.0949  0.2051  0.0838  0.1697  0.0623  0.0549  0.1029  0.2290  0.1160  0.2774  0.0795  0.1580  0.0804  0.0597
  37  8.3133E-07    0.188344    0.267310  0.0949  0.2050  0.0837  0.1695  0.0622  0.0553  0.1026  0.2291  0.1159  0.2774  0.0794  0.1580  0.0805  0.0598
  38  3.9328E-07    0.188325    0.267013  0.0949  0.2049  0.0837  0.1693  0.0622  0.0557  0.1024  0.2291  0.1158  0.2774  0.0793  0.1579  0.0807  0.0599
  39  5.6109E-07    0.188272    0.266654  0.0948  0.2048  0.0836  0.1690  0.0622  0.0561  0.1021  0.2291  0.1157  0.2773  0.0792  0.1578  0.0809  0.0600
  40  4.4994E-07    0.188058    0.266373  0.0948  0.2047  0.0836  0.1689  0.0621  0.0564  0.1018  0.2291  0.1155  0.2773  0.0791  0.1578  0.0811  0.0601
  41  9.2674E-07    0.187855    0.265924  0.0947  0.2046  0.0836  0.1686  0.0621  0.0568  0.1015  0.2291  0.1154  0.2772  0.0790  0.1577  0.0813  0.0602
  42  6.0556E-07    0.187712    0.265540  0.0947  0.2045  0.0835  0.1684  0.0620  0.0571  0.1012  0.2290  0.1153  0.2773  0.0789  0.1576  0.0815  0.0603
  43  3.9423E-07    0.187546    0.265246  0.0946  0.2044  0.0835  0.1682  0.0620  0.0575  0.1010  0.2290  0.1152  0.2772  0.0788  0.1576  0.0816  0.0605
  44  5.1645E-07    0.187455    0.264937  0.0946  0.2043  0.0834  0.1680  0.0619  0.0578  0.1007  0.2288  0.1151  0.2771  0.0788  0.1577  0.0818  0.0606
  45  6.0994E-07    0.187439    0.264641  0.0945  0.2042  0.0834  0.1679  0.0619  0.0582  0.1004  0.2288  0.1151  0.2770  0.0787  0.1577  0.0820  0.0607
  46  7.4260E-07    0.187222    0.264154  0.0945  0.2041  0.0834  0.1677  0.0618  0.0585  0.1001  0.2288  0.1149  0.2770  0.0787  0.1576  0.0822  0.0608
  47  3.1250E-07    0.187216    0.263782  0.0945  0.2040  0.0834  0.1675  0.0618  0.0588  0.0998  0.2287  0.1148  0.2770  0.0786  0.1575  0.0824  0.0610
  48  7.0804E-08    0.187138    0.263535  0.0944  0.2039  0.0833  0.1674  0.0617  0.0591  0.0995  0.2287  0.1147  0.2769  0.0785  0.1575  0.0826  0.0611
  49  1.8392E-07    0.187027    0.263154  0.0944  0.2038  0.0833  0.1672  0.0617  0.0594  0.0992  0.2286  0.1146  0.2769  0.0785  0.1574  0.0828  0.0612
  50  2.3047E-07    0.186817    0.262810  0.0943  0.2037  0.0833  0.1670  0.0616  0.0597  0.0989  0.2286  0.1146  0.2768  0.0784  0.1574  0.0830  0.0614
  51  3.1227E-07    0.186676    0.262400  0.0943  0.2036  0.0832  0.1669  0.0616  0.0600  0.0986  0.2285  0.1145  0.2768  0.0783  0.1573  0.0831  0.0615
  52  3.6532E-06    0.186119    0.261183  0.0941  0.2034  0.0831  0.1665  0.0612  0.0611  0.0986  0.2284  0.1141  0.2767  0.0780  0.1571  0.0837  0.0619
  53  6.9363E-07    0.185900    0.260777  0.0940  0.2033  0.0831  0.1663  0.0610  0.0618  0.0983  0.2283  0.1141  0.2766  0.0780  0.1569  0.0840  0.0621
  54  4.4875E-07    0.185841    0.260369  0.0940  0.2032  0.0830  0.1662  0.0608  0.0623  0.0979  0.2282  0.1140  0.2766  0.0779  0.1566  0.0843  0.0624
  55  6.9940E-07    0.185643    0.259869  0.0939  0.2031  0.0830  0.1660  0.0607  0.0628  0.0976  0.2281  0.1139  0.2766  0.0778  0.1564  0.0846  0.0625
  56  3.4246E-07    0.185399    0.259399  0.0938  0.2031  0.0830  0.1658  0.0606  0.0632  0.0972  0.2280  0.1138  0.2765  0.0777  0.1563  0.0849  0.0627
  57  3.7486E-07    0.185236    0.258903  0.0938  0.2030  0.0829  0.1657  0.0605  0.0635  0.0969  0.2279  0.1137  0.2765  0.0777  0.1562  0.0851  0.0629
  58  2.9938E-07    0.184979    0.258442  0.0937  0.2029  0.0829  0.1656  0.0604  0.0639  0.0966  0.2277  0.1137  0.2766  0.0776  0.1560  0.0854  0.0630
  59  1.6343E-07    0.184912    0.258045  0.0937  0.2028  0.0828  0.1655  0.0603  0.0642  0.0964  0.2277  0.1136  0.2765  0.0776  0.1559  0.0856  0.0632
  60  1.5558E-07    0.184781    0.257642  0.0936  0.2027  0.0828  0.1653  0.0603  0.0645  0.0961  0.2276  0.1135  0.2765  0.0775  0.1558  0.0858  0.0634
  61  2.1955E-07    0.184461    0.257260  0.0936  0.2026  0.0828  0.1652  0.0602  0.0647  0.0959  0.2274  0.1135  0.2764  0.0774  0.1556  0.0860  0.0635
