K Run Tem Iterate    Move%     Time        CurrentLogL           BestLogL     Fst1     Fst2     Fst3     Fst4     Fst5     Fst6     Fst7     Fis1     Fis2     Fis3     Fis4     Fis5     Fis6     Fis7
7   7   1       0   1.0000 37:30:10 -1.72623933788E+05 -1.72623933788E+05  0.00011 -0.01180 -0.01237 -0.01177 -0.00267  0.04640 -0.00937 -0.14400 -0.20924 -0.13630 -0.19383 -0.15611 -0.15209 -0.16251
7   7   1     100   1.9802 37:30:10 -1.72381608583E+05 -1.72381608583E+05  0.00011 -0.01180 -0.01237 -0.01177 -0.00267  0.04640 -0.00937 -0.14400 -0.20924 -0.13630 -0.19383 -0.15611 -0.15209 -0.16251
7   7   1     200  29.7030 37:30:10 -1.67250808701E+05 -1.67250784909E+05 -0.01177 -0.01180 -0.00937  0.00011  0.04640 -0.00267 -0.01237 -0.19383 -0.20924 -0.16251 -0.14400 -0.15209 -0.15611 -0.13630
7   7   1     400  30.5970 37:30:10 -1.63093411376E+05 -1.63093411376E+05 -0.01177 -0.01180  0.00011  0.04640 -0.00937 -0.00267 -0.01237 -0.19383 -0.20924 -0.14400 -0.15209 -0.16251 -0.15611 -0.13630
7   7   1     800  32.7930 37:30:10 -1.64936841499E+05 -1.62524250984E+05 -0.01237  0.00011 -0.01180 -0.00937 -0.00267  0.04640 -0.01177 -0.13630 -0.14400 -0.20924 -0.16251 -0.15611 -0.15209 -0.19383
7   7   1    1600  38.5144 37:30:10 -1.64647004026E+05 -1.62524250984E+05 -0.01180 -0.01237 -0.01177  0.00011  0.04640 -0.00937 -0.00267 -0.20924 -0.13630 -0.19383 -0.14400 -0.15209 -0.16251 -0.15611
7   7   2    3200  46.8750 37:30:10 -1.64602413725E+05 -1.62524250984E+05  0.00011 -0.01237  0.04640 -0.01177 -0.00937 -0.00267 -0.01180 -0.14400 -0.13630 -0.15209 -0.19383 -0.16251 -0.15611 -0.20924
7   7   3    6400  33.3333 38:30:10 -1.65563889422E+05 -1.62524250984E+05  0.04640 -0.01177 -0.01237 -0.00937 -0.00267  0.00011 -0.01180 -0.15209 -0.19383 -0.13630 -0.16251 -0.15611 -0.14400 -0.20924
7   7   4   20000  38.3027 39:30:10 -1.64491941320E+05 -1.62524250984E+05  1.00000  0.00200  1.00000  0.32495 -0.01790  0.35064  1.00000  0.00000 -0.17768  0.00000 -0.89373 -0.18016 -0.81087  0.00000
7   7   5   36000  27.3821 41:30:10 -1.64144891040E+05 -1.62524250984E+05 -0.00841  1.00000  0.35086  0.32519  1.00000 -0.01938  1.00000 -0.15612  0.00000 -0.81087 -0.89373  0.00000 -0.19901  0.00000
7   7   6   56000  22.3602 43:30:10 -1.63329729158E+05 -1.62487806719E+05  0.00137  0.00418  0.32736  0.27096  0.35296  1.00000  1.00000 -0.12983 -0.24114 -0.89373 -0.75006 -0.81087  0.00000  0.00000
7   7   7   76000  12.0796 45:30:10 -1.63964593105E+05 -1.61730884795E+05  0.00582  0.01692  0.05275  0.33161  0.27557  0.35704  1.00000 -0.17232 -0.22785 -0.08408 -0.89373 -0.75006 -0.81087  0.00000
7   7   7   96000  14.4063 47:30:10 -1.63453664707E+05 -1.61730884795E+05  0.00904  0.01999  0.33356  0.27768  0.35892 -0.00404  0.05261 -0.20976 -0.17745 -0.89373 -0.75006 -0.81087 -0.16928 -0.09251
7   7   8  120000  13.1501 49:30:10 -1.63048295097E+05 -1.61511134236E+05  0.00826  0.01772  0.13914  0.33284  0.27690  1.00000  0.35822 -0.14024 -0.23488 -0.26293 -0.89373 -0.75006  0.00000 -0.81087
7   7   9  127209  10.5000 50:30:10 -1.61967621761E+05 -1.61511134236E+05  1.00000  0.01772  0.13914  0.00826  0.33284  0.27690  0.35822  0.00000 -0.23488 -0.26293 -0.14024 -0.89373 -0.75006 -0.81087
7   7   9  140000   8.8859 51:30:10 -1.61705440419E+05 -1.61511134236E+05  0.14246  0.02903  0.02519  0.05524  0.33541  0.27968  0.36070 -0.26293 -0.25707 -0.17478 -0.09251 -0.89373 -0.75006 -0.81087
7   7  10  141020  13.5000 51:30:10 -1.62399663928E+05 -1.61511134236E+05  0.14246  0.02903  0.05524  0.02519  0.33541  0.27968  0.36070 -0.26293 -0.25707 -0.09251 -0.17478 -0.89373 -0.75006 -0.81087
7   7  10  160000   7.8851 53:30:10 -1.61829671167E+05 -1.61485192141E+05  0.04208  0.04096  0.01666  0.21486  0.33534  0.27961  0.36063 -0.07838 -0.27006 -0.16235 -0.65932 -0.89373 -0.75006 -0.81087
7   7  11  169593   5.2000 54:30:10 -1.61618575675E+05 -1.61186745439E+05  0.09612  0.02501  0.03925  0.02762  0.33474  0.27897  0.36006 -0.38998 -0.24612 -0.08717 -0.16508 -0.89373 -0.75006 -0.81087
7   7  11  180000   6.3728 55:30:10 -1.61587875873E+05 -1.61186745439E+05  0.04015  0.03669  0.01921  0.21516  0.33559  0.27988  0.36087 -0.08625 -0.26826 -0.15860 -0.65932 -0.89373 -0.75006 -0.81087
7   7  12  192539   3.3000 56:30:10 -1.61895476396E+05 -1.61186745439E+05  0.04487  0.03168  0.02406  0.14262  0.33554  0.27982  0.36082 -0.09874 -0.25989 -0.17568 -0.26293 -0.89373 -0.75006 -0.81087
7   7  12  196000   3.5817 57:30:10 -1.61722323628E+05 -1.61186745439E+05  0.04482  0.03519  0.02069  0.14257  0.36078  0.33550  0.27978 -0.09874 -0.26374 -0.17238 -0.26293 -0.81087 -0.89373 -0.75006
7   7  13  204733   2.6000 57:30:10 -1.61677449070E+05 -1.61186745439E+05  0.05885  0.03454  0.14574  0.06635  0.33795  0.28244  0.00880 -0.09251 -0.26023 -0.26293 -0.15562 -0.89373 -0.75006 -0.23082
7   7  13  220000   3.5319 59:30:10 -1.61511134236E+05 -1.61186745439E+05  0.05772  0.02861  0.14208  0.02275  0.33512  0.27937  0.36042 -0.08408 -0.25707 -0.26293 -0.17037 -0.89373 -0.75006 -0.81087
7   7  14  227168   3.4000 00:31:10 -1.61544698882E+05 -1.61186745439E+05  0.04497  0.03465  0.02064  0.14271  0.33560  0.27989  0.36088 -0.09874 -0.26637 -0.17241 -0.26293 -0.89373 -0.75006 -0.81087
7   7  14  240000   3.5210 01:31:10 -1.61329275012E+05 -1.61186745439E+05  0.05933  0.03568  0.14617  0.01485  0.05422  0.33829  0.28280 -0.09251 -0.25989 -0.26293 -0.24646 -0.15470 -0.89373 -0.75006
7   7  15  243694   1.1000 01:31:10 -1.61245488541E+05 -1.61186745439E+05  0.05933  0.03568  0.14617  0.01485  0.05422  0.33829  0.28280 -0.09251 -0.25989 -0.26293 -0.24646 -0.15470 -0.89373 -0.75006
7   7  15  260000   2.5583 03:31:10 -1.61466593220E+05 -1.61154150341E+05  0.04001  0.03129 -0.00005  0.06257  0.33527  0.27953  0.36056 -0.08717 -0.25989 -0.24060 -0.15562 -0.89373 -0.75006 -0.81087
7   7  16  271587   2.0000 04:31:10 -1.61177500528E+05 -1.61154150341E+05  0.03874  0.02696  0.00793  0.05193  0.33516  0.27942  0.36046 -0.09079 -0.24399 -0.21628 -0.16862 -0.89373 -0.75006 -0.81087
7   7  16  280000   2.1454 05:31:10 -1.61314616611E+05 -1.61154150341E+05  0.03993  0.02875  0.00290  0.06250  0.33522  0.27948  0.36052 -0.08717 -0.25707 -0.24574 -0.15562 -0.89373 -0.75006 -0.81087
7   7  17  300000   2.0940 07:31:10 -1.61314771124E+05 -1.61154150341E+05  0.04185  0.03996 -0.01466  0.05907  0.33655  0.28092  0.15811 -0.08717 -0.26756 -0.24447 -0.15539 -0.89373 -0.75006 -0.34659
7   7  18  303328   1.4000 07:31:10 -1.61308287411E+05 -1.61154150341E+05  0.04185  0.03996 -0.01466  0.05907  0.33655  0.28092  0.15811 -0.08717 -0.26756 -0.24447 -0.15539 -0.89373 -0.75006 -0.34659
7   7  18  320000   1.0438 09:31:10 -1.61259575036E+05 -1.61154150341E+05  0.03993  0.02875  0.00290  0.06250  0.33522  0.27948  0.36052 -0.08717 -0.25707 -0.24574 -0.15562 -0.89373 -0.75006 -0.81087
7   7  19  326408   1.5000 09:31:10 -1.61177500528E+05 -1.61154150341E+05  0.03993  0.02875  0.00290  0.06250  0.33522  0.27948  0.36052 -0.08717 -0.25707 -0.24574 -0.15562 -0.89373 -0.75006 -0.81087
7   7  19  344000   1.1908 11:31:10 -1.61235379434E+05 -1.61154150341E+05  0.03993  0.02875  0.00290  0.06250  0.33522  0.27948  0.36052 -0.08717 -0.25707 -0.24574 -0.15562 -0.89373 -0.75006 -0.81087
7   7  20  348845   0.8000 11:31:10 -1.61154150341E+05 -1.61154150341E+05  0.04055  0.04140 -0.01138  0.06310  0.33565  0.27994  0.36092 -0.08717 -0.27006 -0.22608 -0.15562 -0.89373 -0.75006 -0.81087
7   7  20  364000   0.7899 13:31:10 -1.61154150341E+05 -1.61154150341E+05  0.03993  0.02875  0.00290  0.06250  0.33522  0.27948  0.36052 -0.08717 -0.25707 -0.24574 -0.15562 -0.89373 -0.75006 -0.81087
7   7  21  371970   0.6000 13:31:10 -1.61154150341E+05 -1.61154150341E+05  0.03993  0.02875  0.00290  0.06250  0.33522  0.27948  0.36052 -0.08717 -0.25707 -0.24574 -0.15562 -0.89373 -0.75006 -0.81087
7   7  21  388000   0.5986 15:31:10 -1.61192999688E+05 -1.61154150341E+05  0.03993  0.02875  0.00290  0.06250  0.33522  0.27948  0.36052 -0.08717 -0.25707 -0.24574 -0.15562 -0.89373 -0.75006 -0.81087
7   7  22  395162   0.8000 16:31:10 -1.61154150341E+05 -1.61154150341E+05  0.04001  0.03129 -0.00005  0.06257  0.33527  0.27953  0.36056 -0.08717 -0.25989 -0.24060 -0.15562 -0.89373 -0.75006 -0.81087
7   7  23  403947   0.9000 16:31:10 -1.61154150341E+05 -1.61154150341E+05  0.04043  0.03528  0.00342  0.05100  0.33556  0.27985  0.36085 -0.08717 -0.26374 -0.24574 -0.15228 -0.89373 -0.75006 -0.81087
7   7  23  408000   0.5211 17:31:10 -1.61154150341E+05 -1.61154150341E+05  0.03993  0.02875  0.00290  0.06250  0.33522  0.27948  0.36052 -0.08717 -0.25707 -0.24574 -0.15562 -0.89373 -0.75006 -0.81087
7   7  24  427250   0.2000 19:31:10 -1.61154150341E+05 -1.61154150341E+05  0.03993  0.02875  0.00290  0.06250  0.33522  0.27948  0.36052 -0.08717 -0.25707 -0.24574 -0.15562 -0.89373 -0.75006 -0.81087
7   7  24  428000   0.1624 19:31:10 -1.61177500528E+05 -1.61154150341E+05  0.03993  0.02875  0.00290  0.06250  0.33522  0.27948  0.36052 -0.08717 -0.25707 -0.24574 -0.15562 -0.89373 -0.75006 -0.81087
7   7  24  448000   0.2463 21:31:10 -1.61154150341E+05 -1.61154150341E+05  0.03993  0.02875  0.00290  0.06250  0.33522  0.27948  0.36052 -0.08717 -0.25707 -0.24574 -0.15562 -0.89373 -0.75006 -0.81087
7   7  25  450738   0.7000 21:31:10 -1.61177500528E+05 -1.61154150341E+05  0.03993  0.02875  0.00290  0.06250  0.33522  0.27948  0.36052 -0.08717 -0.25707 -0.24574 -0.15562 -0.89373 -0.75006 -0.81087
7   7  26  467032   0.0000 22:31:10 -1.61154150341E+05 -1.61154150341E+05  0.03993  0.02875  0.00290  0.06250  0.33522  0.27948  0.36052 -0.08717 -0.25707 -0.24574 -0.15562 -0.89373 -0.75006 -0.81087
7   7  27  467914   0.0000 22:31:10 -1.61154150341E+05 -1.61154150341E+05  0.03993  0.02875  0.00290  0.06250  0.33522  0.27948  0.36052 -0.08717 -0.25707 -0.24574 -0.15562 -0.89373 -0.75006 -0.81087
7   7  28  468808   0.0000 22:31:10 -1.61154150341E+05 -1.61154150341E+05  0.03993  0.02875  0.00290  0.06250  0.33522  0.27948  0.36052 -0.08717 -0.25707 -0.24574 -0.15562 -0.89373 -0.75006 -0.81087
7   7  29  469714   0.0000 23:31:10 -1.61154150341E+05 -1.61154150341E+05  0.03993  0.02875  0.00290  0.06250  0.33522  0.27948  0.36052 -0.08717 -0.25707 -0.24574 -0.15562 -0.89373 -0.75006 -0.81087
7   7  30  470596   0.0000 23:31:10 -1.61154150341E+05 -1.61154150341E+05  0.03993  0.02875  0.00290  0.06250  0.33522  0.27948  0.36052 -0.08717 -0.25707 -0.24574 -0.15562 -0.89373 -0.75006 -0.81087
7   7  31  471498   0.0000 23:31:10 -1.61154150341E+05 -1.61154150341E+05  0.03993  0.02875  0.00290  0.06250  0.33522  0.27948  0.36052 -0.08717 -0.25707 -0.24574 -0.15562 -0.89373 -0.75006 -0.81087
7   7 200  471500   0.0000 23:31:10 -1.61154150341E+05 -1.61154150341E+05  0.03993  0.02875  0.00290  0.06250  0.33522  0.27948  0.36052 -0.08717 -0.25707 -0.24574 -0.15562 -0.89373 -0.75006 -0.81087
