K Run Tem Iterate    Move%     Time        CurrentLogL           BestLogL     Fst1     Fst2     Fst3     Fst4     Fst5     Fst6     Fst7     Fis1     Fis2     Fis3     Fis4     Fis5     Fis6     Fis7
7   3   1       0   1.0000 09:27:10 -1.72615073391E+05 -1.72615073391E+05  0.00425  0.00517  0.00604 -0.00675 -0.01283  0.00210 -0.00230 -0.14706 -0.18983 -0.15851 -0.15364 -0.17347 -0.14858 -0.17836
7   3   1     100   0.9804 09:27:10 -1.72363134108E+05 -1.72363134108E+05  0.00425  0.00517  0.00604 -0.00675 -0.01283  0.00210 -0.00230 -0.14706 -0.18983 -0.15851 -0.15364 -0.17347 -0.14858 -0.17836
7   3   1     200  30.5419 09:27:10 -1.67233630976E+05 -1.67233630976E+05  0.00210  0.00517 -0.00230  0.00604 -0.00675 -0.01283  0.00425 -0.14858 -0.18983 -0.17836 -0.15851 -0.15364 -0.17347 -0.14706
7   3   1     400  36.4764 09:27:10 -1.65972108154E+05 -1.65972108154E+05 -0.00675  0.00604 -0.01283  0.00425  0.00517 -0.00230  0.00210 -0.15364 -0.15851 -0.17347 -0.14706 -0.18983 -0.17836 -0.14858
7   3   1     800  37.9826 09:27:10 -1.64732550274E+05 -1.63736663083E+05  0.00604  0.00210  0.00517  0.00425 -0.00675 -0.00230 -0.01283 -0.15851 -0.14858 -0.18983 -0.14706 -0.15364 -0.17836 -0.17347
7   3   1    1600  39.7380 09:27:10 -1.65218099066E+05 -1.63736663083E+05 -0.01283 -0.00675  0.00210  0.00517 -0.00230  0.00425  0.00604 -0.17347 -0.15364 -0.14858 -0.18983 -0.17836 -0.14706 -0.15851
7   3   2    3200  47.7860 10:27:10 -1.66285691943E+05 -1.63736663083E+05  0.00425 -0.01283  0.00604  0.00517 -0.00230 -0.00675  0.00210 -0.14706 -0.17347 -0.15851 -0.18983 -0.17836 -0.15364 -0.14858
7   3   3    6400  51.1463 10:27:10 -1.65628552625E+05 -1.63736663083E+05 -0.01283  0.00210  0.00517 -0.00230  0.00604 -0.00675  0.00425 -0.17347 -0.14858 -0.18983 -0.17836 -0.15851 -0.15364 -0.14706
7   3   5   12800  37.0124 11:27:10 -1.66913152375E+05 -1.63456381039E+05  1.00000  0.27054  0.32697 -0.01060 -0.00962  1.00000  1.00000  0.00000 -0.75006 -0.89373 -0.19213 -0.13833  0.00000  0.00000
7   3   5   16000  36.7369 11:27:10 -1.68661948858E+05 -1.63456381039E+05 -0.00003 -0.02479  0.32460  1.00000  1.00000  1.00000  1.00000 -0.10507 -0.18577 -0.89373  0.00000  0.00000  0.00000  0.00000
7   3   5   25600  38.6909 12:27:10 -1.70542857759E+05 -1.63456381039E+05  0.00238  0.02089  1.00000  1.00000  1.00000  1.00000  1.00000 -0.19261 -0.17750  0.00000  0.00000  0.00000  0.00000  0.00000
7   3   6   32000  34.4563 13:27:10 -1.69478424673E+05 -1.63456381039E+05  0.00683 -0.01549 -0.04208  1.00000  0.34014  0.35567  1.00000 -0.17212 -0.18516 -0.15526  0.00000 -0.90370 -0.81087  0.00000
7   3   6   51200  27.1464 14:27:10 -1.65030892588E+05 -1.62645850342E+05  1.00000  0.00096  0.33290  0.27696  0.35828  0.01274  0.13922  0.00000 -0.21864 -0.89373 -0.75006 -0.81087 -0.11797 -0.26293
7   3   6   52000  26.9876 15:27:10 -1.63706661774E+05 -1.62634309032E+05  1.00000  0.00096  0.13922  0.33290  0.27696  0.35828  0.01274  0.00000 -0.21864 -0.26293 -0.89373 -0.75006 -0.81087 -0.11797
7   3   7   72000  17.7920 17:27:10 -1.63037650315E+05 -1.62322972658E+05  1.00000 -0.00664  0.00057  0.32739  0.27099  0.35298  1.00000  0.00000 -0.20112 -0.15153 -0.89373 -0.75006 -0.81087  0.00000
7   3   8   92000  12.0602 19:27:10 -1.62483743094E+05 -1.61763231301E+05  0.01481  0.01269  1.00000  0.14176  0.33487  0.27910  0.12692 -0.22250 -0.14273  0.00000 -0.26293 -0.89373 -0.75006 -0.32797
7   3   8  102400  13.1313 20:27:10 -1.63102825567E+05 -1.61730884795E+05  1.00000  0.00286  0.32854  0.27224  0.14795  1.00000  0.00359  0.00000 -0.22601 -0.89373 -0.75006 -0.34659  0.00000 -0.13184
7   3   9  115337  15.2000 21:27:10 -1.62955433727E+05 -1.61601211495E+05  0.01898  0.05034  0.14249  0.33543  0.27971  0.02245  0.36072 -0.22965 -0.10518 -0.26293 -0.89373 -0.75006 -0.17234 -0.81087
7   3   9  116000  12.3981 21:27:10 -1.62931742612E+05 -1.61601211495E+05  0.14249  0.01898  0.02245  0.33543  0.27971  0.36072  0.05034 -0.26293 -0.22965 -0.17234 -0.89373 -0.75006 -0.81087 -0.10518
7   3   9  136000  11.0347 23:27:10 -1.62442177728E+05 -1.61328767435E+05  0.01399  0.01566  0.02219  1.00000  0.33361  0.27774  0.35897 -0.09815 -0.22917 -0.16268  0.00000 -0.89373 -0.75006 -0.81087
7   3  10  144519   7.8000 24:27:10 -1.61911569639E+05 -1.61328767435E+05  0.03923  0.04313  0.01224  0.33554  0.27983  0.36083  0.21510 -0.08016 -0.25230 -0.16470 -0.89373 -0.75006 -0.81087 -0.65932
7   3  10  156000   9.5650 25:27:10 -1.62529831824E+05 -1.61328767435E+05  0.05847  0.02841  0.02184  0.14420  0.33676  0.28115  0.10558 -0.09865 -0.25187 -0.16632 -0.26293 -0.89373 -0.75006 -0.26873
7   3  11  176000   7.6162 27:27:10 -1.61732244164E+05 -1.61178512136E+05  0.05534  0.03094  0.14255  0.02148  0.33548  0.27976  0.36077 -0.09251 -0.26023 -0.26293 -0.17272 -0.89373 -0.75006 -0.81087
7   3  12  184304   8.3000 27:27:10 -1.61818594127E+05 -1.61178512136E+05  0.04671  0.03514  0.14253  0.01788  0.33546  0.27975  0.36075 -0.08333 -0.26374 -0.26293 -0.17505 -0.89373 -0.75006 -0.81087
7   3  12  196000   7.0971 29:27:10 -1.61507012170E+05 -1.61178512136E+05  0.03951  0.03436  0.02467  0.09636  0.33493  0.27916  0.36023 -0.08717 -0.26374 -0.16368 -0.38998 -0.89373 -0.75006 -0.81087
7   3  13  198435   5.1000 29:27:10 -1.61423928776E+05 -1.61178512136E+05  0.03951  0.03436  0.36023  0.02467  0.09636  0.33493  0.27916 -0.08717 -0.26374 -0.81087 -0.16368 -0.38998 -0.89373 -0.75006
7   3  13  220000   5.3081 31:27:10 -1.61713418160E+05 -1.61178512136E+05  0.03278  0.03813  0.00078  0.05434  0.33541  0.27969  0.36070 -0.09191 -0.27046 -0.22469 -0.14866 -0.89373 -0.75006 -0.81087
7   3  14  221136   3.5000 31:27:10 -1.61797530175E+05 -1.61178512136E+05  0.03278  0.00078  0.03813  0.36070  0.05434  0.33541  0.27969 -0.09191 -0.22469 -0.27046 -0.81087 -0.14866 -0.89373 -0.75006
7   3  15  236961   3.6000 32:27:10 -1.61442626997E+05 -1.61178512136E+05  0.05592  0.03219  0.14308  0.15727  0.02343  0.33589  0.28020 -0.09251 -0.25989 -0.26293 -0.34659 -0.17788 -0.89373 -0.75006
7   3  15  240000   2.5630 33:27:10 -1.61329275012E+05 -1.61178512136E+05  0.05879  0.03268  0.14568  0.01450  0.06629  0.33791  0.28239 -0.09251 -0.25707 -0.26293 -0.23986 -0.15562 -0.89373 -0.75006
7   3  16  259775   1.9000 35:27:10 -1.61562760526E+05 -1.61178512136E+05  0.05850  0.03238  0.14542  0.07105  0.33770  0.28217  0.01214 -0.09251 -0.25707 -0.26293 -0.15782 -0.89373 -0.75006 -0.22938
7   3  16  260000   1.9794 35:27:10 -1.61655095394E+05 -1.61178512136E+05  0.05850  0.03238  0.07105  0.14542  0.33770  0.28217  0.01214 -0.09251 -0.25707 -0.15782 -0.26293 -0.89373 -0.75006 -0.22938
7   3  17  280000   2.0584 37:27:10 -1.61400931621E+05 -1.61178512136E+05  0.05879  0.03268  0.14568  0.06629  0.01450  0.33791  0.28239 -0.09251 -0.25707 -0.26293 -0.15562 -0.23986 -0.89373 -0.75006
7   3  18  300471   1.4000 38:27:10 -1.61245488541E+05 -1.61178512136E+05  0.04643  0.03579  0.14616  0.01505  0.06682  0.33828  0.28279 -0.09574 -0.26302 -0.26293 -0.23986 -0.15562 -0.89373 -0.75006
7   3  18  304000   1.8816 39:27:10 -1.61277619008E+05 -1.61178512136E+05  0.04643  0.03579  0.14616  0.01505  0.06682  0.33828  0.28279 -0.09574 -0.26302 -0.26293 -0.23986 -0.15562 -0.89373 -0.75006
7   3  19  320336   1.3000 40:27:10 -1.61272116808E+05 -1.61178512136E+05  0.05879  0.03268  0.14568  0.01450  0.06629  0.33791  0.28239 -0.09251 -0.25707 -0.26293 -0.23986 -0.15562 -0.89373 -0.75006
7   3  19  324000   1.0349 41:27:10 -1.61245488541E+05 -1.61178512136E+05  0.05879  0.03268  0.14568  0.01450  0.06629  0.33791  0.28239 -0.09251 -0.25707 -0.26293 -0.23986 -0.15562 -0.89373 -0.75006
7   3  20  343598   0.7000 42:27:10 -1.61334188647E+05 -1.61178512136E+05  0.05915  0.03305  0.06076  0.14601  0.01520  0.33816  0.28267 -0.09251 -0.25707 -0.15380 -0.26293 -0.24698 -0.89373 -0.75006
7   3  20  348000   0.5470 43:27:10 -1.61371328153E+05 -1.61178512136E+05  0.05879  0.03268  0.14568  0.01450  0.06629  0.33791  0.28239 -0.09251 -0.25707 -0.26293 -0.23986 -0.15562 -0.89373 -0.75006
7   3  21  366796   1.0000 44:27:10 -1.61283996421E+05 -1.61178512136E+05  0.05879  0.03268  0.14568  0.01450  0.06629  0.33791  0.28239 -0.09251 -0.25707 -0.26293 -0.23986 -0.15562 -0.89373 -0.75006
7   3  21  368000   1.0067 45:27:10 -1.61245488541E+05 -1.61178512136E+05  0.05879  0.03268  0.14568  0.01450  0.06629  0.33791  0.28239 -0.09251 -0.25707 -0.26293 -0.23986 -0.15562 -0.89373 -0.75006
7   3  22  375577   0.6000 45:27:10 -1.61245455782E+05 -1.61178512136E+05  0.05879  0.03268  0.14568  0.01450  0.06629  0.33791  0.28239 -0.09251 -0.25707 -0.26293 -0.23986 -0.15562 -0.89373 -0.75006
7   3  22  388000   0.5087 47:27:10 -1.61245488541E+05 -1.61178512136E+05  0.05879  0.03268  0.14568  0.01450  0.06629  0.33791  0.28239 -0.09251 -0.25707 -0.26293 -0.23986 -0.15562 -0.89373 -0.75006
7   3  23  398906   0.3000 48:27:10 -1.61245488541E+05 -1.61178512136E+05  0.05879  0.03268  0.14568  0.01450  0.06629  0.33791  0.28239 -0.09251 -0.25707 -0.26293 -0.23986 -0.15562 -0.89373 -0.75006
7   3  23  412000   0.4030 49:27:10 -1.61321651014E+05 -1.61178512136E+05  0.05918  0.03908  0.14604  0.01491  0.05474  0.33818  0.28269 -0.09251 -0.26374 -0.26293 -0.23986 -0.15228 -0.89373 -0.75006
7   3  24  422247   0.3000 50:27:10 -1.61245488541E+05 -1.61178512136E+05  0.05850  0.03238  0.14542  0.01214  0.07105  0.33770  0.28217 -0.09251 -0.25707 -0.26293 -0.22938 -0.15782 -0.89373 -0.75006
7   3  24  432000   0.3806 51:27:10 -1.61277143600E+05 -1.61178512136E+05  0.05946  0.03593  0.05284  0.01520  0.06696  0.33838  0.28290 -0.09251 -0.26302 -0.16884 -0.23986 -0.15562 -0.89373 -0.75006
7   3 200  433232   0.0000 51:27:10 -1.61178512136E+05 -1.61178512136E+05  0.05946  0.05284  0.03593  0.06696  0.33838  0.28290  0.01520 -0.09251 -0.16884 -0.26302 -0.15562 -0.89373 -0.75006 -0.23986
