K Run Tem Iterate    Move%     Time        CurrentLogL           BestLogL     Fst1     Fst2     Fst3     Fst4     Fst5     Fst6     Fis1     Fis2     Fis3     Fis4     Fis5     Fis6
6   9   1       0   1.0000 21:24:10 -1.71509854690E+05 -1.71509854690E+05 -0.01013  0.00800  0.00779 -0.00275 -0.01535 -0.00842 -0.13259 -0.15555 -0.12351 -0.15835 -0.20971 -0.18835
6   9   1     100   1.9608 21:24:10 -1.71240907691E+05 -1.71240907691E+05  0.00779  0.00800 -0.00275 -0.01535 -0.00842 -0.01013 -0.12351 -0.15555 -0.15835 -0.20971 -0.18835 -0.13259
6   9   1     200  29.2079 21:24:10 -1.67747170727E+05 -1.67431756708E+05  0.00800 -0.00275 -0.01013 -0.00842 -0.01535  0.00779 -0.15555 -0.15835 -0.13259 -0.18835 -0.20971 -0.12351
6   9   1     400  39.0547 21:24:10 -1.65597944959E+05 -1.64611613312E+05  0.00779  0.00800 -0.00275 -0.01013 -0.00842 -0.01535 -0.12351 -0.15555 -0.15835 -0.13259 -0.18835 -0.20971
6   9   1     800  41.6459 21:24:10 -1.65619586685E+05 -1.64018805703E+05  0.00800 -0.00275 -0.01013  0.00779 -0.01535 -0.00842 -0.15555 -0.15835 -0.13259 -0.12351 -0.20971 -0.18835
6   9   1    1600  43.0712 21:24:10 -1.62704314708E+05 -1.62175920222E+05  0.00779 -0.00275  0.00800 -0.01013 -0.00842 -0.01535 -0.12351 -0.15835 -0.15555 -0.13259 -0.18835 -0.20971
6   9   1    3200  44.8470 22:24:10 -1.66451180305E+05 -1.62175920222E+05 -0.00275 -0.01013 -0.00842  0.00779  0.00800 -0.01535 -0.15835 -0.13259 -0.18835 -0.12351 -0.15555 -0.20971
6   9   3    6400  42.6443 22:24:10 -1.63719193865E+05 -1.62175920222E+05  0.01532  0.00970  0.33780  0.28228 -0.02151  0.01251 -0.14021 -0.19487 -0.89373 -0.75006 -0.18989 -0.08688
6   9   4   12800  31.0469 23:24:10 -1.68134994423E+05 -1.62175920222E+05  0.27610  0.00095  0.00868  1.00000  0.13819  1.00000 -0.75006 -0.21815 -0.13778  0.00000 -0.26293  0.00000
6   9   4   16000  36.9363 23:24:10 -1.67010522991E+05 -1.62175920222E+05  0.00095  0.27610  0.00868  0.13819  1.00000  1.00000 -0.21815 -0.75006 -0.13778 -0.26293  0.00000  0.00000
6   9   5   25600  30.8691 24:24:10 -1.64064461287E+05 -1.62175920222E+05 -0.00670 -0.01154  0.35207  1.00000  1.00000  1.00000 -0.21250 -0.17140 -0.81087  0.00000  0.00000  0.00000
6   9   5   36000  26.6134 25:24:10 -1.63741756042E+05 -1.61281060702E+05 -0.00424 -0.00458  0.32760  0.27122  1.00000  0.35318 -0.15504 -0.18324 -0.89373 -0.75006  0.00000 -0.81087
6   9   6   51200  19.1364 26:24:10 -1.62324758801E+05 -1.60231898092E+05  0.00333  1.00000  0.32756  0.27117  0.35314  0.00394 -0.23984  0.00000 -0.89373 -0.75006 -0.81087 -0.13696
6   9   6   56000  19.1010 27:24:10 -1.62327576307E+05 -1.60231898092E+05 -0.00144 -0.00286  0.32799  0.27165  0.35356  1.00000 -0.12012 -0.23933 -0.89373 -0.75006 -0.81087  0.00000
6   9   8   76000   8.7830 29:24:10 -1.60828490159E+05 -1.60198333446E+05  0.03464  0.00136  0.02284  0.33346  0.27758  0.35883 -0.09199 -0.21196 -0.14650 -0.89373 -0.75006 -0.81087
6   9   9  100000   7.4736 31:24:10 -1.60733282166E+05 -1.60198333446E+05  0.03826  0.02311  0.01579  0.33302  0.27709  0.35840 -0.08166 -0.25166 -0.16775 -0.89373 -0.75006 -0.81087
6   9   9  102400   7.5356 31:24:10 -1.60886791010E+05 -1.60198333446E+05  0.03826  0.01579  0.02311  0.33302  0.27709  0.35840 -0.08166 -0.16775 -0.25166 -0.89373 -0.75006 -0.81087
6   9  10  120000   6.0123 33:24:10 -1.60868267582E+05 -1.60198333446E+05  0.03695  0.03506  0.01498  0.33316  0.27724  0.35853 -0.08717 -0.26756 -0.17391 -0.89373 -0.75006 -0.81087
6   9  11  123883   4.3000 33:24:10 -1.60198333446E+05 -1.60198333446E+05  0.03695  0.03506  0.01498  0.33316  0.27724  0.35853 -0.08717 -0.26756 -0.17391 -0.89373 -0.75006 -0.81087
6   9  11  140000   5.4909 35:24:10 -1.60317111069E+05 -1.59964342810E+05  0.04177  0.02719  0.04602  0.04082  0.33649  0.28086 -0.08717 -0.25039 -0.25259 -0.17392 -0.89373 -0.75006
6   9  12  144297   3.8000 35:24:10 -1.60456892143E+05 -1.59964342810E+05  0.03656  0.03218  0.01421  0.33343  0.27754  0.35879 -0.09121 -0.26374 -0.15973 -0.89373 -0.75006 -0.81087
6   9  13  157152   3.0000 36:24:10 -1.60448238034E+05 -1.59964342810E+05  0.03694  0.02820  0.01977  0.33315  0.27724  0.35852 -0.08717 -0.25989 -0.17577 -0.89373 -0.75006 -0.81087
6   9  13  160000   2.9732 37:24:10 -1.60220625248E+05 -1.59964342810E+05  0.03607  0.02598  0.02045  0.33332  0.27742  0.35869 -0.09079 -0.25707 -0.16683 -0.89373 -0.75006 -0.81087
6   9  14  177102   1.4000 38:24:10 -1.60259566451E+05 -1.59964342810E+05  0.03664  0.01661  0.02794  0.33294  0.27701  0.35832 -0.08717 -0.25760 -0.16701 -0.89373 -0.75006 -0.81087
6   9  14  180000   2.1764 39:24:10 -1.60317025346E+05 -1.59964342810E+05  0.03694  0.02820  0.01977  0.33315  0.27724  0.35852 -0.08717 -0.25989 -0.17577 -0.89373 -0.75006 -0.81087
6   9  15  200000   2.3255 41:24:10 -1.60359689644E+05 -1.59932687751E+05  0.04164  0.03048  0.05887  0.33640  0.28076  0.01402 -0.08717 -0.25707 -0.15539 -0.89373 -0.75006 -0.24759
6   9  16  205873   2.3000 41:24:10 -1.59964818217E+05 -1.59932687751E+05  0.04105  0.02988  0.01561  0.05733  0.33599  0.28032 -0.08717 -0.25707 -0.22268 -0.16612 -0.89373 -0.75006
6   9  17  215717   1.9000 42:24:10 -1.60021387857E+05 -1.59932687751E+05  0.04166  0.03050  0.05017  0.02269  0.33641  0.28078 -0.08717 -0.25707 -0.16342 -0.24267 -0.89373 -0.75006
6   9  17  224000   1.5268 43:24:10 -1.59969372552E+05 -1.59932687751E+05  0.04081  0.02964  0.00935  0.06842  0.33583  0.28014 -0.08717 -0.25707 -0.22938 -0.15782 -0.89373 -0.75006
6   9  18  236237   1.6000 44:24:10 -1.59979551012E+05 -1.59932687751E+05  0.04166  0.03050  0.02269  0.05017  0.33641  0.28078 -0.08717 -0.25707 -0.24267 -0.16342 -0.89373 -0.75006
6   9  18  240000   1.7339 45:24:10 -1.59964818217E+05 -1.59932687751E+05  0.04146  0.03957 -0.00057  0.06399  0.33628  0.28062 -0.08717 -0.26756 -0.22560 -0.15562 -0.89373 -0.75006
6   9  19  247898   1.3000 45:24:10 -1.59932687751E+05 -1.59932687751E+05  0.04207  0.03091  0.01471  0.05381  0.33670  0.28108 -0.08717 -0.25707 -0.25618 -0.15329 -0.89373 -0.75006
6   9  19  260000   0.9028 47:24:10 -1.59932687751E+05 -1.59932687751E+05  0.03402  0.03286  0.01206  0.06398  0.33627  0.28061 -0.09191 -0.26302 -0.23986 -0.15562 -0.89373 -0.75006
6   9  20  268525   1.4000 47:24:10 -1.59996937907E+05 -1.59932687751E+05  0.04119  0.03003  0.01180  0.06373  0.33609  0.28042 -0.08717 -0.25707 -0.23986 -0.15562 -0.89373 -0.75006
6   9  20  280000   0.9395 49:24:10 -1.59992660784E+05 -1.59932687751E+05  0.04164  0.03048  0.01402  0.05887  0.33640  0.28076 -0.08717 -0.25707 -0.24759 -0.15539 -0.89373 -0.75006
6   9  21  282703   0.4000 49:24:10 -1.59964818217E+05 -1.59932687751E+05  0.04119  0.03003  0.01180  0.06373  0.33609  0.28042 -0.08717 -0.25707 -0.23986 -0.15562 -0.89373 -0.75006
6   9  21  300000   0.4460 51:24:10 -1.59932687751E+05 -1.59932687751E+05  0.04119  0.03003  0.01180  0.06373  0.33609  0.28042 -0.08717 -0.25707 -0.23986 -0.15562 -0.89373 -0.75006
6   9  22  320000   0.3923 53:24:10 -1.59932687751E+05 -1.59932687751E+05  0.04119  0.03003  0.01180  0.06373  0.33609  0.28042 -0.08717 -0.25707 -0.23986 -0.15562 -0.89373 -0.75006
6   9  23  323997   0.3000 53:24:10 -1.59932687751E+05 -1.59932687751E+05  0.04164  0.03048  0.01402  0.05887  0.33640  0.28076 -0.08717 -0.25707 -0.24759 -0.15539 -0.89373 -0.75006
6   9  24  332702   0.2000 54:24:10 -1.59932687751E+05 -1.59932687751E+05  0.04119  0.03003  0.01180  0.06373  0.33609  0.28042 -0.08717 -0.25707 -0.23986 -0.15562 -0.89373 -0.75006
6   9  25  336200   0.2000 54:24:10 -1.59932687751E+05 -1.59932687751E+05  0.04119  0.03003  0.01180  0.06373  0.33609  0.28042 -0.08717 -0.25707 -0.23986 -0.15562 -0.89373 -0.75006
6   9  27  339744   0.0000 55:24:10 -1.59932687751E+05 -1.59932687751E+05  0.04119  0.03003  0.01180  0.06373  0.33609  0.28042 -0.08717 -0.25707 -0.23986 -0.15562 -0.89373 -0.75006
6   9  28  340000   0.3460 55:24:10 -1.59964342810E+05 -1.59932687751E+05  0.04119  0.03003  0.01180  0.06373  0.33609  0.28042 -0.08717 -0.25707 -0.23986 -0.15562 -0.89373 -0.75006
6   9  28  340636   0.2000 55:24:10 -1.59932687751E+05 -1.59932687751E+05  0.04119  0.03003  0.01180  0.06373  0.33609  0.28042 -0.08717 -0.25707 -0.23986 -0.15562 -0.89373 -0.75006
6   9  29  342388   0.0000 55:24:10 -1.59932687751E+05 -1.59932687751E+05  0.04119  0.03003  0.01180  0.06373  0.33609  0.28042 -0.08717 -0.25707 -0.23986 -0.15562 -0.89373 -0.75006
6   9  31  344169   0.0000 55:24:10 -1.59932687751E+05 -1.59932687751E+05  0.04119  0.03003  0.01180  0.06373  0.33609  0.28042 -0.08717 -0.25707 -0.23986 -0.15562 -0.89373 -0.75006
6   9  32  345063   0.0000 55:24:10 -1.59932687751E+05 -1.59932687751E+05  0.04119  0.03003  0.01180  0.06373  0.33609  0.28042 -0.08717 -0.25707 -0.23986 -0.15562 -0.89373 -0.75006
6   9  33  345955   0.0000 55:24:10 -1.59932687751E+05 -1.59932687751E+05  0.04119  0.03003  0.01180  0.06373  0.33609  0.28042 -0.08717 -0.25707 -0.23986 -0.15562 -0.89373 -0.75006
6   9 200  345957   0.0000 55:24:10 -1.59932687751E+05 -1.59932687751E+05  0.04119  0.03003  0.01180  0.06373  0.33609  0.28042 -0.08717 -0.25707 -0.23986 -0.15562 -0.89373 -0.75006
