K Run Tem Iterate    Move%     Time        CurrentLogL           BestLogL     Fst1     Fst2     Fst3     Fst4     Fst5     Fis1     Fis2     Fis3     Fis4     Fis5
5   2   1       0   1.0000 58:15:10 -1.68476061564E+05 -1.68476061564E+05  0.00755  0.00377  0.01882 -0.00888  0.01260 -0.11268 -0.17981 -0.22374 -0.15992 -0.19228
5   2   1     100   0.9804 58:15:10 -1.68396611085E+05 -1.68396611085E+05  0.00755  0.00377  0.01882 -0.00888  0.01260 -0.11268 -0.17981 -0.22374 -0.15992 -0.19228
5   2   1     200  27.1845 58:15:10 -1.64139189748E+05 -1.64139189748E+05  0.00377  0.01882  0.00755 -0.00888  0.01260 -0.17981 -0.22374 -0.11268 -0.15992 -0.19228
5   2   1     400  28.5714 58:15:10 -1.61852357442E+05 -1.61852357442E+05 -0.00888  0.00755  0.00377  0.01882  0.01260 -0.15992 -0.11268 -0.17981 -0.22374 -0.19228
5   2   1     800  34.3672 58:15:10 -1.62999794198E+05 -1.61025037947E+05  0.00377  0.00755 -0.00888  0.01882  0.01260 -0.17981 -0.11268 -0.15992 -0.22374 -0.19228
5   2   1    1600  43.3998 58:15:10 -1.64567941645E+05 -1.61025037947E+05  0.00377  0.01882  0.00755  0.01260 -0.00888 -0.17981 -0.22374 -0.11268 -0.19228 -0.15992
5   2   2    3200  52.9650 58:15:10 -1.63826248937E+05 -1.61025037947E+05 -0.00888  0.00377  0.01882  0.01260  0.00755 -0.15992 -0.17981 -0.22374 -0.19228 -0.11268
5   2   3    6400  37.6691 59:15:10 -1.62552773970E+05 -1.60799091726E+05 -0.02258 -0.00216  0.02530  0.01226  0.27908 -0.17079 -0.18184 -0.16606 -0.12327 -0.75006
5   2   3   12800  36.0250 59:15:10 -1.62574596954E+05 -1.60107472233E+05  0.04131 -0.01943  0.01135  0.18288  0.31188 -0.29633 -0.17944 -0.13003 -0.47401 -0.78062
5   2   4   16000  31.1506 00:16:10 -1.62441945696E+05 -1.60107472233E+05 -0.00276  0.03741 -0.00329  0.33313  0.27722 -0.13957 -0.26082 -0.13782 -0.89373 -0.75006
5   2   4   25600  31.4088 01:16:10 -1.61268992438E+05 -1.59692120016E+05  0.01926 -0.00214  0.05597  0.12936  0.27557 -0.25638 -0.13471 -0.02998 -0.42714 -0.75006
5   2   5   36000  28.7488 02:16:10 -1.61476080010E+05 -1.59618690526E+05  0.03946  0.00449  0.04095  0.33352  0.27763 -0.07703 -0.15568 -0.27801 -0.89373 -0.75006
5   2   6   51200  24.7942 03:16:10 -1.62296995444E+05 -1.59618690526E+05 -0.02930  0.01037  0.02708  0.33452  0.27872 -0.18613 -0.12520 -0.26382 -0.89373 -0.75006
5   2   7   56000  18.1818 04:16:10 -1.61341943090E+05 -1.59618690526E+05  0.01536  0.03113 -0.01020  0.33457  0.27877 -0.21985 -0.11721 -0.20774 -0.89373 -0.75006
5   2   8   80000  14.8711 06:16:10 -1.60331150721E+05 -1.59145719728E+05 -0.01203  0.02888  0.33274  0.04501  0.27679 -0.14106 -0.25670 -0.89373 -0.14697 -0.75006
5   2  10  100000  10.3398 08:16:10 -1.59771329357E+05 -1.59145719728E+05  0.01325  0.01596  0.05096  0.33240  0.27642 -0.16956 -0.23345 -0.09251 -0.89373 -0.75006
5   2  10  102400  11.1439 08:16:10 -1.59535826987E+05 -1.59145719728E+05  0.00547  0.03862  0.01756  0.33372  0.27785 -0.10268 -0.27006 -0.17315 -0.89373 -0.75006
5   2  11  110395   6.5000 09:16:10 -1.59386150590E+05 -1.59145719728E+05  0.02419  0.02600  0.00271  0.33340  0.27751 -0.15761 -0.25624 -0.12403 -0.89373 -0.75006
5   2  12  119286   4.8000 09:16:10 -1.59532037794E+05 -1.59145719728E+05  0.02860  0.02177  0.01944  0.33399  0.27814 -0.09529 -0.27124 -0.15190 -0.89373 -0.75006
5   2  12  120000   4.1850 10:16:10 -1.59178422283E+05 -1.59145719728E+05  0.02293  0.04315  0.01364  0.33397  0.27812 -0.09077 -0.28062 -0.17052 -0.89373 -0.75006
5   2  13  133708   4.5000 11:16:10 -1.59250684739E+05 -1.59145719728E+05  0.03713  0.02624  0.01828  0.33350  0.27761 -0.08625 -0.25707 -0.16702 -0.89373 -0.75006
5   2  14  142321   1.8000 12:16:10 -1.59145719728E+05 -1.59145719728E+05  0.02665  0.03556  0.01435  0.33350  0.27762 -0.08427 -0.26756 -0.17375 -0.89373 -0.75006
5   2  14  144000   1.9385 12:16:10 -1.59358999208E+05 -1.59145719728E+05  0.03735  0.02614  0.02024  0.33343  0.27754 -0.08717 -0.25707 -0.17335 -0.89373 -0.75006
5   2  15  156520   3.8000 13:16:10 -1.59145719728E+05 -1.59145719728E+05  0.02501  0.02862  0.01697  0.33344  0.27755 -0.08623 -0.25989 -0.16822 -0.89373 -0.75006
5   2  15  164000   1.7339 14:16:10 -1.59145719728E+05 -1.59145719728E+05  0.03857  0.03190  0.01365  0.33323  0.27733 -0.08166 -0.26374 -0.16772 -0.89373 -0.75006
5   2  16  165113   2.4000 14:16:10 -1.59383539118E+05 -1.59145719728E+05  0.03857  0.03190  0.01365  0.33323  0.27733 -0.08166 -0.26374 -0.16772 -0.89373 -0.75006
5   2  17  179446   2.2000 15:16:10 -1.59260729826E+05 -1.59145719728E+05  0.03735  0.02614  0.02024  0.33343  0.27754 -0.08717 -0.25707 -0.17335 -0.89373 -0.75006
5   2  18  188000   1.7391 16:16:10 -1.59166399565E+05 -1.59145719728E+05  0.03017  0.02899  0.02052  0.33362  0.27774 -0.09191 -0.26302 -0.17335 -0.89373 -0.75006
5   2  18  188168   1.7000 16:16:10 -1.59145719728E+05 -1.59145719728E+05  0.03017  0.02899  0.02052  0.33362  0.27774 -0.09191 -0.26302 -0.17335 -0.89373 -0.75006
5   2  19  202702   1.0000 17:16:10 -1.59145719728E+05 -1.59145719728E+05  0.03735  0.02614  0.02024  0.33343  0.27754 -0.08717 -0.25707 -0.17335 -0.89373 -0.75006
5   2  19  208000   1.3158 18:16:10 -1.59178422283E+05 -1.59145719728E+05  0.03735  0.02614  0.02024  0.33343  0.27754 -0.08717 -0.25707 -0.17335 -0.89373 -0.75006
5   2 200  211339   0.0000 18:16:10 -1.59145719728E+05 -1.59145719728E+05  0.03735  0.02614  0.02024  0.33343  0.27754 -0.08717 -0.25707 -0.17335 -0.89373 -0.75006
