K Run Tem Iterate    Move%     Time        CurrentLogL           BestLogL     Fst1     Fst2     Fst3     Fst4     Fst5     Fis1     Fis2     Fis3     Fis4     Fis5
5   5   1       0   1.0000 07:17:10 -1.69607815338E+05 -1.69607815338E+05  0.00166 -0.00547 -0.00138  0.00253 -0.00334 -0.16248 -0.15571 -0.14181 -0.16772 -0.19366
5   5   1     100   2.9412 07:17:10 -1.69378625558E+05 -1.69378625558E+05  0.00166 -0.00547 -0.00138  0.00253 -0.00334 -0.16248 -0.15571 -0.14181 -0.16772 -0.19366
5   5   1     200  27.7228 07:17:10 -1.65404650257E+05 -1.65347508125E+05  0.00253  0.00166 -0.00138 -0.00334 -0.00547 -0.16772 -0.16248 -0.14181 -0.19366 -0.15571
5   5   1     400  30.5970 07:17:10 -1.62329755794E+05 -1.61753333209E+05 -0.00334  0.00253  0.00166 -0.00547 -0.00138 -0.19366 -0.16772 -0.16248 -0.15571 -0.14181
5   5   1     800  34.7880 07:17:10 -1.62396752613E+05 -1.61380109013E+05 -0.00138  0.00253  0.00166 -0.00547 -0.00334 -0.14181 -0.16772 -0.16248 -0.15571 -0.19366
5   5   1    1600  39.5131 07:17:10 -1.63481772214E+05 -1.61380109013E+05  0.00253 -0.00138 -0.00334  0.00166 -0.00547 -0.16772 -0.14181 -0.19366 -0.16248 -0.15571
5   5   1    3200  42.5359 07:17:10 -1.63989566708E+05 -1.60491236770E+05 -0.00334  0.00166  0.00253 -0.00547 -0.00138 -0.19366 -0.16248 -0.16772 -0.15571 -0.14181
5   5   3    6400  41.8848 07:17:10 -1.62273390774E+05 -1.60491236770E+05 -0.00507  0.01380 -0.01964  0.30747  0.32944 -0.11458 -0.14240 -0.19007 -0.78062 -0.89373
5   5   4   12800  38.8325 08:17:10 -1.62316523544E+05 -1.60258562047E+05  0.02452 -0.01041 -0.00272  0.33261  0.27665 -0.22544 -0.16739 -0.12177 -0.89373 -0.75006
5   5   5   20000  23.6364 09:17:10 -1.60343276807E+05 -1.59907556571E+05  0.03184 -0.02413  0.33567  0.27997  0.01495 -0.25913 -0.08384 -0.89373 -0.75006 -0.14112
5   5   5   25600  31.1467 09:17:10 -1.62796043029E+05 -1.59907556571E+05  0.01918 -0.00690  0.33403  0.27819  0.00976 -0.14923 -0.11301 -0.89373 -0.75006 -0.23388
5   5   6   44000  23.7595 11:17:10 -1.61113526415E+05 -1.59302953932E+05 -0.00661  0.00972  0.04016  0.33369  0.27782 -0.14493 -0.13686 -0.27204 -0.89373 -0.75006
5   5   7   51200  20.1740 11:17:10 -1.60770733280E+05 -1.59302953932E+05 -0.00034  0.03749  0.01284  0.33338  0.27749 -0.13234 -0.26931 -0.14588 -0.89373 -0.75006
5   5   8   64000  19.7555 13:17:10 -1.61252517929E+05 -1.59302953932E+05  0.02665  0.01106  0.01106  0.33392  0.27807 -0.25379 -0.16062 -0.09114 -0.89373 -0.75006
5   5   9   84000  13.0493 15:17:10 -1.60031817326E+05 -1.59166399565E+05  0.01471  0.03839 -0.00127  0.33369  0.27782 -0.15732 -0.27316 -0.11316 -0.89373 -0.75006
5   5  10  102400  13.4024 16:17:10 -1.59960858283E+05 -1.59145719728E+05 -0.00091  0.03758  0.01067  0.33300  0.27707 -0.14938 -0.27006 -0.11525 -0.89373 -0.75006
5   5  11  107358   6.2000 17:17:10 -1.59829319598E+05 -1.59145719728E+05  0.03861  0.03521  0.01237  0.33326  0.27736 -0.08166 -0.26756 -0.16906 -0.89373 -0.75006
5   5  11  108000   6.6241 17:17:10 -1.59573168213E+05 -1.59145719728E+05  0.02874  0.03565  0.01180  0.33370  0.27784 -0.08819 -0.27046 -0.15726 -0.89373 -0.75006
5   5  12  122110   4.2000 18:17:10 -1.59540662336E+05 -1.59145719728E+05  0.03005  0.02573 -0.00209  0.33294  0.27701 -0.17362 -0.26651 -0.11170 -0.89373 -0.75006
5   5  12  128000   4.2725 19:17:10 -1.59688530124E+05 -1.59145719728E+05  0.01032  0.04223  0.00425  0.33340  0.27751 -0.10854 -0.27841 -0.15257 -0.89373 -0.75006
5   5  13  130776   2.3000 19:17:10 -1.59145719728E+05 -1.59145719728E+05  0.00425  0.04223  0.01032  0.33340  0.27751 -0.15257 -0.27841 -0.10854 -0.89373 -0.75006
5   5  14  145004   3.2000 20:17:10 -1.59331740840E+05 -1.59145719728E+05  0.03895  0.03671  0.00882  0.33316  0.27725 -0.07838 -0.26757 -0.16975 -0.89373 -0.75006
5   5  14  148000   3.1013 21:17:10 -1.59297636671E+05 -1.59145719728E+05  0.03064  0.03526  0.01395  0.33344  0.27755 -0.08784 -0.27046 -0.16772 -0.89373 -0.75006
5   5  15  153611   1.6000 21:17:10 -1.59178422283E+05 -1.59145719728E+05  0.03733  0.03544  0.01395  0.33342  0.27753 -0.08717 -0.26756 -0.17262 -0.89373 -0.75006
5   5  16  167871   2.4000 22:17:10 -1.59324564472E+05 -1.59145719728E+05  0.03735  0.02614  0.02024  0.33343  0.27754 -0.08717 -0.25707 -0.17335 -0.89373 -0.75006
5   5  16  168000   2.5328 23:17:10 -1.59304860137E+05 -1.59145719728E+05  0.03735  0.02614  0.02024  0.33343  0.27754 -0.08717 -0.25707 -0.17335 -0.89373 -0.75006
5   5  17  176516   1.4000 23:17:10 -1.59232342374E+05 -1.59145719728E+05  0.03727  0.03518  0.01256  0.33338  0.27748 -0.08717 -0.27046 -0.16886 -0.89373 -0.75006
5   5  18  192000   1.5406 25:17:10 -1.59248533996E+05 -1.59145719728E+05  0.03729  0.03212  0.01535  0.33339  0.27749 -0.08717 -0.26374 -0.17140 -0.89373 -0.75006
5   5  19  199736   1.4000 25:17:10 -1.59145719728E+05 -1.59145719728E+05  0.03087  0.02599  0.02084  0.33333  0.27743 -0.09337 -0.25707 -0.17314 -0.89373 -0.75006
5   5  19  212000   1.1954 27:17:10 -1.59145719728E+05 -1.59145719728E+05  0.03729  0.03212  0.01535  0.33339  0.27749 -0.08717 -0.26374 -0.17140 -0.89373 -0.75006
5   5  20  214309   1.3000 27:17:10 -1.59260859672E+05 -1.59145719728E+05  0.03735  0.02614  0.02024  0.33343  0.27754 -0.08717 -0.25707 -0.17335 -0.89373 -0.75006
5   5 200  224635   0.0000 28:17:10 -1.59145719728E+05 -1.59145719728E+05  0.02024  0.02614  0.03735  0.33343  0.27754 -0.17335 -0.25707 -0.08717 -0.89373 -0.75006
