Iter   Tolerance Admix(mean)   Admix(SD)    Fst1    Fst2    Fst3    Fst4    Fst5    Fst6    Fst7   QPop1   QPop2   QPop3   QPop4   QPop5   QPop6   QPop7
   1  3.0752E-04    0.853882    0.005626 -0.0000  0.0127  0.0009  0.0014 -0.0008  0.0009  0.0018  0.1366  0.1482  0.1414  0.1447  0.1403  0.1439  0.1450
   2  3.8238E-03    0.809087    0.083249  0.0058  0.0938  0.0313  0.0170  0.0003  0.0037  0.0070  0.1230  0.1587  0.1577  0.1491  0.1318  0.1364  0.1433
   3  5.9204E-03    0.693081    0.216449  0.0360  0.1829  0.0736  0.0685  0.0033  0.0051  0.0039  0.1287  0.1626  0.1897  0.1467  0.1234  0.1224  0.1266
   4  3.2836E-03    0.590290    0.287291  0.0724  0.2259  0.0932  0.1468  0.0254  0.0120  0.0022  0.1451  0.1546  0.2120  0.1353  0.1255  0.1150  0.1123
   5  2.4616E-03    0.508558    0.291869  0.0994  0.2322  0.0969  0.1943  0.0558  0.0126  0.0019  0.1637  0.1408  0.2266  0.1170  0.1300  0.1136  0.1083
   6  1.8739E-03    0.430313    0.277552  0.1086  0.2254  0.0956  0.2051  0.0732  0.0037  0.0033  0.1813  0.1309  0.2388  0.1054  0.1367  0.1060  0.1008
   7  1.4314E-03    0.358657    0.267930  0.1123  0.2248  0.0972  0.2103  0.0813  0.0197  0.0408  0.1942  0.1258  0.2479  0.0977  0.1420  0.0987  0.0937
   8  6.6530E-04    0.303561    0.270866  0.1010  0.2060  0.0888  0.1829  0.0655  0.0100  0.0427  0.2030  0.1219  0.2557  0.0929  0.1461  0.0939  0.0864
   9  1.8923E-04    0.270063    0.273258  0.1003  0.2058  0.0887  0.1809  0.0648  0.0255  0.0663  0.2095  0.1195  0.2623  0.0899  0.1488  0.0908  0.0791
  10  9.3588E-05    0.245793    0.273037  0.0993  0.2055  0.0880  0.1784  0.0636  0.0331  0.0808  0.2150  0.1178  0.2675  0.0874  0.1505  0.0885  0.0732
  11  5.1306E-05    0.229806    0.271105  0.0985  0.2052  0.0871  0.1762  0.0627  0.0362  0.0893  0.2190  0.1167  0.2710  0.0857  0.1517  0.0867  0.0692
  12  4.6434E-05    0.216619    0.268510  0.0976  0.2046  0.0861  0.1740  0.0616  0.0382  0.0942  0.2227  0.1154  0.2735  0.0841  0.1521  0.0856  0.0666
  13  2.6392E-05    0.207213    0.267050  0.0971  0.2042  0.0854  0.1724  0.0610  0.0394  0.0964  0.2252  0.1146  0.2758  0.0831  0.1523  0.0848  0.0643
  14  1.6371E-05    0.200607    0.265904  0.0967  0.2040  0.0848  0.1713  0.0606  0.0405  0.0977  0.2269  0.1141  0.2770  0.0823  0.1526  0.0842  0.0629
  15  1.3621E-05    0.196549    0.264517  0.0964  0.2038  0.0843  0.1703  0.0603  0.0417  0.0983  0.2280  0.1137  0.2777  0.0818  0.1524  0.0844  0.0619
  16  6.2613E-06    0.194229    0.263497  0.0963  0.2036  0.0840  0.1696  0.0601  0.0427  0.0985  0.2288  0.1136  0.2782  0.0816  0.1522  0.0843  0.0613
  17  3.8335E-06    0.192461    0.262679  0.0962  0.2036  0.0838  0.1690  0.0599  0.0437  0.0986  0.2295  0.1135  0.2787  0.0813  0.1522  0.0840  0.0608
  18  2.0484E-06    0.191477    0.261986  0.0961  0.2035  0.0836  0.1684  0.0598  0.0445  0.0987  0.2303  0.1135  0.2789  0.0811  0.1520  0.0837  0.0605
  19  1.3314E-06    0.190736    0.261371  0.0960  0.2034  0.0834  0.1680  0.0596  0.0454  0.0988  0.2308  0.1134  0.2790  0.0809  0.1518  0.0837  0.0604
  20  1.1805E-06    0.189835    0.260936  0.0959  0.2033  0.0833  0.1676  0.0595  0.0460  0.0988  0.2313  0.1133  0.2791  0.0808  0.1516  0.0836  0.0603
  21  1.4699E-06    0.188752    0.260568  0.0958  0.2032  0.0832  0.1671  0.0594  0.0466  0.0989  0.2317  0.1132  0.2793  0.0806  0.1515  0.0836  0.0602
  22  8.5954E-07    0.188052    0.260110  0.0958  0.2031  0.0830  0.1667  0.0593  0.0472  0.0990  0.2319  0.1132  0.2794  0.0804  0.1512  0.0837  0.0602
  23  9.2273E-07    0.187488    0.259438  0.0957  0.2030  0.0829  0.1664  0.0592  0.0475  0.0991  0.2320  0.1131  0.2795  0.0803  0.1510  0.0839  0.0602
  24  1.2960E-06    0.186545    0.258844  0.0956  0.2029  0.0828  0.1660  0.0590  0.0478  0.0990  0.2323  0.1131  0.2798  0.0801  0.1508  0.0839  0.0601
  25  1.4035E-06    0.186014    0.258177  0.0956  0.2028  0.0827  0.1656  0.0589  0.0479  0.0991  0.2326  0.1130  0.2800  0.0800  0.1505  0.0840  0.0600
  26  1.3004E-06    0.185637    0.257916  0.0956  0.2027  0.0826  0.1653  0.0588  0.0479  0.0992  0.2328  0.1129  0.2801  0.0799  0.1502  0.0842  0.0600
  27  1.5663E-06    0.185107    0.257678  0.0955  0.2026  0.0826  0.1651  0.0587  0.0478  0.0993  0.2330  0.1128  0.2802  0.0798  0.1500  0.0843  0.0599
  28  1.4200E-06    0.184624    0.257234  0.0955  0.2025  0.0825  0.1648  0.0587  0.0477  0.0994  0.2331  0.1128  0.2802  0.0796  0.1498  0.0846  0.0598
  29  1.2051E-06    0.184166    0.257058  0.0955  0.2025  0.0825  0.1645  0.0586  0.0474  0.0996  0.2333  0.1127  0.2803  0.0795  0.1497  0.0848  0.0597
  30  1.5748E-06    0.183965    0.256747  0.0955  0.2024  0.0825  0.1643  0.0586  0.0470  0.0997  0.2334  0.1127  0.2804  0.0794  0.1495  0.0851  0.0596
  31  1.5865E-06    0.183250    0.256147  0.0955  0.2023  0.0824  0.1640  0.0585  0.0465  0.0999  0.2335  0.1126  0.2805  0.0793  0.1493  0.0853  0.0594
  32  2.3895E-06    0.182478    0.255365  0.0955  0.2023  0.0824  0.1636  0.0584  0.0459  0.0999  0.2337  0.1126  0.2807  0.0791  0.1491  0.0856  0.0592
  33  2.2198E-06    0.181914    0.255047  0.0955  0.2023  0.0823  0.1634  0.0584  0.0453  0.1000  0.2338  0.1125  0.2808  0.0790  0.1490  0.0858  0.0590
  34  2.0512E-06    0.181425    0.254467  0.0955  0.2022  0.0823  0.1631  0.0584  0.0447  0.0999  0.2339  0.1125  0.2810  0.0789  0.1489  0.0861  0.0587
  35  3.8641E-06    0.181185    0.254199  0.0956  0.2021  0.0824  0.1626  0.0585  0.0438  0.0994  0.2342  0.1123  0.2812  0.0787  0.1489  0.0863  0.0584
  36  5.4118E-06    0.180770    0.253946  0.0957  0.2020  0.0824  0.1622  0.0586  0.0429  0.0985  0.2347  0.1120  0.2816  0.0785  0.1488  0.0864  0.0580
  37  3.6510E-06    0.180493    0.253513  0.0957  0.2020  0.0825  0.1619  0.0587  0.0420  0.0978  0.2351  0.1119  0.2819  0.0783  0.1487  0.0865  0.0576
  38  3.1327E-06    0.180115    0.253093  0.0957  0.2019  0.0825  0.1616  0.0587  0.0412  0.0972  0.2354  0.1119  0.2823  0.0782  0.1485  0.0865  0.0572
  39  5.0316E-06    0.179463    0.251968  0.0955  0.2016  0.0823  0.1608  0.0583  0.0417  0.0979  0.2356  0.1116  0.2824  0.0778  0.1483  0.0871  0.0571
  40  2.9938E-06    0.179048    0.251267  0.0954  0.2014  0.0822  0.1603  0.0582  0.0422  0.0971  0.2358  0.1115  0.2824  0.0776  0.1482  0.0876  0.0569
  41  2.1654E-06    0.178491    0.250412  0.0954  0.2014  0.0823  0.1600  0.0581  0.0426  0.0961  0.2359  0.1114  0.2826  0.0775  0.1479  0.0880  0.0566
  42  1.9626E-06    0.177991    0.249833  0.0954  0.2014  0.0823  0.1599  0.0580  0.0431  0.0947  0.2360  0.1113  0.2826  0.0774  0.1478  0.0885  0.0563
  43  2.3912E-06    0.177497    0.249221  0.0954  0.2014  0.0823  0.1598  0.0580  0.0436  0.0932  0.2361  0.1113  0.2827  0.0773  0.1476  0.0891  0.0560
  44  1.4543E-06    0.177277    0.248739  0.0955  0.2014  0.0824  0.1597  0.0580  0.0440  0.0918  0.2362  0.1112  0.2826  0.0773  0.1474  0.0896  0.0557
  45  1.5666E-06    0.176878    0.248137  0.0955  0.2014  0.0825  0.1597  0.0581  0.0444  0.0903  0.2364  0.1111  0.2826  0.0772  0.1472  0.0900  0.0554
  46  1.3436E-06    0.176605    0.247615  0.0955  0.2014  0.0825  0.1596  0.0581  0.0448  0.0887  0.2364  0.1111  0.2827  0.0772  0.1472  0.0905  0.0551
  47  1.5830E-06    0.176158    0.247084  0.0956  0.2014  0.0826  0.1595  0.0582  0.0450  0.0872  0.2365  0.1110  0.2827  0.0772  0.1471  0.0909  0.0548
  48  9.7847E-07    0.175905    0.246577  0.0956  0.2014  0.0827  0.1595  0.0582  0.0452  0.0858  0.2366  0.1109  0.2826  0.0771  0.1470  0.0913  0.0544
  49  9.3989E-07    0.175588    0.246106  0.0956  0.2014  0.0828  0.1594  0.0583  0.0453  0.0843  0.2367  0.1109  0.2826  0.0771  0.1470  0.0917  0.0541
  50  1.0692E-06    0.175187    0.245636  0.0956  0.2014  0.0828  0.1594  0.0583  0.0454  0.0830  0.2368  0.1109  0.2826  0.0770  0.1469  0.0920  0.0538
  51  8.4057E-07    0.174904    0.245134  0.0957  0.2014  0.0829  0.1593  0.0584  0.0454  0.0816  0.2369  0.1108  0.2826  0.0769  0.1468  0.0924  0.0535
  52  5.9528E-07    0.174602    0.244805  0.0957  0.2015  0.0829  0.1592  0.0585  0.0454  0.0804  0.2370  0.1108  0.2826  0.0769  0.1467  0.0927  0.0533
  53  6.1942E-07    0.174369    0.244452  0.0957  0.2015  0.0830  0.1592  0.0585  0.0453  0.0792  0.2371  0.1107  0.2826  0.0769  0.1467  0.0930  0.0531
  54  5.8178E-07    0.173905    0.243811  0.0957  0.2015  0.0831  0.1591  0.0586  0.0452  0.0780  0.2372  0.1106  0.2827  0.0768  0.1467  0.0933  0.0528
  55  4.8139E-07    0.173679    0.243577  0.0957  0.2015  0.0831  0.1590  0.0587  0.0450  0.0769  0.2372  0.1106  0.2826  0.0767  0.1466  0.0936  0.0526
  56  3.9445E-07    0.173515    0.243281  0.0958  0.2015  0.0832  0.1590  0.0587  0.0448  0.0759  0.2373  0.1106  0.2826  0.0767  0.1466  0.0938  0.0524
  57  3.0677E-07    0.173272    0.243043  0.0958  0.2015  0.0832  0.1590  0.0588  0.0445  0.0749  0.2373  0.1106  0.2826  0.0767  0.1466  0.0941  0.0522
  58  3.9277E-07    0.173054    0.242783  0.0958  0.2015  0.0833  0.1589  0.0589  0.0442  0.0737  0.2374  0.1105  0.2825  0.0767  0.1465  0.0943  0.0520
  59  4.5819E-07    0.172665    0.242440  0.0958  0.2016  0.0833  0.1588  0.0589  0.0437  0.0726  0.2375  0.1105  0.2825  0.0766  0.1465  0.0945  0.0518
  60  5.4762E-07    0.172362    0.242043  0.0959  0.2016  0.0834  0.1587  0.0590  0.0432  0.0713  0.2376  0.1105  0.2826  0.0765  0.1464  0.0948  0.0516
  61  4.8013E-07    0.172049    0.241829  0.0959  0.2016  0.0834  0.1587  0.0591  0.0426  0.0701  0.2376  0.1105  0.2825  0.0765  0.1465  0.0950  0.0514
