K Run Tem Iterate    Move%     Time        CurrentLogL           BestLogL     Fst1     Fst2     Fst3     Fst4     Fis1     Fis2     Fis3     Fis4
4   1   1       0   1.0000 18:08:09 -3.05629975911E+05 -3.05629975911E+05  0.15533 -0.11293 -0.01164 -0.02833 -0.14343 -0.20789 -0.18614 -0.12683
4   1   1     100   1.9417 18:08:09 -3.04404869261E+05 -3.04404869261E+05  0.15533 -0.11293 -0.01164 -0.02833 -0.14343 -0.20789 -0.18614 -0.12683
4   1   1     200  30.2439 18:08:09 -2.69319481355E+05 -2.69313206892E+05 -0.01164 -0.11293 -0.02833  0.15533 -0.18614 -0.20789 -0.12683 -0.14343
4   1   1     400  27.4074 18:08:09 -2.50069939164E+05 -2.50069939164E+05  0.15533 -0.02833 -0.01164 -0.11293 -0.14343 -0.12683 -0.18614 -0.20789
4   1   1     800  29.3168 18:08:09 -2.50054600440E+05 -2.47319624063E+05  0.15533 -0.01164 -0.02833 -0.11293 -0.14343 -0.18614 -0.12683 -0.20789
4   1   1    1600  33.7072 18:08:09 -2.53117965199E+05 -2.42955360701E+05  0.15533 -0.11293 -0.01164 -0.02833 -0.14343 -0.20789 -0.18614 -0.12683
4   1   1    3200  36.3183 18:08:09 -2.48703466299E+05 -2.42955360701E+05  0.28525  0.29897  0.36301 -0.10826 -0.38012 -0.25295 -0.20218 -0.88936
4   1   2    6400  28.9773 19:08:09 -2.48830743291E+05 -2.42955360701E+05  0.40325  0.33775  0.04346  0.03947 -0.21469 -0.20087 -0.87358 -0.91476
4   1   2   12800  28.7529 20:08:09 -2.49345845247E+05 -2.42955360701E+05  0.37969  0.32501  1.00000 -0.04060 -0.21959 -0.35981  0.00000 -0.88936
4   1   2   15000  26.6433 20:08:09 -2.46101815265E+05 -2.42377093643E+05  0.40270  0.28906 -0.10884  0.30995 -0.21144 -0.30820 -0.88936 -0.29651
4   1   3   25000  17.0510 22:08:09 -2.43940714067E+05 -2.42134182898E+05  0.39133  0.26783 -0.11861  0.37213 -0.23617 -0.31036 -0.88936 -0.34889
4   1   3   25600  17.0695 22:08:09 -2.43218384377E+05 -2.42134182898E+05  0.37636  0.27130 -0.11107  0.52173 -0.24011 -0.30347 -0.88936 -0.88116
4   1   4   35000  13.9745 24:08:09 -2.43324732315E+05 -2.41100542004E+05  0.36560 -0.10473  0.27855  0.39622 -0.22463 -0.88936 -0.33514 -0.47348
4   1   4   40000  13.2525 26:08:09 -2.42412368347E+05 -2.41100542004E+05  0.39023  0.27150 -0.11415  0.52041 -0.22161 -0.32573 -0.88936 -0.88116
4   1   5   50000  10.6650 29:08:09 -2.42945416423E+05 -2.41100542004E+05  0.37909  0.27662 -0.10273  0.39731 -0.23566 -0.35709 -0.88936 -0.47348
4   1   5   51200  10.6889 29:08:09 -2.43700641167E+05 -2.41100542004E+05  0.38840  0.27209 -0.11194  0.36538 -0.24011 -0.34246 -0.88936 -0.33801
4   1   6   60000   9.5403 31:08:09 -2.42435180582E+05 -2.40961588494E+05  0.40258  0.27461 -0.10787  0.39450 -0.24174 -0.35812 -0.88936 -0.47348
4   1   7   70000   8.3687 33:08:09 -2.42597311884E+05 -2.40927943042E+05  0.39293  0.27849 -0.10689  0.39504 -0.23987 -0.35577 -0.88936 -0.47348
4   1   7   75000   8.4122 35:08:09 -2.41720299100E+05 -2.40927943042E+05  0.39008  0.27582 -0.10696  0.39500 -0.23631 -0.34864 -0.88936 -0.47348
4   1   9   90000   5.8285 37:08:09 -2.41270978840E+05 -2.40927943042E+05  0.40208  0.27368 -0.11054  0.42019 -0.24106 -0.33787 -0.88936 -0.54669
4   1  10  102400   4.3362 39:08:09 -2.41577769075E+05 -2.40927943042E+05  0.39219  0.27700 -0.10691  0.39503 -0.23585 -0.35564 -0.88936 -0.47348
4   1  11  104779   3.7000 39:08:09 -2.41434792515E+05 -2.40927943042E+05  0.38570  0.28088 -0.10345  0.39692 -0.23503 -0.37362 -0.88936 -0.47348
4   1  11  105000   3.8982 39:08:09 -2.41747838871E+05 -2.40927943042E+05  0.38570  0.28088 -0.10345  0.39692 -0.23503 -0.37362 -0.88936 -0.47348
4   1  11  115000   4.2998 42:08:09 -2.41244452978E+05 -2.40927943042E+05  0.39720  0.27694 -0.10676  0.39511 -0.23565 -0.36594 -0.88936 -0.47348
4   1  12  116693   4.4000 43:08:09 -2.41534741791E+05 -2.40927943042E+05  0.39576  0.27818 -0.10556  0.39576 -0.23214 -0.37754 -0.88936 -0.47348
4   1  13  125000   2.2329 44:08:09 -2.41206442281E+05 -2.40927943042E+05  0.38769  0.28387 -0.10199  0.39771 -0.22594 -0.40529 -0.88936 -0.47348
4   1  13  125318   2.5000 44:08:09 -2.41158415925E+05 -2.40927943042E+05  0.38769  0.28387 -0.10199  0.39771 -0.22594 -0.40529 -0.88936 -0.47348
4   1  13  135000   3.2548 46:08:09 -2.41240371472E+05 -2.40927943042E+05  0.40283  0.27528 -0.10910  0.39383 -0.24092 -0.35282 -0.88936 -0.47348
4   1  14  137313   3.9000 47:08:09 -2.41139909654E+05 -2.40927943042E+05  0.39898  0.27583 -0.10671  0.39514 -0.23637 -0.36674 -0.88936 -0.47348
4   1  14  145000   2.8890 48:08:09 -2.41039787710E+05 -2.40927943042E+05  0.39571  0.27815 -0.10551  0.39579 -0.23299 -0.37627 -0.88936 -0.47348
4   1  15  145991   2.5000 48:08:09 -2.40961588494E+05 -2.40927943042E+05  0.39571  0.27815 -0.10551  0.39579 -0.23299 -0.37627 -0.88936 -0.47348
4   1  15  155000   2.7198 50:08:09 -2.41012990230E+05 -2.40927943042E+05  0.40258  0.27461 -0.10787  0.39450 -0.24174 -0.35812 -0.88936 -0.47348
4   1  16  158075   2.3000 51:08:09 -2.41027364949E+05 -2.40927943042E+05  0.39700  0.27885 -0.10551  0.39579 -0.23646 -0.37672 -0.88936 -0.47348
4   1  16  160000   1.8768 53:08:09 -2.40988578028E+05 -2.40927943042E+05  0.39700  0.27885 -0.10551  0.39579 -0.23646 -0.37672 -0.88936 -0.47348
4   1  17  166828   2.2000 54:08:09 -2.41100542004E+05 -2.40927943042E+05  0.39700  0.27885 -0.10551  0.39579 -0.23646 -0.37672 -0.88936 -0.47348
4   1  17  170000   2.2971 56:08:09 -2.41042992334E+05 -2.40927943042E+05  0.39700  0.27885 -0.10551  0.39579 -0.23646 -0.37672 -0.88936 -0.47348
4   1  18  179020   0.9000 58:08:09 -2.40927943042E+05 -2.40927943042E+05  0.39991  0.27693 -0.10668  0.39515 -0.24071 -0.36625 -0.88936 -0.47348
4   1  18  180000   1.2352 58:08:09 -2.40961588494E+05 -2.40927943042E+05  0.39991  0.27693 -0.10668  0.39515 -0.24071 -0.36625 -0.88936 -0.47348
4   1  18  185000   1.8609 00:09:09 -2.40961588494E+05 -2.40927943042E+05  0.39956  0.27662 -0.10669  0.39515 -0.23734 -0.36841 -0.88936 -0.47348
4   1 200  186955   0.0000 00:09:09 -2.40927943042E+05 -2.40927943042E+05  0.39104  0.28173 -0.10322  0.39704 -0.22957 -0.39508 -0.88936 -0.47348
