K Run Tem Iterate    Move%     Time        CurrentLogL           BestLogL     Fst1     Fst2     Fst3     Fst4     Fst5     Fst6     Fst7     Fst8     Fis1     Fis2     Fis3     Fis4     Fis5     Fis6     Fis7     Fis8
8   5   1       0   1.0000 55:15:11 -3.15076949656E+05 -3.15076949656E+05  0.04810 -0.10453  0.26298 -0.12193 -0.05884  0.08292  0.12370 -0.20086 -0.17168 -0.15923 -0.17941 -0.16015 -0.14011 -0.18365 -0.19474 -0.18678
8   5   1     100   3.8095 55:15:11 -3.07170261840E+05 -3.07170261840E+05  0.04810  0.26298 -0.12193 -0.05884  0.08292  0.12370 -0.20086 -0.10453 -0.17168 -0.17941 -0.16015 -0.14011 -0.18365 -0.19474 -0.18678 -0.15923
8   5   1     200  35.2657 55:15:11 -2.78686878038E+05 -2.78686878038E+05  0.12370 -0.12193  0.26298  0.08292 -0.10453 -0.20086 -0.05884  0.04810 -0.19474 -0.16015 -0.17941 -0.18365 -0.15923 -0.18678 -0.14011 -0.17168
8   5   1     400  36.8550 55:15:11 -2.64568866744E+05 -2.64568866744E+05  0.26298  0.12370 -0.12193 -0.20086 -0.10453  0.08292  0.04810 -0.05884 -0.17941 -0.19474 -0.16015 -0.18678 -0.15923 -0.18365 -0.17168 -0.14011
8   5   1     800  40.0248 55:15:11 -2.55054001779E+05 -2.54925981548E+05  0.12370 -0.12193  0.26298  0.08292 -0.10453 -0.20086  0.04810 -0.05884 -0.19474 -0.16015 -0.17941 -0.18365 -0.15923 -0.18678 -0.17168 -0.14011
8   5   1    1600  37.2744 55:15:11 -2.57833045035E+05 -2.54925981548E+05  0.12370 -0.12193  0.26298  0.08292 -0.20086  0.04810 -0.10453 -0.05884 -0.19474 -0.16015 -0.17941 -0.18365 -0.18678 -0.17168 -0.15923 -0.14011
8   5   1    3200  34.4247 56:15:11 -2.56086735674E+05 -2.53082950082E+05  0.12370 -0.12193 -0.10453  0.08292 -0.20086  0.26298  0.04810 -0.05884 -0.19474 -0.16015 -0.15923 -0.18365 -0.18678 -0.17941 -0.17168 -0.14011
8   5   1    6400  31.5436 56:15:11 -2.53441205410E+05 -2.50230628236E+05  0.26298 -0.10453 -0.12193  0.04810 -0.20086  0.12370  0.08292 -0.05884 -0.17941 -0.15923 -0.16015 -0.17168 -0.18678 -0.19474 -0.18365 -0.14011
8   5   1   10000  29.5693 57:15:11 -2.52984698936E+05 -2.50230628236E+05  0.45748  0.34976  0.43292  0.60529 -0.01111 -0.01235 -0.03131  0.38761 -0.22511 -0.31471 -0.54011 -0.90638 -0.94989 -0.87603 -0.83296 -0.30241
8   5   1   12800  28.9373 58:15:11 -2.51888384004E+05 -2.50230628236E+05  0.45748  0.34976  0.43292  0.60529 -0.01235 -0.01111 -0.03131  0.38761 -0.22511 -0.31471 -0.54011 -0.90638 -0.87603 -0.94989 -0.83296 -0.30241
8   5   1   20000  28.9449 59:15:11 -2.53280694986E+05 -2.50177022690E+05  0.28270  0.40917  0.57844 -0.09284  1.00000 -0.08095  0.28989  0.40765 -0.34537 -0.22582 -0.90638 -0.84724  0.00000 -0.90007 -0.30724 -0.47348
8   5   2   25600  18.9474 59:15:11 -2.51986399128E+05 -2.50127540012E+05  0.46393  0.30804  0.44416  0.58197 -0.07171  1.00000 -0.07707  0.41261 -0.23647 -0.32140 -0.64226 -0.90638 -0.93600  0.00000 -0.83403 -0.47348
8   5   2   35000  25.1916 03:16:11 -2.52204244483E+05 -2.49774442406E+05  0.43296  0.30571  0.44636  0.53977 -0.06743 -0.07281  1.00000  0.53920 -0.22132 -0.34999 -0.64226 -0.70798 -0.94299 -0.84221  0.00000 -0.88116
8   5   2   40000  26.0690 05:16:11 -2.52815619567E+05 -2.49774442406E+05  0.43623  0.47651  0.34663  0.60630 -0.00912 -0.00967 -0.02810  0.44679 -0.22116 -0.64226 -0.36325 -0.90638 -0.94429 -0.89288 -0.76896 -0.47348
8   5   2   51200  26.9253 07:16:11 -2.52363629532E+05 -2.49774442406E+05  0.42270  1.00000  0.34675  0.45262 -0.03252  1.00000 -0.03303  0.46406 -0.54091  0.00000 -0.28670 -0.27261 -0.80595  0.00000 -0.91622 -0.55353
8   5   3   55000  20.4184 08:16:11 -2.52388470694E+05 -2.49774442406E+05  0.30621  0.45677  0.41008  0.58393 -0.06730  1.00000  0.53954 -0.07283 -0.31633 -0.69676 -0.21470 -0.90638 -0.87942  0.00000 -0.88116 -0.90221
8   5   3   70000  15.0844 10:16:11 -2.50583306057E+05 -2.49500836527E+05  0.39024 -0.06757  0.44634  0.58361 -0.08238  0.30780  1.00000  0.41491 -0.21384 -0.89671 -0.64226 -0.90638 -0.86041 -0.35879  0.00000 -0.47348
8   5   4   85000  10.1818 12:16:11 -2.50943435428E+05 -2.49425837837E+05  0.40229  0.38265  1.00000  0.53571  0.22467 -0.19367  1.00000  0.34761 -0.23819 -0.64226  0.00000 -0.90638 -0.34634 -0.88936  0.00000 -0.47348
8   5   4   95000  13.6818 14:16:11 -2.50862004876E+05 -2.49117950743E+05  0.37754  0.38384 -0.19145  0.53660  1.00000  1.00000  0.22474  0.34886 -0.22672 -0.64226 -0.90476 -0.90638  0.00000  0.00000 -0.35499 -0.47348
8   5   4  102400  13.8411 15:16:11 -2.50302610928E+05 -2.49117950743E+05  1.00000  0.22932  0.37487  0.53466 -0.19638  1.00000  0.38397  0.32527  0.00000 -0.31701 -0.61068 -0.90638 -0.88936  0.00000 -0.22811 -0.43734
8   5   4  105000  13.9219 16:16:11 -2.50320297276E+05 -2.49117950743E+05  0.22682  1.00000  0.38500  0.53747 -0.18915  0.33943  0.35008  1.00000 -0.36168  0.00000 -0.64226 -0.90638 -0.88936 -0.21952 -0.47348  0.00000
8   5   5  120000   7.6112 18:16:11 -2.49943312601E+05 -2.49117950743E+05  0.38932  0.23291  0.38359  0.53641 -0.19187  0.48695  1.00000  1.00000 -0.23032 -0.32435 -0.64226 -0.90638 -0.88936 -0.88116  0.00000  0.00000
8   5   5  135000   9.0600 20:16:11 -2.49662132952E+05 -2.48999943960E+05  0.38970  0.36781  0.21081  0.52455  1.00000 -0.22261  0.47382  0.37711 -0.23962 -0.64226 -0.33820 -0.90638  0.00000 -0.88806 -0.88116 -0.56734
8   5   5  145000  10.3048 22:16:11 -2.50985890792E+05 -2.48999943960E+05  0.38627  1.00000  0.36705  0.52398  0.37637 -0.22384  0.21262  0.47319 -0.23231  0.00000 -0.64226 -0.90638 -0.56734 -0.88936 -0.31656 -0.88116
8   5   6  147299   6.7000 22:16:11 -2.49761643254E+05 -2.48999943960E+05  0.40075  0.36698  0.20965  0.52392 -0.22399  1.00000  0.47313  0.37630 -0.24620 -0.64226 -0.32717 -0.90638 -0.88936  0.00000 -0.88116 -0.56734
8   5   6  155000   8.2330 24:16:11 -2.49567679410E+05 -2.48999943960E+05  0.34821  0.20998  0.37038  0.52648  1.00000 -0.21741  0.47596  0.37964 -0.21556 -0.37779 -0.64226 -0.90638  0.00000 -0.88936 -0.88116 -0.56734
8   5   7  162500   6.8000 25:16:11 -2.49806270047E+05 -2.48999943960E+05  0.39326  0.21545  0.36853  0.52509  0.39129 -0.22098  0.47443  1.00000 -0.24699 -0.31564 -0.64226 -0.90638 -0.89931 -0.88936 -0.88116  0.00000
8   5   7  170000   4.8144 26:16:11 -2.49195801929E+05 -2.48967719812E+05  0.38280  0.34707  0.18214  0.50895 -0.26247  0.53330  0.45656  0.35668 -0.25307 -0.64226 -0.34601 -0.90638 -0.88936 -0.77946 -0.88116 -0.56734
8   5   7  180000   4.4951 28:16:11 -2.49302547937E+05 -2.48905548521E+05  0.36641  0.36083  1.00000  0.51930  0.19857 -0.23268  0.54313  0.46801 -0.24069 -0.64226  0.00000 -0.90638 -0.35060 -0.89199 -0.77946 -0.88116
8   5   7  195000   5.1534 30:16:11 -2.49795043567E+05 -2.48806781063E+05  0.37097  0.49744  0.20120  0.52119 -0.23102  0.42297  0.47010  0.37271 -0.23845 -0.91968 -0.35278 -0.90638 -0.88936 -0.88199 -0.88116 -0.56734
8   5   7  205000   5.1987 32:16:11 -2.49253300956E+05 -2.48806781063E+05  0.40736  0.42169  0.20555  0.52012 -0.23376  0.49632  0.46892  0.37132 -0.25372 -0.88199 -0.32242 -0.90638 -0.88936 -0.91968 -0.88116 -0.56734
8   5   8  205815   3.9000 32:16:11 -2.49688056329E+05 -2.48806781063E+05  0.39054  0.36752  0.20983  0.52433 -0.22293  1.00000  0.47358  0.37683 -0.24086 -0.64226 -0.33415 -0.90638 -0.88936  0.00000 -0.88116 -0.56734
8   5   8  215000   4.9602 34:16:11 -2.49542125273E+05 -2.48806781063E+05  0.40062  0.36732  0.20973  0.52418 -0.22332  1.00000  0.47341  0.37663 -0.24346 -0.64226 -0.34109 -0.90638 -0.88936  0.00000 -0.88116 -0.56734
8   5   9  225000   4.2718 36:16:11 -2.49941000517E+05 -2.48806781063E+05  0.39276  0.39535  0.22584  0.53689 -0.19110  1.00000  1.00000  0.34926 -0.23263 -0.69676 -0.34447 -0.90638 -0.88753  0.00000  0.00000 -0.47348
8   5   9  225391   4.1000 36:16:11 -2.49268113058E+05 -2.48806781063E+05  0.39276  0.39535  0.22584  0.53689 -0.19110  1.00000  1.00000  0.34926 -0.23263 -0.69676 -0.34447 -0.90638 -0.88753  0.00000  0.00000 -0.47348
8   5   9  235000   5.3704 38:16:11 -2.49955949251E+05 -2.48806781063E+05  0.37512  0.36024  0.20096  0.51885 -0.23719  1.00000  0.54271  0.46752 -0.24441 -0.64226 -0.33988 -0.90638 -0.89122  0.00000 -0.77946 -0.88116
8   5   9  245000   4.7983 41:16:11 -2.49540201857E+05 -2.48806781063E+05  0.36642  0.36931  0.20882  0.52567 -0.21633  1.00000  0.47507  0.37859 -0.22356 -0.64226 -0.36253 -0.90638 -0.89199  0.00000 -0.88116 -0.56734
8   5   9  260000   4.7392 44:16:11 -2.49383579478E+05 -2.48806781063E+05  0.38393  0.20732  0.36846  0.52504 -0.22112  1.00000  0.47436  0.37776 -0.23835 -0.34728 -0.64226 -0.90638 -0.88936  0.00000 -0.88116 -0.56734
8   5  10  264206   1.5000 46:16:11 -2.49464911700E+05 -2.48806781063E+05  0.39092  0.20901  0.36792  0.52463 -0.22217  1.00000  0.47391  0.37722 -0.24161 -0.34440 -0.64226 -0.90638 -0.88936  0.00000 -0.88116 -0.56734
8   5  10  265000   2.4851 47:16:11 -2.49196309110E+05 -2.48806781063E+05  0.39092  0.36792  0.20901  0.52463  1.00000 -0.22217  0.47391  0.37722 -0.24161 -0.64226 -0.34440 -0.90638  0.00000 -0.88936 -0.88116 -0.56734
8   5  10  275000   2.9493 04:17:11 -2.49158521504E+05 -2.48806781063E+05  0.38299  0.21000  0.36842  0.52501 -0.22120  1.00000  0.47433  0.37772 -0.23912 -0.34879 -0.64226 -0.90638 -0.88936  0.00000 -0.88116 -0.56734
8   5  10  280000   3.3256 06:17:11 -2.49473636186E+05 -2.48773272579E+05  0.41118  0.38254  0.22767  0.53563 -0.19409  1.00000  1.00000  0.34749 -0.24392 -0.64226 -0.34105 -0.90638 -0.91226  0.00000  0.00000 -0.47348
8   5  10  290000   3.4121 11:17:11 -2.48783646201E+05 -2.48773272579E+05  0.40532  0.38286  0.22697  0.53587 -0.19311  1.00000  1.00000  0.34783 -0.24161 -0.64226 -0.34601 -0.90638 -0.91929  0.00000  0.00000 -0.47348
8   5  10  295000   3.9320 15:17:11 -2.49330138215E+05 -2.48773272579E+05  0.47375  0.30581  0.44430  0.58207 -0.07111  1.00000 -0.07690  0.41275 -0.24339 -0.33509 -0.64226 -0.90638 -0.89546  0.00000 -0.87860 -0.47348
8   5  10  300000   3.8980 17:17:11 -2.49024583666E+05 -2.48773272579E+05  0.47375  0.44430  0.30581  0.58207 -0.07111  1.00000 -0.07690  0.41275 -0.24339 -0.64226 -0.33509 -0.90638 -0.89546  0.00000 -0.87860 -0.47348
8   5  10  305000   3.8854 19:17:11 -2.49184618985E+05 -2.48773272579E+05  0.40933  0.22709  0.38211  0.53530 -0.19489  1.00000  1.00000  0.34703 -0.24167 -0.34058 -0.64226 -0.90638 -0.89714  0.00000  0.00000 -0.47348
8   5  11  306864   3.1000 24:17:11 -2.48783646201E+05 -2.48773272579E+05  0.40933  0.38211  0.22709  0.53530 -0.19489  1.00000  1.00000  0.34703 -0.24167 -0.64226 -0.34058 -0.90638 -0.89714  0.00000  0.00000 -0.47348
8   5  11  310000   3.1494 25:17:11 -2.49426984638E+05 -2.48773272579E+05  0.41094  0.38229  0.22735  0.53544 -0.19475  1.00000  1.00000  0.34722 -0.24392 -0.64226 -0.34105 -0.90638 -0.90053  0.00000  0.00000 -0.47348
8   5  11  315000   3.9008 31:17:11 -2.49164913103E+05 -2.48773272579E+05  0.41094  0.38229  0.22735  0.53544 -0.19475  1.00000  1.00000  0.34722 -0.24392 -0.64226 -0.34105 -0.90638 -0.90053  0.00000  0.00000 -0.47348
8   5  12  318876   1.9000 48:17:11 -2.48862876840E+05 -2.48773272579E+05  0.40945  0.22827  0.38224  0.53540 -0.19454  1.00000  1.00000  0.34717 -0.24167 -0.33767 -0.64226 -0.90638 -0.90476  0.00000  0.00000 -0.47348
8   5  12  320000   1.8900 50:17:11 -2.48841142016E+05 -2.48773272579E+05  0.40945  0.22827  0.38224  0.53540 -0.19454  1.00000  1.00000  0.34717 -0.24167 -0.33767 -0.64226 -0.90638 -0.90476  0.00000  0.00000 -0.47348
8   5  12  325000   2.6956 55:17:11 -2.49210747769E+05 -2.48773272579E+05  0.40939  0.38218  0.22717  0.53535 -0.19498  1.00000  1.00000  0.34710 -0.24167 -0.64226 -0.34058 -0.90638 -0.90052  0.00000  0.00000 -0.47348
8   5  12  335000   2.9785 59:17:11 -2.49055337474E+05 -2.48773272579E+05  0.40245  0.22620  0.38260  0.53567  1.00000 -0.19034  1.00000  0.34755 -0.23251 -0.34726 -0.64226 -0.90638  0.00000 -0.90540  0.00000 -0.47348
8   5  12  340000   2.8943 01:18:11 -2.48805381025E+05 -2.48773272579E+05  0.39968  0.38275  0.22804  0.53579 -0.19019  1.00000  1.00000  0.34771 -0.23633 -0.64226 -0.34471 -0.90638 -0.90887  0.00000  0.00000 -0.47348
8   5  13  345000   1.8885 03:18:11 -2.48795007403E+05 -2.48773272579E+05  0.39813  0.38301  0.22639  0.53598 -0.19379  1.00000  1.00000  0.34799 -0.23835 -0.64226 -0.35060 -0.90638 -0.90089  0.00000  0.00000 -0.47348
8   5  13  350000   1.9572 05:18:11 -2.49006114619E+05 -2.48773272579E+05  0.39813  0.38301  0.22639  0.53598 -0.19379  1.00000  1.00000  0.34799 -0.23835 -0.64226 -0.35060 -0.90638 -0.90089  0.00000  0.00000 -0.47348
8   5  14  359567   1.9000 06:18:11 -2.49108169778E+05 -2.48773272579E+05  0.41103  0.38238  0.22747  0.53551 -0.19091  1.00000  1.00000  0.34732 -0.24392 -0.64226 -0.34105 -0.90638 -0.90887  0.00000  0.00000 -0.47348
8   5  14  365000   1.8446 07:18:11 -2.48926754591E+05 -2.48773272579E+05  0.41103  0.22747  0.38238  0.53551 -0.19091  1.00000  1.00000  0.34732 -0.24392 -0.34105 -0.64226 -0.90638 -0.90887  0.00000  0.00000 -0.47348
8   5  14  375000   1.8509 09:18:11 -2.48795007403E+05 -2.48773272579E+05  0.41623  0.38218  0.22832  0.53536 -0.19442  1.00000  1.00000  0.34711 -0.24436 -0.64226 -0.33609 -0.90638 -0.91929  0.00000  0.00000 -0.47348
8   5  14  380000   1.8470 11:18:11 -2.48783646201E+05 -2.48773272579E+05  0.41623  0.38218  0.22832  0.53536 -0.19442  1.00000  1.00000  0.34711 -0.24436 -0.64226 -0.33609 -0.90638 -0.91929  0.00000  0.00000 -0.47348
8   5  15  383502   1.8000 12:18:11 -2.48805381025E+05 -2.48773272579E+05  0.39818  0.38306  0.22645  0.53602 -0.18960  1.00000  1.00000  0.34804 -0.23835 -0.64226 -0.35060 -0.90638 -0.90887  0.00000  0.00000 -0.47348
8   5  15  395000   2.0238 14:18:11 -2.48839160741E+05 -2.48773272579E+05  0.41482  0.38210  0.22842  0.53529 -0.19146  1.00000  1.00000  0.34702 -0.25210 -0.64226 -0.33161 -0.90638 -0.90887  0.00000  0.00000 -0.47348
8   5  15  400000   1.9124 17:18:11 -2.48773272579E+05 -2.48773272579E+05  0.41088  0.38223  0.22728  0.53539 -0.19105  1.00000  1.00000  0.34716 -0.24392 -0.64226 -0.34105 -0.90638 -0.90540  0.00000  0.00000 -0.47348
8   5  16  402487   0.7000 33:18:11 -2.48795007403E+05 -2.48773272579E+05  0.41088  0.38223  0.22728  0.53539 -0.19105  1.00000  1.00000  0.34716 -0.24392 -0.64226 -0.34105 -0.90638 -0.90540  0.00000  0.00000 -0.47348
8   5  16  410000   1.1568 39:18:11 -2.48773272579E+05 -2.48773272579E+05  0.40532  0.38286  0.22697  0.53587 -0.19311  1.00000  1.00000  0.34783 -0.24161 -0.64226 -0.34601 -0.90638 -0.91929  0.00000  0.00000 -0.47348
8   5  16  415000   1.2227 41:18:11 -2.48805381025E+05 -2.48773272579E+05  0.40517  0.38271  0.22677  0.53575 -0.19029  1.00000  1.00000  0.34766 -0.24161 -0.64226 -0.34601 -0.90638 -0.90887  0.00000  0.00000 -0.47348
8   5  16  420000   1.3092 45:18:11 -2.48857891973E+05 -2.48773272579E+05  0.41098  0.38233  0.22741  0.53547 -0.19511  1.00000  1.00000  0.34726 -0.24392 -0.64226 -0.34105 -0.90638 -0.90089  0.00000  0.00000 -0.47348
8   5  16  425000   1.3021 47:18:11 -2.48841142016E+05 -2.48773272579E+05  0.41098  0.22741  0.38233  0.53547 -0.19511  1.00000  1.00000  0.34726 -0.24392 -0.34105 -0.64226 -0.90638 -0.90089  0.00000  0.00000 -0.47348
8   5  17  426748   1.1000 48:18:11 -2.48858885154E+05 -2.48773272579E+05  0.41623  0.38218  0.22832  0.53536 -0.19442  1.00000  1.00000  0.34711 -0.24436 -0.64226 -0.33609 -0.90638 -0.91929  0.00000  0.00000 -0.47348
8   5  17  430000   1.1937 51:18:11 -2.48839160741E+05 -2.48773272579E+05  0.41623  0.38218  0.22832  0.53536 -0.19442  1.00000  1.00000  0.34711 -0.24436 -0.64226 -0.33609 -0.90638 -0.91929  0.00000  0.00000 -0.47348
8   5  17  435000   1.2960 57:18:11 -2.48795007403E+05 -2.48773272579E+05  0.39818  0.38306  0.22645  0.53602 -0.18960  1.00000  1.00000  0.34804 -0.23835 -0.64226 -0.35060 -0.90638 -0.90887  0.00000  0.00000 -0.47348
8   5  17  440000   1.2246 59:18:11 -2.48773272579E+05 -2.48773272579E+05  0.41118  0.38254  0.22767  0.53562 -0.19373  1.00000  1.00000  0.34748 -0.24392 -0.64226 -0.34105 -0.90638 -0.91929  0.00000  0.00000 -0.47348
8   5  17  445000   1.2024 10:19:11 -2.48956476113E+05 -2.48773272579E+05  0.41118  0.38254  0.22767  0.53562 -0.19373  1.00000  1.00000  0.34748 -0.24392 -0.64226 -0.34105 -0.90638 -0.91929  0.00000  0.00000 -0.47348
8   5  18  447863   0.9000 12:19:11 -2.48857891973E+05 -2.48773272579E+05  0.40518  0.38271  0.22678  0.53576 -0.19361  1.00000  1.00000  0.34767 -0.24161 -0.64226 -0.34601 -0.90638 -0.90878  0.00000  0.00000 -0.47348
8   5  18  450000   0.9546 14:19:11 -2.48795007403E+05 -2.48773272579E+05  0.40518  0.38271  0.22678  0.53576 -0.19361  1.00000  1.00000  0.34767 -0.24161 -0.64226 -0.34601 -0.90638 -0.90878  0.00000  0.00000 -0.47348
8   5  18  455000   0.9353 17:19:11 -2.48773272579E+05 -2.48773272579E+05  0.41118  0.38254  0.22767  0.53562 -0.19373  1.00000  1.00000  0.34748 -0.24392 -0.64226 -0.34105 -0.90638 -0.91929  0.00000  0.00000 -0.47348
8   5  18  465000   0.9308 19:19:11 -2.48773272579E+05 -2.48773272579E+05  0.41118  0.38254  0.22767  0.53562 -0.19373  1.00000  1.00000  0.34748 -0.24392 -0.64226 -0.34105 -0.90638 -0.91929  0.00000  0.00000 -0.47348
8   5  19  472429   1.3000 20:19:11 -2.48839160741E+05 -2.48773272579E+05  0.41118  0.38254  0.22767  0.53562 -0.19373  1.00000  1.00000  0.34748 -0.24392 -0.64226 -0.34105 -0.90638 -0.91929  0.00000  0.00000 -0.47348
8   5  19  475000   1.0441 21:19:11 -2.48783646201E+05 -2.48773272579E+05  0.41118  0.38254  0.22767  0.53562 -0.19373  1.00000  1.00000  0.34748 -0.24392 -0.64226 -0.34105 -0.90638 -0.91929  0.00000  0.00000 -0.47348
8   5  19  490000   0.8860 24:19:11 -2.48773272579E+05 -2.48773272579E+05  0.41118  0.38254  0.22767  0.53562 -0.19373  1.00000  1.00000  0.34748 -0.24392 -0.64226 -0.34105 -0.90638 -0.91929  0.00000  0.00000 -0.47348
8   5  20  495273   0.9000 25:19:11 -2.48828787118E+05 -2.48773272579E+05  0.40322  0.38275  0.22712  0.53578 -0.19021  1.00000  1.00000  0.34770 -0.23992 -0.64226 -0.34517 -0.90638 -0.90887  0.00000  0.00000 -0.47348
8   5  20  500000   0.8322 27:19:11 -2.48783646201E+05 -2.48773272579E+05  0.41118  0.38254  0.22767  0.53562 -0.19373  1.00000  1.00000  0.34748 -0.24392 -0.64226 -0.34105 -0.90638 -0.91929  0.00000  0.00000 -0.47348
8   5  20  515000   0.8244 29:19:11 -2.48795007403E+05 -2.48773272579E+05  0.40532  0.38286  0.22697  0.53587 -0.19311  1.00000  1.00000  0.34783 -0.24161 -0.64226 -0.34601 -0.90638 -0.91929  0.00000  0.00000 -0.47348
8   5  21  520141   0.9000 30:19:11 -2.48773272579E+05 -2.48773272579E+05  0.40532  0.38286  0.22697  0.53587 -0.19311  1.00000  1.00000  0.34783 -0.24161 -0.64226 -0.34601 -0.90638 -0.91929  0.00000  0.00000 -0.47348
8   5  21  530000   0.7226 31:19:11 -2.48783646201E+05 -2.48773272579E+05  0.41623  0.38218  0.22832  0.53536 -0.19442  1.00000  1.00000  0.34711 -0.24436 -0.64226 -0.33609 -0.90638 -0.91929  0.00000  0.00000 -0.47348
8   5  21  540000   0.7461 33:19:11 -2.48783646201E+05 -2.48773272579E+05  0.39833  0.38322  0.22665  0.53614 -0.19241  1.00000  1.00000  0.34821 -0.23835 -0.64226 -0.35060 -0.90638 -0.91929  0.00000  0.00000 -0.47348
8   5 200  543540   0.0000 34:19:11 -2.48773272579E+05 -2.48773272579E+05  0.40532  0.38286  0.22697  0.53587  1.00000  1.00000 -0.19311  0.34783 -0.24161 -0.64226 -0.34601 -0.90638  0.00000  0.00000 -0.91929 -0.47348
