K Run Tem Iterate    Move%     Time        CurrentLogL           BestLogL     Fst1     Fst2     Fst3     Fis1     Fis2     Fis3
3   6   1       0   1.0000 49:46:08 -3.04307802856E+05 -3.04307802856E+05 -0.02793 -0.04013  0.06050 -0.16681 -0.17505 -0.14783
3   6   1     100   3.8462 49:46:08 -3.03280333780E+05 -3.03280333780E+05 -0.02793 -0.04013  0.06050 -0.16681 -0.17505 -0.14783
3   6   1     200  22.9268 49:46:08 -2.76911782548E+05 -2.76192415185E+05 -0.02793 -0.04013  0.06050 -0.16681 -0.17505 -0.14783
3   6   1     400  22.2222 49:46:08 -2.49429707482E+05 -2.49429707482E+05 -0.04013  0.06050 -0.02793 -0.17505 -0.14783 -0.16681
3   6   1     800  18.2771 50:46:08 -2.49934460763E+05 -2.49285580502E+05 -0.04013 -0.02793  0.06050 -0.17505 -0.16681 -0.14783
3   6   1    1600  16.6855 50:46:08 -2.49899245297E+05 -2.49279544726E+05  0.40437  0.06767  0.07245 -0.20788 -0.88893 -0.88948
3   6   1    3200  16.0201 50:46:08 -2.45860611929E+05 -2.44686976481E+05  0.31685  0.38065 -0.04922 -0.29965 -0.17305 -0.88936
3   6   1    5000  18.9491 52:46:08 -2.47938087105E+05 -2.43351288434E+05  0.37831 -0.05629  0.31931 -0.17897 -0.88936 -0.23301
3   6   1    6400  21.1851 52:46:08 -2.47816884684E+05 -2.43333036986E+05  0.33165  0.31480 -0.04709 -0.22400 -0.14115 -0.88936
3   6   2   10000  31.1939 02:47:08 -2.51733601348E+05 -2.43333036986E+05  0.35200  0.29236 -0.04336 -0.22836 -0.17646 -0.88936
3   6   3   12800  25.5656 10:47:08 -2.45725645009E+05 -2.43333036986E+05 -0.04406  0.29073  0.33399 -0.88936 -0.20536 -0.20627
3   6   3   15000  23.9213 11:47:08 -2.49374380775E+05 -2.43333036986E+05  0.40989  0.30927 -0.05106 -0.20759 -0.29354 -0.88936
3   6   3   20000  23.0175 13:47:08 -2.49527693740E+05 -2.42929214701E+05 -0.04707  0.32098  0.34088 -0.88936 -0.10945 -0.25549
3   6   4   25000  18.1288 15:47:08 -2.43622517884E+05 -2.42666125782E+05 -0.06793  0.39870  0.05696 -0.39300 -0.21193 -0.87846
3   6   4   25600  18.6636 15:47:08 -2.49451403651E+05 -2.42666125782E+05 -0.06793  0.39870  0.05696 -0.39300 -0.21193 -0.87846
3   6   5   30000  19.1866 19:47:08 -2.46966753536E+05 -2.42666125782E+05  0.40329  0.31318 -0.04904 -0.20559 -0.30849 -0.88936
3   6   6   35000  17.6589 26:47:08 -2.46359991905E+05 -2.42661806490E+05  0.33686  0.34532 -0.05012 -0.22878 -0.21729 -0.88936
3   6   6   40000  18.3975 30:47:08 -2.46288139146E+05 -2.42589460096E+05  0.40909  0.31397 -0.05275 -0.20059 -0.29031 -0.88936
3   6   7   45000  15.1970 49:47:08 -2.44009314288E+05 -2.42383561194E+05  0.40620  0.31959 -0.05576 -0.19787 -0.26853 -0.88936
3   6   8   50000  13.1868 01:48:08 -2.43250122509E+05 -2.42181744328E+05  0.43052  0.31804 -0.05639 -0.20093 -0.29609 -0.88936
3   6   8   51200  13.9819 01:48:08 -2.44209832707E+05 -2.42181744328E+05  0.40842  0.31369 -0.04771 -0.21149 -0.32547 -0.88936
3   6   8   55000  13.5976 03:48:08 -2.44779906614E+05 -2.41799367203E+05  0.40612  0.31400 -0.04771 -0.20403 -0.32858 -0.88936
3   6   9   60000  11.4882 15:48:08 -2.44452626967E+05 -2.41799367203E+05  0.42179  0.31907 -0.05467 -0.20244 -0.29832 -0.88936
3   6  10   65000   9.2919 21:48:08 -2.42696784091E+05 -2.41799367203E+05  0.40381  0.31424 -0.04700 -0.20859 -0.32681 -0.88936
3   6  11   70000  10.9322 23:48:08 -2.42739756641E+05 -2.41799367203E+05  0.40969  0.31315 -0.04841 -0.20844 -0.32304 -0.88936
3   6  11   75000   8.3211 29:48:08 -2.42821566786E+05 -2.41799367203E+05  0.42982  0.32015 -0.05979 -0.20958 -0.26512 -0.88936
3   6  12   80000   7.9712 51:48:08 -2.43275390574E+05 -2.41799367203E+05  0.41566  0.31285 -0.05118 -0.20813 -0.30828 -0.88936
3   6  13   85000   6.6148 02:49:08 -2.42304860675E+05 -2.41760619115E+05  0.41237  0.31358 -0.04615 -0.21081 -0.34740 -0.88936
3   6  14   90000   4.0816 06:49:08 -2.42335083533E+05 -2.41760619115E+05  0.43025  0.31842 -0.05625 -0.20596 -0.29423 -0.88936
3   6  14   95000   6.5701 09:49:08 -2.42348957050E+05 -2.41760619115E+05  0.41542  0.31301 -0.04768 -0.21178 -0.33687 -0.88936
3   6  15  100000   6.0121 15:49:08 -2.42424752201E+05 -2.41760619115E+05  0.41180  0.31454 -0.04911 -0.20706 -0.32420 -0.88936
3   6  15  102400   5.7107 15:49:08 -2.43026162866E+05 -2.41760619115E+05  0.41826  0.31278 -0.04919 -0.21602 -0.32455 -0.88936
3   6  16  104618   4.0000 18:49:08 -2.42142294940E+05 -2.41760619115E+05  0.42936  0.31842 -0.05514 -0.20259 -0.30540 -0.88936
3   6  16  105000   3.5789 19:49:08 -2.41791612759E+05 -2.41760619115E+05  0.43068  0.31821 -0.05710 -0.21007 -0.28815 -0.88936
3   6  16  110000   4.4379 25:49:08 -2.42467644230E+05 -2.41760619115E+05  0.41775  0.32066 -0.05320 -0.20317 -0.30630 -0.88936
3   6  17  111535   4.0000 27:49:08 -2.42016945495E+05 -2.41760619115E+05  0.40720  0.31545 -0.04551 -0.20792 -0.35087 -0.88936
3   6  17  115000   4.6176 31:49:08 -2.42020123714E+05 -2.41760619115E+05  0.41061  0.31558 -0.04700 -0.21759 -0.33417 -0.88936
3   6  18  118440   2.1000 34:49:08 -2.41829866195E+05 -2.41760619115E+05  0.41518  0.31432 -0.04771 -0.21603 -0.33521 -0.88936
3   6  18  120000   3.2117 35:49:08 -2.42365103200E+05 -2.41760619115E+05  0.41566  0.31321 -0.04769 -0.21627 -0.33369 -0.88936
3   6  19  125000   3.2095 37:49:08 -2.41813934602E+05 -2.41760619115E+05  0.41325  0.31519 -0.04696 -0.21773 -0.33844 -0.88936
3   6  19  125355   2.9000 38:49:08 -2.41799367203E+05 -2.41760619115E+05  0.41325  0.31519 -0.04696 -0.21773 -0.33844 -0.88936
3   6  19  130000   3.4811 48:49:08 -2.42085794846E+05 -2.41760619115E+05  0.41934  0.31264 -0.04921 -0.21692 -0.32541 -0.88936
3   6  20  132356   4.1000 00:50:08 -2.41837178869E+05 -2.41760619115E+05  0.41351  0.31452 -0.04696 -0.21605 -0.33924 -0.88936
3   6  20  135000   3.7241 02:50:08 -2.41932871628E+05 -2.41760619115E+05  0.40831  0.31618 -0.04551 -0.21117 -0.35123 -0.88936
3   6  21  139280   4.0000 21:50:08 -2.41887128001E+05 -2.41760619115E+05  0.41309  0.31471 -0.04695 -0.21807 -0.33683 -0.88936
3   6  21  140000   3.9162 21:50:08 -2.41817350489E+05 -2.41760619115E+05  0.41309  0.31471 -0.04695 -0.21807 -0.33683 -0.88936
3   6  21  145000   3.2983 25:50:08 -2.41762251037E+05 -2.41760619115E+05  0.40681  0.31762 -0.04396 -0.20954 -0.36841 -0.88936
3   6  22  150000   2.8864 28:50:08 -2.41873299509E+05 -2.41760619115E+05  0.41484  0.31416 -0.04770 -0.21547 -0.33476 -0.88936
3   6  23  153046   2.2000 31:50:08 -2.41797098176E+05 -2.41760619115E+05  0.41095  0.31648 -0.04624 -0.21702 -0.34403 -0.88936
3   6  23  155000   2.0464 31:50:08 -2.41799367203E+05 -2.41760619115E+05  0.41542  0.31301 -0.04768 -0.21178 -0.33687 -0.88936
3   6  24  159909   1.8000 37:50:08 -2.41911116806E+05 -2.41760619115E+05  0.40681  0.31762 -0.04396 -0.20954 -0.36841 -0.88936
3   6  24  160000   1.8953 37:50:08 -2.41870664553E+05 -2.41760619115E+05  0.40681  0.31762 -0.04396 -0.20954 -0.36841 -0.88936
3   6  24  165000   2.1665 40:50:08 -2.41817350489E+05 -2.41760619115E+05  0.41934  0.31264 -0.04921 -0.21692 -0.32541 -0.88936
3   6  25  166785   3.2000 43:50:08 -2.41924969895E+05 -2.41760619115E+05  0.40957  0.31684 -0.04550 -0.21712 -0.34888 -0.88936
3   6  25  170000   2.4834 45:50:08 -2.41894541399E+05 -2.41760619115E+05  0.41172  0.31546 -0.04621 -0.21776 -0.34283 -0.88936
3   6  26  173616   1.5000 47:50:08 -2.42001379177E+05 -2.41760619115E+05  0.41172  0.31546 -0.04621 -0.21776 -0.34283 -0.88936
3   6  26  175000   1.6654 49:50:08 -2.41760619115E+05 -2.41760619115E+05  0.41752  0.31312 -0.04845 -0.21638 -0.33011 -0.88936
3   6  27  180000   0.8715 54:50:08 -2.41762251037E+05 -2.41760619115E+05  0.41934  0.31264 -0.04921 -0.21692 -0.32541 -0.88936
3   6  27  180462   1.0000 57:50:08 -2.41762251037E+05 -2.41760619115E+05  0.41752  0.31312 -0.04845 -0.21638 -0.33011 -0.88936
3   6  27  185000   1.5965 04:51:08 -2.41870664553E+05 -2.41760619115E+05  0.41934  0.31264 -0.04921 -0.21692 -0.32541 -0.88936
3   6  28  187302   1.7000 05:51:08 -2.41762251037E+05 -2.41760619115E+05  0.40713  0.31792 -0.04395 -0.21241 -0.36625 -0.88936
3   6  28  190000   1.4702 06:51:08 -2.41797098176E+05 -2.41760619115E+05  0.41934  0.31264 -0.04921 -0.21692 -0.32541 -0.88936
3   6  29  194115   1.1000 09:51:08 -2.41760619115E+05 -2.41760619115E+05  0.41934  0.31264 -0.04921 -0.21692 -0.32541 -0.88936
3   6  29  195000   1.1358 10:51:08 -2.41797098176E+05 -2.41760619115E+05  0.41934  0.31264 -0.04921 -0.21692 -0.32541 -0.88936
3   6  29  200000   1.1266 13:51:08 -2.41760619115E+05 -2.41760619115E+05  0.41752  0.31312 -0.04845 -0.21638 -0.33011 -0.88936
3   6  30  200885   1.1000 13:51:08 -2.41762251037E+05 -2.41760619115E+05  0.41934  0.31264 -0.04921 -0.21692 -0.32541 -0.88936
3   6  31  207722   0.9000 15:51:08 -2.41813934602E+05 -2.41760619115E+05  0.41752  0.31312 -0.04845 -0.21638 -0.33011 -0.88936
3   6  31  210000   0.8269 17:51:08 -2.41762251037E+05 -2.41760619115E+05  0.41934  0.31264 -0.04921 -0.21692 -0.32541 -0.88936
3   6  32  214484   0.6000 20:51:08 -2.41762251037E+05 -2.41760619115E+05  0.41934  0.31264 -0.04921 -0.21692 -0.32541 -0.88936
3   6  32  215000   0.8783 20:51:08 -2.41762251037E+05 -2.41760619115E+05  0.41934  0.31264 -0.04921 -0.21692 -0.32541 -0.88936
3   6  32  220000   0.9503 26:51:08 -2.41762251037E+05 -2.41760619115E+05  0.41540  0.31386 -0.04769 -0.21802 -0.33291 -0.88936
3   6  33  225000   0.8093 32:51:08 -2.41762251037E+05 -2.41760619115E+05  0.41934  0.31264 -0.04921 -0.21692 -0.32541 -0.88936
3   6  34  228037   1.0000 36:51:08 -2.41762251037E+05 -2.41760619115E+05  0.41934  0.31264 -0.04921 -0.21692 -0.32541 -0.88936
3   6  34  230000   0.8888 38:51:08 -2.41760619115E+05 -2.41760619115E+05  0.41934  0.31264 -0.04921 -0.21692 -0.32541 -0.88936
3   6  35  234787   0.9000 41:51:08 -2.41762251037E+05 -2.41760619115E+05  0.41934  0.31264 -0.04921 -0.21692 -0.32541 -0.88936
3   6  35  235000   0.8828 42:51:08 -2.41762251037E+05 -2.41760619115E+05  0.41934  0.31264 -0.04921 -0.21692 -0.32541 -0.88936
3   6  35  240000   0.6932 46:51:08 -2.41762251037E+05 -2.41760619115E+05  0.41934  0.31264 -0.04921 -0.21692 -0.32541 -0.88936
3   6  36  245000   0.5770 50:51:08 -2.41762251037E+05 -2.41760619115E+05  0.41934  0.31264 -0.04921 -0.21692 -0.32541 -0.88936
3   6  37  248258   0.7000 53:51:08 -2.41762251037E+05 -2.41760619115E+05  0.41752  0.31312 -0.04845 -0.21638 -0.33011 -0.88936
3   6  37  250000   0.7005 55:51:08 -2.41762251037E+05 -2.41760619115E+05  0.41934  0.31264 -0.04921 -0.21692 -0.32541 -0.88936
3   6  38  254975   0.6000 05:52:08 -2.41760619115E+05 -2.41760619115E+05  0.41934  0.31264 -0.04921 -0.21692 -0.32541 -0.88936
3   6  38  255000   0.5786 05:52:08 -2.41760619115E+05 -2.41760619115E+05  0.41934  0.31264 -0.04921 -0.21692 -0.32541 -0.88936
3   6  38  260000   0.6666 15:52:08 -2.41760619115E+05 -2.41760619115E+05  0.41934  0.31264 -0.04921 -0.21692 -0.32541 -0.88936
3   6  39  261671   0.8000 16:52:08 -2.41760619115E+05 -2.41760619115E+05  0.41934  0.31264 -0.04921 -0.21692 -0.32541 -0.88936
3   6  39  265000   0.6563 18:52:08 -2.41760619115E+05 -2.41760619115E+05  0.41934  0.31264 -0.04921 -0.21692 -0.32541 -0.88936
3   6  40  268364   0.8000 20:52:08 -2.41762251037E+05 -2.41760619115E+05  0.41752  0.31312 -0.04845 -0.21638 -0.33011 -0.88936
3   6  40  270000   0.6835 22:52:08 -2.41762251037E+05 -2.41760619115E+05  0.41934  0.31264 -0.04921 -0.21692 -0.32541 -0.88936
3   6  41  275000   0.7338 29:52:08 -2.41762251037E+05 -2.41760619115E+05  0.41752  0.31312 -0.04845 -0.21638 -0.33011 -0.88936
3   6  41  275041   0.7000 29:52:08 -2.41762251037E+05 -2.41760619115E+05  0.41752  0.31312 -0.04845 -0.21638 -0.33011 -0.88936
3   6  41  280000   0.5613 33:52:08 -2.41760619115E+05 -2.41760619115E+05  0.41934  0.31264 -0.04921 -0.21692 -0.32541 -0.88936
3   6  42  281756   0.8000 37:52:08 -2.41762251037E+05 -2.41760619115E+05  0.41752  0.31312 -0.04845 -0.21638 -0.33011 -0.88936
3   6  42  285000   0.6299 50:52:08 -2.41762251037E+05 -2.41760619115E+05  0.41934  0.31264 -0.04921 -0.21692 -0.32541 -0.88936
3   6  43  288487   0.8000 58:52:08 -2.41760619115E+05 -2.41760619115E+05  0.41934  0.31264 -0.04921 -0.21692 -0.32541 -0.88936
3   6  43  290000   0.6859 59:52:08 -2.41762251037E+05 -2.41760619115E+05  0.41752  0.31312 -0.04845 -0.21638 -0.33011 -0.88936
3   6  44  295000   0.7160 08:53:08 -2.41762251037E+05 -2.41760619115E+05  0.41934  0.31264 -0.04921 -0.21692 -0.32541 -0.88936
3   6  44  295141   0.7000 08:53:08 -2.41760619115E+05 -2.41760619115E+05  0.41934  0.31264 -0.04921 -0.21692 -0.32541 -0.88936
3   6  44  300000   0.7317 15:53:08 -2.41760619115E+05 -2.41760619115E+05  0.41934  0.31264 -0.04921 -0.21692 -0.32541 -0.88936
3   6  45  305000   0.6181 19:53:08 -2.41762251037E+05 -2.41760619115E+05  0.41752  0.31312 -0.04845 -0.21638 -0.33011 -0.88936
3   6  46  308494   0.7000 24:53:08 -2.41760619115E+05 -2.41760619115E+05  0.41752  0.31312 -0.04845 -0.21638 -0.33011 -0.88936
3   6  46  310000   0.6095 27:53:08 -2.41760619115E+05 -2.41760619115E+05  0.41934  0.31264 -0.04921 -0.21692 -0.32541 -0.88936
3   6  47  315000   0.7557 36:53:08 -2.41760619115E+05 -2.41760619115E+05  0.41934  0.31264 -0.04921 -0.21692 -0.32541 -0.88936
3   6  47  315173   0.8000 36:53:08 -2.41760619115E+05 -2.41760619115E+05  0.41934  0.31264 -0.04921 -0.21692 -0.32541 -0.88936
3   6 200  316816   0.0000 36:53:08 -2.41760619115E+05 -2.41760619115E+05  0.41752  0.31312 -0.04845 -0.21638 -0.33011 -0.88936
