K Run Tem Iterate    Move%     Time        CurrentLogL           BestLogL     Fst1     Fst2     Fst3     Fis1     Fis2     Fis3
3   2   1       0   1.0000 26:28:08 -3.04054370921E+05 -3.04054370921E+05  0.06031  0.01993 -0.08410 -0.16045 -0.16935 -0.16552
3   2   1     100   1.9608 26:28:08 -2.98076833064E+05 -2.98076833064E+05 -0.08410  0.01993  0.06031 -0.16552 -0.16935 -0.16045
3   2   1     200  20.0000 26:28:08 -2.66669854622E+05 -2.66669854622E+05  0.01993 -0.08410  0.06031 -0.16935 -0.16552 -0.16045
3   2   1     400  21.8750 26:28:08 -2.50753830994E+05 -2.50753830994E+05 -0.08410  0.01993  0.06031 -0.16552 -0.16935 -0.16045
3   2   1     800  29.8906 26:28:08 -2.51221041208E+05 -2.45640859797E+05 -0.08410  0.01993  0.06031 -0.16552 -0.16935 -0.16045
3   2   1    1600  30.7455 26:28:08 -2.49353708757E+05 -2.45640859797E+05  0.32342  0.34520 -0.05066 -0.23842 -0.12629 -0.88936
3   2   1    3200  32.2991 26:28:08 -2.48315614623E+05 -2.43181770127E+05  0.28053  0.35594 -0.03959 -0.19676 -0.21928 -0.88936
3   2   2    6400  34.9588 27:28:08 -2.47108902003E+05 -2.43181770127E+05  0.35494  0.31897 -0.04700 -0.21863 -0.23312 -0.88936
3   2   3   10000  29.6503 27:28:08 -2.49743436558E+05 -2.43181770127E+05  0.30813 -0.04270  0.37345 -0.28514 -0.88936 -0.21297
3   2   3   12800  25.8954 28:28:08 -2.50403896863E+05 -2.43181770127E+05  0.34200  0.23888 -0.02872 -0.22082 -0.14929 -0.88533
3   2   4   20000  25.9168 29:28:08 -2.47296806644E+05 -2.43181770127E+05  0.07115  0.40539  0.07263 -0.88329 -0.20788 -0.91234
3   2   5   25600  20.1350 30:28:08 -2.47914164999E+05 -2.43181770127E+05  0.39437  0.32018 -0.05444 -0.18066 -0.26940 -0.88936
3   2   6   30000  20.6128 31:28:08 -2.46210420944E+05 -2.43181770127E+05  0.31279  0.36704 -0.03233 -0.31308 -0.22893 -0.88936
3   2   7   40000  17.3578 33:28:08 -2.45691477472E+05 -2.42722231123E+05  0.33481  0.32489 -0.04814 -0.21629 -0.20260 -0.88936
3   2   9   51200  14.7987 34:28:08 -2.43828871428E+05 -2.42411530522E+05  0.39686  0.31233 -0.04834 -0.20319 -0.30337 -0.88936
3   2   9   55000  14.1280 35:28:08 -2.44620894045E+05 -2.42410462893E+05  0.40363  0.32390 -0.05696 -0.19412 -0.25762 -0.88936
3   2  11   65000  11.9166 37:28:08 -2.43702265786E+05 -2.41842563561E+05  0.41649  0.31293 -0.05058 -0.21126 -0.31336 -0.88936
3   2  13   80000   8.3579 39:28:08 -2.43490313066E+05 -2.41760619115E+05  0.40780  0.31901 -0.05085 -0.19487 -0.31749 -0.88936
3   2  14   90000   7.0255 41:28:08 -2.42541407680E+05 -2.41760619115E+05  0.41543  0.31301 -0.04769 -0.21407 -0.33484 -0.88936
3   2  16  100000   5.3666 44:28:08 -2.42361765870E+05 -2.41760619115E+05  0.41064  0.31455 -0.04697 -0.20960 -0.33983 -0.88936
3   2  16  102400   5.3518 45:28:08 -2.42082080010E+05 -2.41760619115E+05  0.41199  0.31404 -0.04615 -0.21379 -0.34448 -0.88936
3   2  17  105457   6.0000 45:28:08 -2.41866212083E+05 -2.41760619115E+05  0.41313  0.31382 -0.04695 -0.21426 -0.33879 -0.88936
3   2  17  110000   5.4826 46:28:08 -2.42909362558E+05 -2.41760619115E+05  0.41080  0.31475 -0.04619 -0.20977 -0.34754 -0.88936
3   2  18  112342   3.9000 46:28:08 -2.42118223566E+05 -2.41760619115E+05  0.40757  0.31695 -0.04555 -0.21203 -0.35030 -0.88936
3   2  19  119270   4.5000 48:28:08 -2.41885521233E+05 -2.41760619115E+05  0.41371  0.31402 -0.04693 -0.21792 -0.33678 -0.88936
3   2  19  120000   4.3692 48:28:08 -2.42235025441E+05 -2.41760619115E+05  0.41371  0.31402 -0.04693 -0.21792 -0.33678 -0.88936
3   2  20  126147   4.5000 49:28:08 -2.42446714930E+05 -2.41760619115E+05  0.41484  0.31351 -0.04844 -0.21519 -0.32712 -0.88936
3   2  20  130000   3.9326 50:28:08 -2.42060621723E+05 -2.41760619115E+05  0.41771  0.31173 -0.04993 -0.21933 -0.31298 -0.88936
3   2  21  133089   2.8000 50:28:08 -2.41762251037E+05 -2.41760619115E+05  0.41602  0.31337 -0.04844 -0.21224 -0.33147 -0.88936
3   2  22  139992   3.2000 51:28:08 -2.41878488578E+05 -2.41760619115E+05  0.41095  0.31648 -0.04624 -0.21702 -0.34403 -0.88936
3   2  22  145000   3.1942 52:28:08 -2.41924775528E+05 -2.41760619115E+05  0.40602  0.31863 -0.04402 -0.20876 -0.36958 -0.88936
3   2  23  146941   3.4000 53:28:08 -2.41837178869E+05 -2.41760619115E+05  0.41325  0.31519 -0.04696 -0.21773 -0.33844 -0.88936
3   2  24  155000   2.8774 54:28:08 -2.41847033182E+05 -2.41760619115E+05  0.40602  0.31863 -0.04402 -0.20876 -0.36958 -0.88936
3   2  25  160663   2.7000 55:28:08 -2.41762251037E+05 -2.41760619115E+05  0.41760  0.31345 -0.04918 -0.21618 -0.32458 -0.88936
3   2  25  165000   2.8026 56:28:08 -2.41892925245E+05 -2.41760619115E+05  0.41228  0.31521 -0.04698 -0.21188 -0.34221 -0.88936
3   2  26  170000   2.3936 59:28:08 -2.41857997594E+05 -2.41760619115E+05  0.41934  0.31264 -0.04921 -0.21692 -0.32541 -0.88936
3   2  27  174394   1.8000 02:29:08 -2.41762251037E+05 -2.41760619115E+05  0.41826  0.31278 -0.04919 -0.21602 -0.32455 -0.88936
3   2  27  175000   1.6365 04:29:08 -2.41762251037E+05 -2.41760619115E+05  0.41826  0.31278 -0.04919 -0.21602 -0.32455 -0.88936
3   2  27  180000   1.7744 13:29:08 -2.41971652388E+05 -2.41760619115E+05  0.40508  0.31947 -0.04325 -0.20937 -0.37672 -0.88936
3   2  28  181221   1.8000 14:29:08 -2.41762251037E+05 -2.41760619115E+05  0.41703  0.31246 -0.04844 -0.21199 -0.33168 -0.88936
3   2  28  185000   1.9016 21:29:08 -2.41762251037E+05 -2.41760619115E+05  0.41518  0.31432 -0.04771 -0.21603 -0.33521 -0.88936
3   2  29  187996   2.1000 21:29:08 -2.41797098176E+05 -2.41760619115E+05  0.41518  0.31432 -0.04771 -0.21603 -0.33521 -0.88936
3   2  30  194763   2.0000 24:29:08 -2.41799367203E+05 -2.41760619115E+05  0.41752  0.31312 -0.04845 -0.21638 -0.33011 -0.88936
3   2  30  195000   1.7282 24:29:08 -2.41799367203E+05 -2.41760619115E+05  0.41752  0.31312 -0.04845 -0.21638 -0.33011 -0.88936
3   2  31  201593   1.0000 25:29:08 -2.41760619115E+05 -2.41760619115E+05  0.41752  0.31312 -0.04845 -0.21638 -0.33011 -0.88936
3   2  31  205000   1.4219 27:29:08 -2.41760619115E+05 -2.41760619115E+05  0.41518  0.31432 -0.04771 -0.21603 -0.33521 -0.88936
3   2  32  208381   0.9000 28:29:08 -2.41762251037E+05 -2.41760619115E+05  0.41752  0.31312 -0.04845 -0.21638 -0.33011 -0.88936
3   2  33  215000   0.7238 30:29:08 -2.41760619115E+05 -2.41760619115E+05  0.41752  0.31312 -0.04845 -0.21638 -0.33011 -0.88936
3   2  33  215153   0.7000 30:29:08 -2.41762251037E+05 -2.41760619115E+05  0.41752  0.31312 -0.04845 -0.21638 -0.33011 -0.88936
3   2  33  220000   0.7528 32:29:08 -2.41760619115E+05 -2.41760619115E+05  0.41934  0.31264 -0.04921 -0.21692 -0.32541 -0.88936
3   2  34  221902   1.1000 32:29:08 -2.41760619115E+05 -2.41760619115E+05  0.41934  0.31264 -0.04921 -0.21692 -0.32541 -0.88936
3   2  35  228654   0.6000 34:29:08 -2.41813934602E+05 -2.41760619115E+05  0.41934  0.31264 -0.04921 -0.21692 -0.32541 -0.88936
3   2  35  230000   0.6675 34:29:08 -2.41762251037E+05 -2.41760619115E+05  0.41934  0.31264 -0.04921 -0.21692 -0.32541 -0.88936
3   2  36  235000   0.5445 36:29:08 -2.41762251037E+05 -2.41760619115E+05  0.41752  0.31312 -0.04845 -0.21638 -0.33011 -0.88936
3   2  36  235379   0.6000 36:29:08 -2.41760619115E+05 -2.41760619115E+05  0.41752  0.31312 -0.04845 -0.21638 -0.33011 -0.88936
3   2  36  240000   0.7997 38:29:08 -2.41762251037E+05 -2.41760619115E+05  0.41752  0.31312 -0.04845 -0.21638 -0.33011 -0.88936
3   2  37  242111   0.8000 39:29:08 -2.41760619115E+05 -2.41760619115E+05  0.41934  0.31264 -0.04921 -0.21692 -0.32541 -0.88936
3   2  37  245000   0.9137 40:29:08 -2.41760619115E+05 -2.41760619115E+05  0.41752  0.31312 -0.04845 -0.21638 -0.33011 -0.88936
3   2  38  248806   0.8000 41:29:08 -2.41760619115E+05 -2.41760619115E+05  0.41934  0.31264 -0.04921 -0.21692 -0.32541 -0.88936
3   2  39  255000   0.8902 42:29:08 -2.41762251037E+05 -2.41760619115E+05  0.41752  0.31312 -0.04845 -0.21638 -0.33011 -0.88936
3   2  39  255571   0.6000 42:29:08 -2.41760619115E+05 -2.41760619115E+05  0.41752  0.31312 -0.04845 -0.21638 -0.33011 -0.88936
3   2  40  262307   0.8000 44:29:08 -2.41760619115E+05 -2.41760619115E+05  0.41934  0.31264 -0.04921 -0.21692 -0.32541 -0.88936
3   2  40  265000   0.8610 44:29:08 -2.41760619115E+05 -2.41760619115E+05  0.41934  0.31264 -0.04921 -0.21692 -0.32541 -0.88936
3   2  41  268973   0.6000 47:29:08 -2.41760619115E+05 -2.41760619115E+05  0.41752  0.31312 -0.04845 -0.21638 -0.33011 -0.88936
3   2  41  270000   0.7263 47:29:08 -2.41760619115E+05 -2.41760619115E+05  0.41934  0.31264 -0.04921 -0.21692 -0.32541 -0.88936
3   2  42  275000   0.5348 49:29:08 -2.41760619115E+05 -2.41760619115E+05  0.41752  0.31312 -0.04845 -0.21638 -0.33011 -0.88936
3   2  42  275694   0.7000 49:29:08 -2.41760619115E+05 -2.41760619115E+05  0.41752  0.31312 -0.04845 -0.21638 -0.33011 -0.88936
3   2  43  282344   0.9000 50:29:08 -2.41760619115E+05 -2.41760619115E+05  0.41934  0.31264 -0.04921 -0.21692 -0.32541 -0.88936
3   2  44  289026   0.5000 52:29:08 -2.41760619115E+05 -2.41760619115E+05  0.41934  0.31264 -0.04921 -0.21692 -0.32541 -0.88936
3   2  44  290000   0.5172 52:29:08 -2.41760619115E+05 -2.41760619115E+05  0.41934  0.31264 -0.04921 -0.21692 -0.32541 -0.88936
3   2  45  300000   0.5611 54:29:08 -2.41760619115E+05 -2.41760619115E+05  0.41752  0.31312 -0.04845 -0.21638 -0.33011 -0.88936
3   2  46  302370   0.6000 56:29:08 -2.41760619115E+05 -2.41760619115E+05  0.41934  0.31264 -0.04921 -0.21692 -0.32541 -0.88936
3   2  46  305000   0.7455 56:29:08 -2.41760619115E+05 -2.41760619115E+05  0.41752  0.31312 -0.04845 -0.21638 -0.33011 -0.88936
3   2  47  309094   0.7000 00:30:08 -2.41760619115E+05 -2.41760619115E+05  0.41934  0.31264 -0.04921 -0.21692 -0.32541 -0.88936
3   2 200  309621   0.0000 00:30:08 -2.41760619115E+05 -2.41760619115E+05  0.41752  0.31312 -0.04845 -0.21638 -0.33011 -0.88936
