Iter   Tolerance Admix(mean)   Admix(SD)    Fst1    Fst2    Fst3    Fst4    Fst5    Fst6    Fst7    Fst8   QPop1   QPop2   QPop3   QPop4   QPop5   QPop6   QPop7   QPop8
   1  5.1005E-03    0.825295    0.053080  0.2493 -0.2139  0.2034  0.0756  0.1508  0.0937  0.0216  0.0225  0.1636  0.1008  0.1666  0.1119  0.1264  0.1180  0.1063  0.1064
   2  7.0079E-03    0.679091    0.262899  0.3630 -0.1665  0.2250  0.1132  0.2445  0.1438  0.0130  0.0146  0.2090  0.1591  0.1930  0.0830  0.1195  0.1038  0.0661  0.0664
   3  4.7469E-03    0.559417    0.269801  0.4332 -0.1290  0.2549  0.1569  0.3818  0.2353 -0.0463 -0.0444  0.2506  0.1595  0.1925  0.0641  0.1236  0.1212  0.0441  0.0443
   4  4.1262E-03    0.421263    0.291965  0.4653 -0.0870  0.2887  0.2838  0.4664  0.3148 -0.1276 -0.1252  0.2674  0.1554  0.1851  0.0649  0.1341  0.1364  0.0283  0.0284
   5  7.4015E-04    0.348217    0.314052  0.4801 -0.0608  0.3109  0.3299  0.4940  0.3601 -0.1540 -0.1527  0.2762  0.1540  0.1904  0.0614  0.1346  0.1418  0.0208  0.0209
   6  1.8259E-04    0.315913    0.318317  0.4886 -0.0441  0.3252  0.3541  0.5045  0.3855 -0.1542 -0.1576  0.2825  0.1537  0.1982  0.0585  0.1321  0.1406  0.0173  0.0172
   7  8.1309E-05    0.299165    0.318724  0.4961 -0.0292  0.3368  0.3717  0.5114  0.4018 -0.1492 -0.1617  0.2874  0.1537  0.2036  0.0572  0.1295  0.1377  0.0157  0.0152
   8  4.8723E-05    0.289030    0.318920  0.5033 -0.0149  0.3473  0.3847  0.5176  0.4136 -0.1413 -0.1689  0.2915  0.1537  0.2069  0.0568  0.1272  0.1349  0.0150  0.0140
   9  3.0295E-05    0.282010    0.319932  0.5086 -0.0042  0.3552  0.3936  0.5222  0.4214 -0.1292 -0.1712  0.2943  0.1538  0.2089  0.0566  0.1257  0.1326  0.0148  0.0134
  10  2.0703E-05    0.276633    0.320815  0.5130  0.0047  0.3618  0.4001  0.5260  0.4273 -0.1148 -0.1721  0.2969  0.1538  0.2103  0.0563  0.1244  0.1307  0.0148  0.0128
  11  1.1741E-05    0.272743    0.321761  0.5162  0.0114  0.3668  0.4054  0.5287  0.4316 -0.1026 -0.1682  0.2988  0.1537  0.2112  0.0561  0.1234  0.1294  0.0147  0.0126
  12  8.6525E-06    0.269418    0.322885  0.5188  0.0167  0.3709  0.4096  0.5309  0.4350 -0.0913 -0.1630  0.3004  0.1538  0.2118  0.0559  0.1226  0.1286  0.0146  0.0124
  13  7.0326E-06    0.266663    0.323579  0.5213  0.0217  0.3746  0.4132  0.5329  0.4382 -0.0817 -0.1581  0.3022  0.1537  0.2120  0.0558  0.1219  0.1280  0.0143  0.0121
  14  5.2305E-06    0.264407    0.324240  0.5233  0.0260  0.3779  0.4161  0.5346  0.4410 -0.0728 -0.1523  0.3037  0.1537  0.2120  0.0557  0.1212  0.1277  0.0141  0.0119
  15  3.2338E-06    0.262564    0.324693  0.5252  0.0299  0.3809  0.4185  0.5361  0.4434 -0.0649 -0.1462  0.3049  0.1537  0.2121  0.0556  0.1207  0.1273  0.0139  0.0118
  16  2.6377E-06    0.260775    0.324908  0.5270  0.0337  0.3837  0.4206  0.5377  0.4458 -0.0589 -0.1397  0.3061  0.1536  0.2123  0.0555  0.1202  0.1271  0.0137  0.0116
  17  2.9432E-06    0.259061    0.325124  0.5288  0.0375  0.3865  0.4225  0.5392  0.4481 -0.0543 -0.1330  0.3073  0.1537  0.2123  0.0553  0.1198  0.1269  0.0134  0.0113
  18  1.4533E-06    0.257741    0.325173  0.5305  0.0411  0.3892  0.4241  0.5406  0.4502 -0.0504 -0.1256  0.3082  0.1536  0.2126  0.0553  0.1194  0.1267  0.0132  0.0111
  19  1.1795E-05    0.256409    0.324602  0.5296  0.0396  0.3882  0.4221  0.5392  0.4490 -0.0484 -0.1090  0.3088  0.1542  0.2126  0.0550  0.1187  0.1263  0.0131  0.0114
  20  7.9269E-06    0.255083    0.323718  0.5284  0.0375  0.3869  0.4194  0.5375  0.4473 -0.0498 -0.1007  0.3095  0.1547  0.2127  0.0547  0.1180  0.1259  0.0129  0.0117
  21  7.1674E-07    0.254178    0.323151  0.5282  0.0375  0.3869  0.4182  0.5371  0.4472 -0.0486 -0.1013  0.3104  0.1547  0.2128  0.0546  0.1176  0.1258  0.0127  0.0115
  22  1.9160E-05    0.252505    0.321259  0.5267  0.0349  0.3851  0.4143  0.5351  0.4451 -0.0635 -0.0937  0.3109  0.1555  0.2129  0.0542  0.1168  0.1253  0.0122  0.0121
  23  7.2051E-06    0.250935    0.319756  0.5257  0.0333  0.3840  0.4113  0.5338  0.4437 -0.0759 -0.0959  0.3117  0.1561  0.2130  0.0539  0.1163  0.1249  0.0118  0.0124
  24  1.0071E-06    0.249794    0.318675  0.5254  0.0327  0.3836  0.4094  0.5332  0.4431 -0.0840 -0.1002  0.3125  0.1562  0.2133  0.0537  0.1159  0.1245  0.0114  0.0124
  25  5.9167E-06    0.248257    0.316878  0.5254  0.0331  0.3838  0.4079  0.5329  0.4431 -0.0977 -0.1013  0.3131  0.1567  0.2136  0.0534  0.1153  0.1242  0.0109  0.0127
  26  4.5049E-06    0.246808    0.315288  0.5259  0.0343  0.3846  0.4071  0.5331  0.4434 -0.1093 -0.1028  0.3139  0.1571  0.2139  0.0531  0.1149  0.1238  0.0103  0.0129
  27  4.4370E-06    0.245359    0.313734  0.5266  0.0360  0.3857  0.4068  0.5336  0.4442 -0.1188 -0.1036  0.3147  0.1574  0.2142  0.0529  0.1145  0.1235  0.0097  0.0132
  28  7.0984E-07    0.244446    0.312775  0.5275  0.0379  0.3869  0.4068  0.5342  0.4450 -0.1253 -0.1032  0.3155  0.1573  0.2147  0.0528  0.1141  0.1232  0.0094  0.0131
  29  1.6099E-06    0.243667    0.311793  0.5283  0.0397  0.3881  0.4068  0.5348  0.4459 -0.1317 -0.0991  0.3163  0.1570  0.2150  0.0526  0.1138  0.1229  0.0092  0.0131
  30  3.3338E-06    0.242659    0.310657  0.5293  0.0417  0.3895  0.4069  0.5356  0.4469 -0.1381 -0.0933  0.3172  0.1566  0.2155  0.0525  0.1134  0.1225  0.0089  0.0133
  31  1.1349E-05    0.241089    0.308679  0.5303  0.0438  0.3909  0.4069  0.5363  0.4479 -0.1443 -0.0851  0.3183  0.1561  0.2164  0.0521  0.1131  0.1221  0.0085  0.0135
  32  1.8598E-05    0.239682    0.307205  0.5311  0.0452  0.3920  0.4068  0.5369  0.4488 -0.1491 -0.0734  0.3191  0.1551  0.2169  0.0519  0.1127  0.1217  0.0083  0.0142
  33  1.5143E-05    0.238085    0.305752  0.5320  0.0469  0.3932  0.4067  0.5376  0.4496 -0.1529 -0.0650  0.3198  0.1543  0.2174  0.0518  0.1123  0.1214  0.0081  0.0149
  34  7.6993E-05    0.234756    0.304601  0.5327  0.0481  0.3942  0.4061  0.5380  0.4503 -0.1563 -0.0531  0.3204  0.1524  0.2179  0.0517  0.1120  0.1211  0.0079  0.0166
  35  9.9503E-06    0.232916    0.304196  0.5337  0.0503  0.3956  0.4056  0.5388  0.4514 -0.1582 -0.0506  0.3211  0.1517  0.2184  0.0516  0.1117  0.1208  0.0077  0.0171
  36  1.2584E-06    0.231863    0.303418  0.5347  0.0526  0.3970  0.4049  0.5397  0.4526 -0.1598 -0.0492  0.3217  0.1515  0.2188  0.0515  0.1114  0.1205  0.0075  0.0171
  37  3.0926E-07    0.231146    0.302407  0.5357  0.0547  0.3984  0.4040  0.5405  0.4537 -0.1607 -0.0479  0.3222  0.1514  0.2193  0.0514  0.1111  0.1202  0.0073  0.0170
  38  2.5844E-07    0.230457    0.301333  0.5367  0.0568  0.3997  0.4030  0.5412  0.4547 -0.1611 -0.0468  0.3227  0.1514  0.2198  0.0513  0.1108  0.1200  0.0071  0.0169
  39  1.7128E-06    0.229496    0.300009  0.5377  0.0592  0.4011  0.4009  0.5421  0.4558 -0.1656 -0.0452  0.3235  0.1513  0.2203  0.0514  0.1105  0.1196  0.0066  0.0168
  40  9.3097E-06    0.228551    0.298416  0.5360  0.0563  0.3990  0.3965  0.5400  0.4536 -0.1621 -0.0453  0.3238  0.1518  0.2205  0.0513  0.1099  0.1191  0.0067  0.0170
  41  3.7526E-07    0.227842    0.297304  0.5359  0.0564  0.3989  0.3954  0.5397  0.4534 -0.1655 -0.0463  0.3242  0.1518  0.2210  0.0513  0.1096  0.1187  0.0065  0.0169
  42  5.1044E-06    0.226786    0.295650  0.5344  0.0535  0.3969  0.3917  0.5378  0.4512 -0.1652 -0.0483  0.3247  0.1521  0.2212  0.0511  0.1090  0.1183  0.0067  0.0170
  43  1.5577E-07    0.226167    0.294618  0.5339  0.0528  0.3963  0.3902  0.5372  0.4506 -0.1691 -0.0502  0.3252  0.1520  0.2217  0.0510  0.1087  0.1179  0.0066  0.0169
  44  1.2999E-07    0.225508    0.293442  0.5337  0.0524  0.3959  0.3891  0.5367  0.4501 -0.1720 -0.0516  0.3257  0.1520  0.2222  0.0508  0.1084  0.1177  0.0065  0.0168
  45  7.6643E-07    0.225084    0.292652  0.5335  0.0522  0.3957  0.3883  0.5363  0.4499 -0.1743 -0.0528  0.3261  0.1519  0.2224  0.0507  0.1081  0.1175  0.0064  0.0168
  46  9.7342E-08    0.224539    0.291753  0.5335  0.0521  0.3956  0.3875  0.5361  0.4497 -0.1762 -0.0539  0.3266  0.1519  0.2228  0.0506  0.1079  0.1172  0.0063  0.0167
