K Run Tem Iterate    Move%     Time        CurrentLogL           BestLogL     Fst1     Fst2     Fst3     Fst4     Fst5     Fst6     Fst7     Fis1     Fis2     Fis3     Fis4     Fis5     Fis6     Fis7
7   6   1       0   1.0000 09:46:10 -3.15237410204E+05 -3.15237410204E+05 -0.00508  0.03327  0.08859 -0.11369  0.17232 -0.11020 -0.08700 -0.17022 -0.15339 -0.20985 -0.14714 -0.14574 -0.14954 -0.16900
7   6   1     100   1.9802 09:46:10 -3.14790182845E+05 -3.14786901867E+05 -0.00508  0.03327  0.08859 -0.11369  0.17232 -0.11020 -0.08700 -0.17022 -0.15339 -0.20985 -0.14714 -0.14574 -0.14954 -0.16900
7   6   1     200  27.4510 09:46:10 -2.70658679399E+05 -2.70658679399E+05  0.17232  0.03327  0.08859 -0.11369 -0.00508 -0.11020 -0.08700 -0.14574 -0.15339 -0.20985 -0.14714 -0.17022 -0.14954 -0.16900
7   6   1     400  31.1881 09:46:10 -2.57199183977E+05 -2.57199183977E+05  0.17232  0.03327 -0.11020  0.08859 -0.00508 -0.08700 -0.11369 -0.14574 -0.15339 -0.14954 -0.20985 -0.17022 -0.16900 -0.14714
7   6   1     800  29.9751 09:46:10 -2.54372071671E+05 -2.54041995480E+05  0.03327 -0.11020  0.08859  0.17232 -0.00508 -0.11369 -0.08700 -0.15339 -0.14954 -0.20985 -0.14574 -0.17022 -0.14714 -0.16900
7   6   1    1600  28.4289 10:46:10 -2.50218649595E+05 -2.50202750878E+05  0.08859 -0.11020  0.17232 -0.00508 -0.11369 -0.08700  0.03327 -0.20985 -0.14954 -0.14574 -0.17022 -0.14714 -0.16900 -0.15339
7   6   1    3200  26.5293 10:46:10 -2.49691348477E+05 -2.47413666273E+05  0.08859 -0.08700 -0.11020  0.17232 -0.00508 -0.11369  0.03327 -0.20985 -0.16900 -0.14954 -0.14574 -0.17022 -0.14714 -0.15339
7   6   1    5000  24.6003 11:46:10 -2.49773584582E+05 -2.46805853325E+05  0.08859 -0.11020  0.17232 -0.11369 -0.00508 -0.08700  0.03327 -0.20985 -0.14954 -0.14574 -0.14714 -0.17022 -0.16900 -0.15339
7   6   1    6400  25.1093 11:46:10 -2.50567768569E+05 -2.46663428495E+05  0.30576  0.41371  0.58229 -0.06960 -0.07396  0.39897  0.41306 -0.36716 -0.22420 -0.90638 -0.76974 -0.90878 -0.53954 -0.47348
7   6   1   12800  26.7573 12:46:10 -2.53585152086E+05 -2.46663428495E+05  0.39890  0.58360  0.44632  0.30782 -0.07150 -0.06716  0.53917 -0.20881 -0.90638 -0.64226 -0.36629 -0.91646 -0.83765 -0.88116
7   6   1   20000  25.7848 13:46:10 -2.48591827268E+05 -2.46564081633E+05  0.45201  0.32006  0.30582  0.57925 -0.08440 -0.07816  0.40878 -0.23125 -0.42726 -0.29860 -0.90638 -0.91240 -0.85391 -0.47348
7   6   2   25000  22.5654 19:46:10 -2.49149464451E+05 -2.46564081633E+05  0.40646  0.28139  0.57455 -0.09226 -0.09504  0.52903  0.44247 -0.20021 -0.34290 -0.91698 -0.84209 -0.91297 -0.88116 -0.56734
7   6   2   25600  21.4924 19:46:10 -2.49253419619E+05 -2.46564081633E+05  0.40646  0.28139  0.57455 -0.09504 -0.09226  0.44247  0.52903 -0.20021 -0.34290 -0.91698 -0.91297 -0.84209 -0.56734 -0.88116
7   6   2   35000  21.9612 21:46:10 -2.50955967974E+05 -2.46564081633E+05  0.30562  0.46115  0.44457  0.58228 -0.07002 -0.07977  0.41304 -0.33362 -0.23868 -0.64226 -0.90638 -0.90331 -0.86879 -0.47348
7   6   2   40000  22.6695 23:46:10 -2.47523229619E+05 -2.46564081633E+05  0.43652  0.36896  0.30513  0.58195 -0.07226 -0.07797  0.41258 -0.22510 -0.48871 -0.34990 -0.90638 -0.88894 -0.88937 -0.47348
7   6   3   50000   9.8536 28:46:10 -2.48488672304E+05 -2.46128145944E+05  0.38189  0.36721  0.21222  0.52410 -0.22353  0.38601  0.36486 -0.23767 -0.64226 -0.31910 -0.90638 -0.88936 -0.88350 -0.55353
7   6   3   51200  10.0016 28:46:10 -2.46795287684E+05 -2.46128145944E+05  0.41318  0.38179  0.22782  0.53506 -0.19534  0.34669  1.00000 -0.24603 -0.64226 -0.33609 -0.90638 -0.88936 -0.47348  0.00000
7   6   3   55000  10.0374 30:46:10 -2.46743286730E+05 -2.46128145944E+05  0.41318  0.22782  0.38179  0.53506 -0.19534  0.34669  1.00000 -0.24603 -0.33609 -0.64226 -0.90638 -0.88936 -0.47348  0.00000
7   6   3   60000   9.7244 32:46:10 -2.47958597758E+05 -2.45920585595E+05  0.38041  0.21265  0.52443 -0.22267  0.36766  0.47370  0.37697 -0.23709 -0.32260 -0.90638 -0.88936 -0.64226 -0.88116 -0.56734
7   6   3   65000   9.7269 34:46:10 -2.47173399045E+05 -2.45920585595E+05  0.37391  0.20916  0.31644  0.52554  0.29634 -0.21981  0.47493 -0.23044 -0.30135 -0.54086 -0.90638 -0.63640 -0.88936 -0.88116
7   6   3   70000   9.7636 40:46:10 -2.47560161763E+05 -2.45920585595E+05  0.39262  1.00000  0.38342  0.23278  0.53628 -0.19220  0.48681 -0.22697  0.00000 -0.64226 -0.32281 -0.90638 -0.88936 -0.88116
7   6   4   80000  11.7179 43:46:10 -2.47041977767E+05 -2.45920585595E+05  0.39448  0.22813  0.38351  1.00000  0.53635 -0.19203  0.38122 -0.23600 -0.34134 -0.64226  0.00000 -0.90638 -0.88936 -0.55353
7   6   4   85000  11.0486 46:46:10 -2.47309888690E+05 -2.45920585595E+05  0.39448  0.38351  0.22813  0.53635 -0.19203  1.00000  0.38122 -0.23600 -0.64226 -0.34134 -0.90638 -0.88936  0.00000 -0.55353
7   6   5   90000   7.3367 50:46:10 -2.46552755727E+05 -2.45881307350E+05  0.38375  0.37889  0.22166  0.53651 -0.19162  1.00000  0.34873 -0.22720 -0.61459 -0.36348 -0.90638 -0.88936  0.00000 -0.47348
7   6   5   95000   7.8028 53:46:10 -2.47182629756E+05 -2.45881307350E+05  0.37735  0.38355  0.22786  0.53638  1.00000 -0.19201  0.34855 -0.22946 -0.64226 -0.34302 -0.90638  0.00000 -0.90476 -0.47348
7   6   5  100000   7.6317 55:46:10 -2.47168782765E+05 -2.45881307350E+05  0.37798  0.21521  0.52475 -0.22187  0.36807  0.39085  0.36573 -0.24309 -0.31380 -0.90638 -0.88936 -0.64226 -0.89931 -0.55353
7   6   5  102400   7.7750 56:46:10 -2.47499590042E+05 -2.45881307350E+05  0.37058  0.21133  0.36864  0.37793  0.52517 -0.22078  0.47451 -0.23128 -0.34371 -0.64226 -0.56734 -0.90638 -0.88936 -0.88116
7   6   5  105000   7.7287 57:46:10 -2.46358219217E+05 -2.45881307350E+05  0.37058  0.36864  0.21133  0.52517 -0.22078  0.37793  0.47451 -0.23128 -0.64226 -0.34371 -0.90638 -0.88936 -0.56734 -0.88116
7   6   6  110433   8.5000 58:46:10 -2.46521899805E+05 -2.45881307350E+05  0.35263  0.38585  1.00000  0.53811  0.22890 -0.18750  0.48884 -0.21825 -0.64226  0.00000 -0.90638 -0.35788 -0.88936 -0.88116
7   6   6  115000   6.4507 00:47:10 -2.46774730565E+05 -2.45881307350E+05  0.40480  0.38199  0.22939  0.53521  1.00000 -0.19495  0.34691 -0.24306 -0.64226 -0.33323 -0.90638  0.00000 -0.88936 -0.47348
7   6   7  119288   6.0000 01:47:10 -2.47338647893E+05 -2.45881307350E+05  0.40039  0.22821  0.53731 -0.18956  0.39590  1.00000  0.37893 -0.23592 -0.33661 -0.90638 -0.88936 -0.69676  0.00000 -0.54669
7   6   7  125000   5.2806 05:47:10 -2.46718720119E+05 -2.45881307350E+05  0.38149  0.22951  0.38432  0.53696 -0.19046  0.38203  1.00000 -0.22693 -0.36403 -0.64226 -0.90638 -0.88936 -0.55353  0.00000
7   6   7  130000   4.8415 12:47:10 -2.46621218261E+05 -2.45881307350E+05  0.38149  0.38432  0.22951  0.53696 -0.19046  1.00000  0.38203 -0.22693 -0.64226 -0.36403 -0.90638 -0.88936  0.00000 -0.55353
7   6   7  135000   5.1537 14:47:10 -2.45881307350E+05 -2.45848040681E+05  0.38218  0.35951  0.19729  0.51831  0.51248 -0.23842  0.32315 -0.24472 -0.64226 -0.34630 -0.90638 -0.80969 -0.88936 -0.47348
7   6   7  140000   5.4180 21:47:10 -2.46102294326E+05 -2.45848040681E+05  0.45773  0.44492  0.30487  0.58254 -0.07487 -0.07146  0.41340 -0.23912 -0.64226 -0.35075 -0.90638 -0.90835 -0.86763 -0.47348
7   6   7  145000   5.6728 24:47:10 -2.46611589709E+05 -2.45848040681E+05  0.41333  0.38204  0.22816  0.53525  1.00000 -0.19492  0.34696 -0.24273 -0.64226 -0.33418 -0.90638  0.00000 -0.90476 -0.47348
7   6   7  150000   5.6011 27:47:10 -2.46797323757E+05 -2.45848040681E+05  0.40158  0.36668  0.21116  0.52370 -0.22455  0.38951  0.33073 -0.24436 -0.64226 -0.32683 -0.90638 -0.88936 -0.89931 -0.47348
7   6   8  152215   3.9000 29:47:10 -2.46804273638E+05 -2.45848040681E+05  0.40158  0.21116  0.36668  0.52370 -0.22455  0.33073  0.38951 -0.24436 -0.32683 -0.64226 -0.90638 -0.88936 -0.47348 -0.89931
7   6   8  155000   3.6288 32:47:10 -2.46087998805E+05 -2.45848040681E+05  0.38903  0.36808  0.20875  0.52475 -0.22186  0.47405  0.37738 -0.23992 -0.64226 -0.34517 -0.90638 -0.88936 -0.88116 -0.56734
7   6   9  165000   6.3953 35:47:10 -2.45978081409E+05 -2.45848040681E+05  0.37975  0.20932  0.36851  0.52507 -0.22103  0.47440  0.37780 -0.23550 -0.34915 -0.64226 -0.90638 -0.88936 -0.88116 -0.56734
7   6   9  165681   5.2000 35:47:10 -2.46244662621E+05 -2.45848040681E+05  0.37975  0.36851  0.20932  0.52507 -0.22103  0.47440  0.37780 -0.23550 -0.64226 -0.34915 -0.90638 -0.88936 -0.88116 -0.56734
7   6   9  170000   3.7106 40:47:10 -2.46130735525E+05 -2.45848040681E+05  0.37975  0.36851  0.20932  0.52507 -0.22103  0.37780  0.47440 -0.23550 -0.64226 -0.34915 -0.90638 -0.88936 -0.56734 -0.88116
7   6   9  180000   3.8411 50:47:10 -2.45898030390E+05 -2.45848040681E+05  0.39314  0.38299  0.22666  0.53597 -0.19291  1.00000  0.34796 -0.22299 -0.64226 -0.35425 -0.90638 -0.90158  0.00000 -0.47348
7   6   9  185000   4.0607 53:47:10 -2.46857700116E+05 -2.45848040681E+05  0.40943  0.38222  0.22723  0.53539  1.00000 -0.19440  0.34715 -0.24167 -0.64226 -0.34058 -0.90638  0.00000 -0.90158 -0.47348
7   6  10  186624   2.5000 53:47:10 -2.46619078489E+05 -2.45848040681E+05  0.40943  0.38222  0.22723  0.53539 -0.19440  1.00000  0.34715 -0.24167 -0.64226 -0.34058 -0.90638 -0.90158  0.00000 -0.47348
7   6  10  190000   2.8675 56:47:10 -2.46338969888E+05 -2.45848040681E+05  0.39380  0.38431  0.22986  0.53696 -0.19047  1.00000  0.48756 -0.23641 -0.64226 -0.34756 -0.90638 -0.88936  0.00000 -0.88116
7   6  10  195000   2.6750 58:47:10 -2.46216777986E+05 -2.45848040681E+05  0.39025  0.36722  0.20906  0.52410  0.39002 -0.22353  0.33129 -0.24161 -0.64226 -0.33647 -0.90638 -0.89931 -0.88936 -0.47348
7   6  11  196590   0.9000 58:47:10 -2.46088018935E+05 -2.45848040681E+05  0.39025  0.36722  0.20906  0.52410  0.39002 -0.22353  0.33129 -0.24161 -0.64226 -0.33647 -0.90638 -0.89931 -0.88936 -0.47348
7   6  11  205000   1.8846 00:48:10 -2.46088018935E+05 -2.45848040681E+05  0.39632  0.36696  0.21012  0.52391  0.38977 -0.22402  0.33102 -0.24392 -0.64226 -0.33163 -0.90638 -0.89931 -0.88936 -0.47348
7   6  11  210000   1.9076 03:48:10 -2.46224397718E+05 -2.45848040681E+05  0.39632  0.36696  0.21012  0.52391  0.38977 -0.22402  0.33102 -0.24392 -0.64226 -0.33163 -0.90638 -0.89931 -0.88936 -0.47348
7   6  12  218044   2.4000 04:48:10 -2.45848040681E+05 -2.45848040681E+05  0.41103  0.38239  0.22748  0.53551 -0.19426  1.00000  0.34732 -0.24392 -0.64226 -0.34105 -0.90638 -0.90476  0.00000 -0.47348
7   6  12  225000   2.2430 14:48:10 -2.46063169246E+05 -2.45848040681E+05  0.40518  0.38271  0.22678  0.53575 -0.19363  1.00000  0.34767 -0.24161 -0.64226 -0.34601 -0.90638 -0.90476  0.00000 -0.47348
7   6  13  229530   2.0000 21:48:10 -2.46022488295E+05 -2.45848040681E+05  0.39281  0.38289  0.22767  0.53589 -0.19338  1.00000  0.34786 -0.23860 -0.64226 -0.34657 -0.90638 -0.89122  0.00000 -0.47348
7   6  13  230000   1.9910 21:48:10 -2.45848040681E+05 -2.45848040681E+05  0.39281  0.38289  0.22767  0.53589 -0.19338  1.00000  0.34786 -0.23860 -0.64226 -0.34657 -0.90638 -0.89122  0.00000 -0.47348
7   6  13  235000   2.5003 23:48:10 -2.45898030390E+05 -2.45848040681E+05  0.45820  0.44431  0.30510  0.58208 -0.07457 -0.07261  0.41276 -0.23772 -0.64226 -0.34238 -0.90638 -0.92044 -0.80647 -0.47348
7   6  13  240000   2.3335 25:48:10 -2.45915910118E+05 -2.45848040681E+05  0.40943  0.22723  0.38222  0.53539 -0.19440  1.00000  0.34715 -0.24167 -0.34058 -0.64226 -0.90638 -0.90158  0.00000 -0.47348
7   6  13  245000   2.2659 27:48:10 -2.45967046576E+05 -2.45848040681E+05  0.41595  0.38189  0.22795  0.53514 -0.19504  1.00000  0.34680 -0.24436 -0.64226 -0.33609 -0.90638 -0.90158  0.00000 -0.47348
7   6  14  251617   1.0000 29:48:10 -2.45848040681E+05 -2.45848040681E+05  0.39088  0.38329  0.22692  0.53619 -0.19233  1.00000  0.34828 -0.23625 -0.64226 -0.35566 -0.90638 -0.90158  0.00000 -0.47348
7   6  14  255000   1.3961 30:48:10 -2.45858414303E+05 -2.45848040681E+05  0.39088  0.38329  0.22692  0.53619 -0.19233  1.00000  0.34828 -0.23625 -0.64226 -0.35566 -0.90638 -0.90158  0.00000 -0.47348
7   6  14  260000   1.6148 34:48:10 -2.45965899827E+05 -2.45848040681E+05  0.40518  0.22678  0.38271  0.53575 -0.19363  1.00000  0.34767 -0.24161 -0.34601 -0.64226 -0.90638 -0.90476  0.00000 -0.47348
7   6  15  270000   1.1076 44:48:10 -2.46023830320E+05 -2.45848040681E+05  0.41103  0.38239  0.22748  0.53551 -0.19426  1.00000  0.34732 -0.24392 -0.64226 -0.34105 -0.90638 -0.90476  0.00000 -0.47348
7   6  15  280000   1.1527 52:48:10 -2.45898030390E+05 -2.45848040681E+05  0.40177  0.38259  0.22688  0.53566 -0.19369  1.00000  0.34754 -0.23799 -0.64226 -0.34470 -0.90638 -0.90158  0.00000 -0.47348
7   6  16  284966   1.3000 54:48:10 -2.45932660075E+05 -2.45848040681E+05  0.41335  0.38207  0.22840  0.53527 -0.19487  1.00000  0.34699 -0.24984 -0.64226 -0.33125 -0.90638 -0.90476  0.00000 -0.47348
7   6  16  285000   1.4423 54:48:10 -2.45848040681E+05 -2.45848040681E+05  0.41335  0.38207  0.22840  0.53527 -0.19487  1.00000  0.34699 -0.24984 -0.64226 -0.33125 -0.90638 -0.90476  0.00000 -0.47348
7   6  16  290000   1.5409 56:48:10 -2.45858414303E+05 -2.45848040681E+05  0.41076  0.38210  0.22712  0.53529 -0.19166  1.00000  0.34702 -0.24392 -0.64226 -0.34105 -0.90638 -0.89199  0.00000 -0.47348
7   6  16  295000   1.3389 59:48:10 -2.45858414303E+05 -2.45848040681E+05  0.40518  0.38271  0.22678  0.53575 -0.19363  1.00000  0.34767 -0.24161 -0.64226 -0.34601 -0.90638 -0.90476  0.00000 -0.47348
7   6  17  297358   1.0000 02:49:10 -2.45858414303E+05 -2.45848040681E+05  0.40518  0.38271  0.22678  0.53575 -0.19363  1.00000  0.34767 -0.24161 -0.64226 -0.34601 -0.90638 -0.90476  0.00000 -0.47348
7   6  17  300000   0.9136 07:49:10 -2.45848040681E+05 -2.45848040681E+05  0.40518  0.38271  0.22678  0.53575 -0.19363  1.00000  0.34767 -0.24161 -0.64226 -0.34601 -0.90638 -0.90476  0.00000 -0.47348
7   6  17  305000   1.0574 10:49:10 -2.45848040681E+05 -2.45848040681E+05  0.41103  0.38239  0.22748  0.53551 -0.19426  1.00000  0.34732 -0.24392 -0.64226 -0.34105 -0.90638 -0.90476  0.00000 -0.47348
7   6  17  310000   0.9639 13:49:10 -2.45891680972E+05 -2.45848040681E+05  0.41076  0.38210  0.22712  0.53529 -0.19166  1.00000  0.34702 -0.24392 -0.64226 -0.34105 -0.90638 -0.89199  0.00000 -0.47348
7   6  17  315000   0.9838 15:49:10 -2.45858414303E+05 -2.45848040681E+05  0.41608  0.38203  0.22813  0.53524 -0.19494  1.00000  0.34695 -0.24436 -0.64226 -0.33609 -0.90638 -0.90476  0.00000 -0.47348
7   6  18  320000   0.6849 18:49:10 -2.45858414303E+05 -2.45848040681E+05  0.40518  0.38271  0.22678  0.53575 -0.19363  1.00000  0.34767 -0.24161 -0.64226 -0.34601 -0.90638 -0.90476  0.00000 -0.47348
7   6  18  320228   0.9000 18:49:10 -2.45898030390E+05 -2.45848040681E+05  0.40518  0.38271  0.22678  0.53575 -0.19363  1.00000  0.34767 -0.24161 -0.64226 -0.34601 -0.90638 -0.90476  0.00000 -0.47348
7   6  18  330000   0.9540 21:49:10 -2.45898030390E+05 -2.45848040681E+05  0.39614  0.38309  0.22749  0.53604 -0.19290  1.00000  0.34807 -0.23696 -0.64226 -0.35067 -0.90638 -0.90476  0.00000 -0.47348
7   6 200  332415   0.0000 21:49:10 -2.45848040681E+05 -2.45848040681E+05  0.39614  0.38309  0.22749  0.53604 -0.19290  1.00000  0.34807 -0.23696 -0.64226 -0.35067 -0.90638 -0.90476  0.00000 -0.47348
