Iter   Tolerance Admix(mean)   Admix(SD)    Fst1    Fst2    Fst3    Fst4    Fst5   QPop1   QPop2   QPop3   QPop4   QPop5
   1  2.0351E-02    0.678689    0.127358  0.2921 -0.2134  0.2124  0.1311  0.1849  0.2385  0.1682  0.2355  0.1710  0.1869
   2  9.3671E-03    0.510086    0.248537  0.3726 -0.1667  0.2359  0.2000  0.2770  0.2821  0.1799  0.2727  0.1148  0.1504
   3  5.5696E-03    0.392908    0.234044  0.4105 -0.1583  0.2538  0.2451  0.3752  0.2965  0.1781  0.2838  0.0975  0.1441
   4  3.3055E-03    0.288810    0.229113  0.4275 -0.1478  0.2653  0.2686  0.4363  0.3056  0.1738  0.2948  0.0812  0.1446
   5  5.0815E-04    0.241127    0.229211  0.4353 -0.1407  0.2708  0.2575  0.4519  0.3188  0.1728  0.3033  0.0655  0.1396
   6  1.2068E-04    0.220889    0.226901  0.4386 -0.1377  0.2731  0.2525  0.4527  0.3300  0.1722  0.3068  0.0575  0.1335
   7  4.6525E-05    0.212396    0.225634  0.4404 -0.1360  0.2750  0.2524  0.4510  0.3384  0.1721  0.3074  0.0538  0.1283
   8  2.7524E-05    0.208790    0.224920  0.4416 -0.1346  0.2769  0.2535  0.4494  0.3451  0.1721  0.3066  0.0519  0.1243
   9  1.9242E-05    0.207229    0.224609  0.4425 -0.1335  0.2789  0.2549  0.4483  0.3505  0.1721  0.3052  0.0509  0.1212
  10  1.4414E-05    0.206577    0.224549  0.4433 -0.1324  0.2810  0.2562  0.4475  0.3551  0.1721  0.3036  0.0503  0.1189
  11  1.1309E-05    0.206424    0.224613  0.4438 -0.1315  0.2830  0.2574  0.4470  0.3590  0.1721  0.3019  0.0499  0.1171
  12  3.2140E-05    0.205778    0.223401  0.4446 -0.1301  0.2854  0.2568  0.4464  0.3633  0.1721  0.3005  0.0489  0.1152
  13  1.3548E-05    0.205628    0.222978  0.4452 -0.1292  0.2875  0.2574  0.4460  0.3670  0.1721  0.2988  0.0484  0.1137
  14  8.9921E-06    0.205702    0.222936  0.4456 -0.1284  0.2895  0.2581  0.4457  0.3703  0.1721  0.2970  0.0482  0.1125
  15  7.1837E-06    0.205915    0.223095  0.4459 -0.1277  0.2915  0.2588  0.4456  0.3733  0.1721  0.2951  0.0480  0.1115
  16  6.1398E-06    0.206212    0.223414  0.4461 -0.1271  0.2936  0.2594  0.4455  0.3761  0.1721  0.2933  0.0478  0.1107
  17  5.4081E-06    0.206532    0.223804  0.4464 -0.1266  0.2956  0.2599  0.4455  0.3787  0.1721  0.2915  0.0477  0.1100
  18  4.8789E-06    0.206887    0.224216  0.4465 -0.1261  0.2976  0.2604  0.4455  0.3812  0.1721  0.2897  0.0477  0.1094
  19  4.5266E-06    0.207212    0.224685  0.4467 -0.1256  0.2996  0.2608  0.4455  0.3835  0.1721  0.2879  0.0476  0.1089
  20  4.1712E-06    0.207635    0.225118  0.4468 -0.1252  0.3017  0.2612  0.4455  0.3857  0.1721  0.2862  0.0475  0.1085
  21  3.7375E-06    0.208019    0.225575  0.4470 -0.1248  0.3037  0.2616  0.4456  0.3878  0.1721  0.2846  0.0475  0.1081
  22  3.4579E-06    0.208390    0.226028  0.4471 -0.1244  0.3058  0.2620  0.4456  0.3897  0.1721  0.2830  0.0474  0.1078
  23  3.2561E-06    0.208765    0.226464  0.4472 -0.1240  0.3078  0.2623  0.4457  0.3916  0.1720  0.2814  0.0474  0.1075
  24  3.1082E-06    0.209104    0.226903  0.4473 -0.1236  0.3099  0.2626  0.4458  0.3934  0.1720  0.2799  0.0474  0.1073
  25  2.9711E-06    0.209454    0.227321  0.4474 -0.1233  0.3119  0.2629  0.4459  0.3952  0.1720  0.2783  0.0474  0.1071
  26  2.8707E-06    0.209801    0.227718  0.4474 -0.1230  0.3140  0.2632  0.4460  0.3969  0.1720  0.2768  0.0474  0.1069
  27  2.7239E-06    0.210173    0.228091  0.4475 -0.1226  0.3162  0.2634  0.4461  0.3985  0.1720  0.2753  0.0474  0.1068
  28  2.5610E-06    0.210582    0.228426  0.4476 -0.1223  0.3183  0.2637  0.4462  0.4001  0.1720  0.2739  0.0474  0.1067
  29  2.4540E-06    0.210939    0.228772  0.4476 -0.1220  0.3204  0.2639  0.4463  0.4015  0.1720  0.2724  0.0474  0.1066
  30  2.3079E-06    0.211336    0.229041  0.4477 -0.1217  0.3225  0.2642  0.4464  0.4030  0.1720  0.2711  0.0474  0.1066
  31  2.2418E-06    0.211655    0.229339  0.4477 -0.1214  0.3247  0.2644  0.4465  0.4044  0.1720  0.2697  0.0474  0.1065
  32  2.0453E-06    0.212009    0.229580  0.4478 -0.1211  0.3268  0.2646  0.4466  0.4057  0.1720  0.2684  0.0474  0.1065
  33  2.0202E-06    0.212339    0.229813  0.4478 -0.1208  0.3289  0.2648  0.4467  0.4071  0.1720  0.2671  0.0474  0.1064
  34  1.9150E-06    0.212601    0.230060  0.4479 -0.1205  0.3310  0.2650  0.4469  0.4084  0.1720  0.2659  0.0474  0.1064
  35  1.8182E-06    0.212854    0.230282  0.4479 -0.1203  0.3331  0.2652  0.4470  0.4096  0.1720  0.2647  0.0474  0.1063
  36  1.7888E-06    0.213018    0.230579  0.4479 -0.1200  0.3353  0.2654  0.4471  0.4109  0.1720  0.2635  0.0474  0.1063
  37  1.6358E-06    0.213261    0.230754  0.4479 -0.1197  0.3373  0.2656  0.4472  0.4121  0.1720  0.2623  0.0474  0.1063
  38  1.6474E-06    0.213495    0.230940  0.4480 -0.1195  0.3394  0.2658  0.4473  0.4133  0.1720  0.2611  0.0474  0.1063
  39  1.5773E-06    0.213659    0.231159  0.4480 -0.1192  0.3415  0.2660  0.4474  0.4144  0.1720  0.2600  0.0474  0.1063
  40  1.4679E-06    0.213763    0.231392  0.4480 -0.1189  0.3435  0.2662  0.4476  0.4155  0.1720  0.2589  0.0474  0.1063
  41  1.4257E-06    0.213962    0.231536  0.4480 -0.1187  0.3455  0.2664  0.4477  0.4166  0.1720  0.2578  0.0474  0.1063
  42  1.4168E-06    0.214051    0.231719  0.4480 -0.1184  0.3475  0.2665  0.4478  0.4177  0.1720  0.2566  0.0474  0.1063
  43  1.2984E-06    0.214125    0.231911  0.4480 -0.1182  0.3495  0.2667  0.4479  0.4187  0.1720  0.2556  0.0474  0.1063
  44  1.2367E-06    0.214291    0.232037  0.4480 -0.1180  0.3514  0.2669  0.4480  0.4197  0.1720  0.2546  0.0474  0.1063
  45  1.2093E-06    0.214392    0.232177  0.4479 -0.1177  0.3533  0.2671  0.4481  0.4207  0.1720  0.2535  0.0474  0.1063
  46  1.1789E-06    0.214370    0.232324  0.4479 -0.1175  0.3552  0.2672  0.4483  0.4217  0.1720  0.2525  0.0474  0.1064
  47  1.1297E-06    0.214352    0.232549  0.4479 -0.1173  0.3570  0.2674  0.4484  0.4226  0.1721  0.2515  0.0474  0.1064
  48  9.7020E-07    0.214465    0.232629  0.4479 -0.1171  0.3588  0.2676  0.4485  0.4235  0.1721  0.2506  0.0474  0.1064
  49  9.5582E-07    0.214445    0.232787  0.4478 -0.1169  0.3606  0.2677  0.4486  0.4244  0.1721  0.2497  0.0474  0.1064
  50  8.8988E-07    0.214487    0.232856  0.4478 -0.1167  0.3623  0.2679  0.4487  0.4252  0.1721  0.2489  0.0474  0.1064
  51  8.9627E-07    0.214388    0.233008  0.4477 -0.1165  0.3639  0.2680  0.4488  0.4261  0.1721  0.2480  0.0474  0.1064
  52  7.4844E-07    0.214499    0.233063  0.4477 -0.1163  0.3655  0.2682  0.4489  0.4268  0.1721  0.2472  0.0474  0.1065
  53  7.2699E-07    0.214489    0.233174  0.4477 -0.1161  0.3671  0.2683  0.4490  0.4275  0.1721  0.2464  0.0474  0.1065
  54  6.7556E-07    0.214488    0.233240  0.4476 -0.1159  0.3685  0.2684  0.4491  0.4283  0.1721  0.2456  0.0474  0.1065
  55  6.2626E-07    0.214535    0.233246  0.4475 -0.1158  0.3700  0.2686  0.4491  0.4290  0.1721  0.2449  0.0474  0.1066
  56  5.9031E-07    0.214514    0.233312  0.4475 -0.1156  0.3713  0.2687  0.4492  0.4296  0.1721  0.2442  0.0474  0.1066
  57  5.3327E-07    0.214465    0.233414  0.4474 -0.1154  0.3727  0.2688  0.4493  0.4303  0.1722  0.2435  0.0474  0.1066
  58  4.9137E-07    0.214408    0.233521  0.4474 -0.1153  0.3739  0.2689  0.4494  0.4309  0.1722  0.2429  0.0474  0.1066
