K Run Tem Iterate    Move%     Time        CurrentLogL           BestLogL     Fst1     Fst2     Fst3     Fst4     Fst5     Fst6     Fis1     Fis2     Fis3     Fis4     Fis5     Fis6
6  10   1       0   1.0000 58:24:10 -3.09325001802E+05 -3.09325001802E+05  0.02223  0.21289 -0.08813 -0.14265  0.07007 -0.06083 -0.14892 -0.29476 -0.13790 -0.15400 -0.14891 -0.16058
6  10   1     100   0.9901 58:24:10 -3.08839526403E+05 -3.08839526403E+05  0.02223  0.21289 -0.08813 -0.14265  0.07007 -0.06083 -0.14892 -0.29476 -0.13790 -0.15400 -0.14891 -0.16058
6  10   1     200  38.2353 59:24:10 -2.72746290143E+05 -2.72746290143E+05  0.21289  0.02223 -0.08813  0.07007 -0.14265 -0.06083 -0.29476 -0.14892 -0.13790 -0.14891 -0.15400 -0.16058
6  10   1     400  45.5446 59:24:10 -2.57508821067E+05 -2.55726726821E+05  0.21289  0.02223 -0.08813  0.07007 -0.14265 -0.06083 -0.29476 -0.14892 -0.13790 -0.14891 -0.15400 -0.16058
6  10   1     800  44.9005 59:24:10 -2.52825811600E+05 -2.52825811600E+05 -0.08813  0.02223  0.21289 -0.14265 -0.06083  0.07007 -0.13790 -0.14892 -0.29476 -0.15400 -0.16058 -0.14891
6  10   1    1600  36.9701 59:24:10 -2.53454453200E+05 -2.49469527450E+05  0.02223  0.21289 -0.06083  0.07007 -0.14265 -0.08813 -0.14892 -0.29476 -0.16058 -0.14891 -0.15400 -0.13790
6  10   1    3200  32.3970 01:25:10 -2.50591967251E+05 -2.49064728791E+05  0.02223  0.21289  0.07007 -0.06083 -0.14265 -0.08813 -0.14892 -0.29476 -0.14891 -0.16058 -0.15400 -0.13790
6  10   1    5000  31.1751 03:25:10 -2.50406222305E+05 -2.48250653136E+05  0.45013  0.36575  0.03618  0.03199  0.04125  0.47212 -0.22740 -0.28814 -0.90007 -0.92245 -0.75139 -0.47348
6  10   1    6400  29.9188 05:25:10 -2.51200248473E+05 -2.48250653136E+05  0.45013  0.36575  0.04125  0.03199  0.03618  0.47212 -0.22740 -0.28814 -0.75139 -0.92245 -0.90007 -0.47348
6  10   1   10000  29.5182 20:25:10 -2.49413236281E+05 -2.48250653136E+05  0.48756  0.37612  0.02562  0.02800  0.02910  0.58094 -0.22878 -0.25897 -0.89743 -0.86003 -0.91513 -0.88116
6  10   1   12800  29.2096 39:25:10 -2.50912728143E+05 -2.48250653136E+05  0.48756  0.37612  0.02800  0.02910  0.02562  0.58094 -0.22878 -0.25897 -0.86003 -0.91513 -0.89743 -0.88116
6  10   1   15000  28.7057 40:25:10 -2.51547057171E+05 -2.48220163349E+05  0.34433  0.45265 -0.00505 -0.00644  1.00000  0.44911 -0.31536 -0.21658 -0.89787 -0.88041  0.00000 -0.47348
6  10   2   20000  22.0659 45:25:10 -2.50560673898E+05 -2.47721232667E+05  0.46903  0.36676  0.03568  0.02957  0.03523  0.58350 -0.22470 -0.32798 -0.83827 -0.86110 -0.94063 -0.88116
6  10   2   25000  25.0700 50:25:10 -2.49026770610E+05 -2.47721232667E+05  0.43477  0.34330 -0.00266  1.00000 -0.01123  0.47829 -0.20488 -0.31665 -0.88232  0.00000 -0.92734 -0.55353
6  10   2   25600  24.7068 50:25:10 -2.50073822781E+05 -2.47685103301E+05  0.43477  0.34330  1.00000 -0.00266 -0.01123  0.47829 -0.20488 -0.31665  0.00000 -0.88232 -0.92734 -0.55353
6  10   2   30000  25.1380 54:25:10 -2.50716068318E+05 -2.47685103301E+05  0.48140  0.37412  0.03025  0.02927  0.03476  0.47109 -0.20634 -0.28678 -0.83325 -0.92937 -0.86973 -0.47348
6  10   3   35000  29.3478 58:25:10 -2.49990106940E+05 -2.47685103301E+05  0.43321  0.34593 -0.00492  0.00163  1.00000  0.45282 -0.23033 -0.34987 -0.86884 -0.93200  0.00000 -0.47348
6  10   3   40000  16.1312 05:26:10 -2.45621781679E+05 -2.43634465640E+05  0.37771  0.38326  0.53617 -0.19250  0.22707  0.34825 -0.22410 -0.64226 -0.90638 -0.88936 -0.34671 -0.47348
6  10   3   45000  12.9947 29:26:10 -2.43717058075E+05 -2.43128586739E+05  0.39073  0.38263  0.22784  0.53569 -0.19372  0.34758 -0.23025 -0.64226 -0.33799 -0.90638 -0.88936 -0.47348
6  10   3   50000  12.1592 35:26:10 -2.44523918026E+05 -2.43128586739E+05  0.34359  0.38527  0.22708  0.53768 -0.18861  0.35038 -0.20669 -0.64226 -0.39702 -0.90638 -0.88936 -0.47348
6  10   3   51200  12.2407 37:26:10 -2.45412453460E+05 -2.43128586739E+05  0.34359  0.38527  0.22708  0.53768 -0.18861  0.35038 -0.20669 -0.64226 -0.39702 -0.90638 -0.88936 -0.47348
6  10   3   55000  11.8576 41:26:10 -2.45228789318E+05 -2.42951471590E+05  0.40098  0.38297  0.22947  0.53595 -0.19306  0.38068 -0.23444 -0.64226 -0.33390 -0.90638 -0.88936 -0.55353
6  10   4   60000   5.6302 47:26:10 -2.43233536485E+05 -2.42951471590E+05  0.38845  0.22989  0.38265  0.53571 -0.19368  0.34760 -0.23344 -0.33710 -0.64226 -0.90638 -0.88936 -0.47348
6  10   4   65000   7.8422 52:26:10 -2.43425117903E+05 -2.42951471590E+05  0.39212  0.38240  0.23060  0.53552 -0.19416  0.34734 -0.23786 -0.64226 -0.32953 -0.90638 -0.88936 -0.47348
6  10   4   70000   8.3229 58:26:10 -2.43568333732E+05 -2.42951471590E+05  0.37965  0.38354  0.22739  0.53637 -0.19197  0.34854 -0.23736 -0.64226 -0.35242 -0.90638 -0.88936 -0.47348
6  10   5   75000   8.7500 08:27:10 -2.43722847951E+05 -2.42951471590E+05  0.37816  0.33058  0.22659  0.53536 -0.19458  0.34711 -0.23137 -0.54086 -0.35413 -0.90638 -0.88936 -0.47348
6  10   5   80000   7.0199 20:27:10 -2.43442058822E+05 -2.42951471590E+05  0.39313  0.23321  0.38380  0.53657 -0.19147  0.48713 -0.23843 -0.32509 -0.64226 -0.90638 -0.88936 -0.88116
6  10   5   85000   6.7399 26:27:10 -2.43344948746E+05 -2.42951471590E+05  0.42334  0.38113  0.22955  0.53456 -0.19663  0.34599 -0.25246 -0.64226 -0.32153 -0.90638 -0.88936 -0.47348
6  10   5   90000   6.7260 30:27:10 -2.43564546556E+05 -2.42951471590E+05  0.37097  0.33357  0.22740  0.53654 -0.19156  0.48709 -0.22245 -0.53971 -0.35117 -0.90638 -0.88936 -0.88116
6  10   6   95000   4.8248 34:27:10 -2.43959827881E+05 -2.42951471590E+05  0.39852  0.22773  0.38251  0.53560 -0.19396  0.34745 -0.23790 -0.34279 -0.64226 -0.90638 -0.88936 -0.47348
6  10   7  100000   3.6504 38:27:10 -2.43443895596E+05 -2.42951471590E+05  0.39786  0.38253  0.22629  0.53562 -0.19391  0.34748 -0.23266 -0.64226 -0.34236 -0.90638 -0.88936 -0.47348
6  10   7  102400   4.1769 41:27:10 -2.43211449915E+05 -2.42951471590E+05  0.39786  0.38253  0.22629  0.53562 -0.19391  0.34748 -0.23266 -0.64226 -0.34236 -0.90638 -0.88936 -0.47348
6  10   7  105000   3.9952 43:27:10 -2.43359888474E+05 -2.42951471590E+05  0.39672  0.38281  0.22639  0.53583 -0.19338  0.34777 -0.24119 -0.64226 -0.34788 -0.90638 -0.88936 -0.47348
6  10   7  110000   3.7679 49:27:10 -2.43036090984E+05 -2.42951471590E+05  0.38703  0.38320  0.22608  0.53612 -0.19262  0.34818 -0.22132 -0.64226 -0.35924 -0.90638 -0.88936 -0.47348
6  10   7  115000   4.0828 57:27:10 -2.43910409262E+05 -2.42951471590E+05  0.41047  0.38183  0.22813  0.53509 -0.19527  0.34673 -0.23882 -0.64226 -0.33382 -0.90638 -0.88936 -0.47348
6  10   8  118663   4.5000 00:28:10 -2.43771134097E+05 -2.42951471590E+05  0.40359  0.22776  0.38216  0.53534 -0.19463  0.34708 -0.24686 -0.33291 -0.64226 -0.90638 -0.88936 -0.47348
6  10   8  120000   4.0585 03:28:10 -2.43879816736E+05 -2.42951471590E+05  0.40359  0.38216  0.22776  0.53534 -0.19463  0.34708 -0.24686 -0.64226 -0.33291 -0.90638 -0.88936 -0.47348
6  10   8  125000   3.6564 23:28:10 -2.43458767640E+05 -2.42951471590E+05  0.41308  0.38178  0.22783  0.53505 -0.19537  0.34668 -0.24273 -0.64226 -0.33418 -0.90638 -0.88936 -0.47348
6  10   9  130000   3.5425 29:28:10 -2.43036090984E+05 -2.42951471590E+05  0.41583  0.38177  0.22779  0.53504 -0.19539  0.34667 -0.24436 -0.64226 -0.33609 -0.90638 -0.88936 -0.47348
6  10   9  135000   3.1509 33:28:10 -2.43177470582E+05 -2.42951471590E+05  0.41078  0.38212  0.22714  0.53531 -0.19471  0.34704 -0.24392 -0.64226 -0.34105 -0.90638 -0.88936 -0.47348
6  10   9  140000   2.9750 36:28:10 -2.42951471590E+05 -2.42951471590E+05  0.38819  0.38319  0.22586  0.53611 -0.19264  0.34817 -0.22725 -0.64226 -0.35651 -0.90638 -0.88936 -0.47348
6  10  10  145000   5.1136 41:28:10 -2.43201928434E+05 -2.42951471590E+05  0.39997  0.38248  0.22589  0.53558 -0.19401  0.34742 -0.22996 -0.64226 -0.34570 -0.90638 -0.88936 -0.47348
6  10  10  145535   3.2000 41:28:10 -2.43211449915E+05 -2.42951471590E+05  0.39997  0.38248  0.22589  0.53558 -0.19401  0.34742 -0.22996 -0.64226 -0.34570 -0.90638 -0.88936 -0.47348
6  10  10  150000   2.4044 45:28:10 -2.43077271520E+05 -2.42951471590E+05  0.41583  0.38177  0.22779  0.53504 -0.19539  0.34667 -0.24436 -0.64226 -0.33609 -0.90638 -0.88936 -0.47348
6  10  11  153491   2.5000 47:28:10 -2.43019341027E+05 -2.42951471590E+05  0.40723  0.22744  0.38215  0.53533 -0.19465  0.34707 -0.23981 -0.33980 -0.64226 -0.90638 -0.88936 -0.47348
6  10  11  155000   1.9031 49:28:10 -2.43094644777E+05 -2.42951471590E+05  0.40723  0.38215  0.22744  0.53533 -0.19465  0.34707 -0.23981 -0.64226 -0.33980 -0.90638 -0.88936 -0.47348
6  10  11  160000   1.8038 52:28:10 -2.42961845212E+05 -2.42951471590E+05  0.41078  0.38212  0.22714  0.53531 -0.19471  0.34704 -0.24392 -0.64226 -0.34105 -0.90638 -0.88936 -0.47348
6  10  11  165000   2.1381 57:28:10 -2.43182523507E+05 -2.42951471590E+05  0.39514  0.38286  0.22693  0.53587 -0.19327  0.34782 -0.23871 -0.64226 -0.34818 -0.90638 -0.88936 -0.47348
6  10  11  170000   2.2040 00:29:10 -2.43326648390E+05 -2.42951471590E+05  0.38344  0.22863  0.38480  0.53733 -0.18952  0.48796 -0.23219 -0.35060 -0.64226 -0.90638 -0.88936 -0.88116
6  10  12  175000   1.7631 03:29:10 -2.42951471590E+05 -2.42951471590E+05  0.41583  0.38177  0.22779  0.53504 -0.19539  0.34667 -0.24436 -0.64226 -0.33609 -0.90638 -0.88936 -0.47348
6  10  12  180000   2.1338 07:29:10 -2.43199822886E+05 -2.42951471590E+05  0.40487  0.38218  0.22841  0.53535 -0.19459  0.34711 -0.23798 -0.64226 -0.33982 -0.90638 -0.88936 -0.47348
6  10  13  181384   1.7000 08:29:10 -2.42961845212E+05 -2.42951471590E+05  0.39798  0.38255  0.22787  0.53563 -0.19387  0.34750 -0.23772 -0.64226 -0.34238 -0.90638 -0.88936 -0.47348
6  10  13  185000   1.7296 10:29:10 -2.43077271520E+05 -2.42951471590E+05  0.39798  0.38255  0.22787  0.53563 -0.19387  0.34750 -0.23772 -0.64226 -0.34238 -0.90638 -0.88936 -0.47348
6  10  13  190000   1.5645 13:29:10 -2.43036090984E+05 -2.42951471590E+05  0.40723  0.38215  0.22744  0.53533 -0.19465  0.34707 -0.23981 -0.64226 -0.33980 -0.90638 -0.88936 -0.47348
6  10  13  195000   1.5468 17:29:10 -2.43094644777E+05 -2.42951471590E+05  0.41078  0.38212  0.22714  0.53531 -0.19471  0.34704 -0.24392 -0.64226 -0.34105 -0.90638 -0.88936 -0.47348
6  10  13  200000   1.5680 22:29:10 -2.42961845212E+05 -2.42951471590E+05  0.40492  0.38245  0.22645  0.53555 -0.19408  0.34739 -0.24161 -0.64226 -0.34601 -0.90638 -0.88936 -0.47348
6  10  14  201619   1.3000 23:29:10 -2.42951471590E+05 -2.42951471590E+05  0.40492  0.38245  0.22645  0.53555 -0.19408  0.34739 -0.24161 -0.64226 -0.34601 -0.90638 -0.88936 -0.47348
6  10  14  205000   1.1637 25:29:10 -2.43058251871E+05 -2.42951471590E+05  0.41078  0.38212  0.22714  0.53531 -0.19471  0.34704 -0.24392 -0.64226 -0.34105 -0.90638 -0.88936 -0.47348
6  10 200  209288   0.0000 28:29:10 -2.42951471590E+05 -2.42951471590E+05  0.38245  0.22645  0.40492  0.53555 -0.19408  0.34739 -0.64226 -0.34601 -0.24161 -0.90638 -0.88936 -0.47348
