K Run Tem Iterate    Move%     Time        CurrentLogL           BestLogL     Fst1     Fst2     Fst3     Fst4     Fst5     Fst6     Fst7     Fis1     Fis2     Fis3     Fis4     Fis5     Fis6     Fis7
7   1   1       0   1.0000 43:29:10 -3.15057777887E+05 -3.15057777887E+05 -0.09417  0.02384 -0.14513  0.16379  0.10078 -0.00974 -0.08023 -0.16126 -0.13557 -0.19758 -0.11951 -0.17886 -0.17966 -0.13486
7   1   1     100   1.9802 43:29:10 -3.10291514247E+05 -3.10291514247E+05 -0.09417  0.02384 -0.14513  0.16379  0.10078 -0.00974 -0.08023 -0.16126 -0.13557 -0.19758 -0.11951 -0.17886 -0.17966 -0.13486
7   1   1     200  31.3433 44:29:10 -2.73966045878E+05 -2.73966045878E+05  0.16379 -0.14513  0.10078 -0.09417 -0.08023  0.02384 -0.00974 -0.11951 -0.19758 -0.17886 -0.16126 -0.13486 -0.13557 -0.17966
7   1   1     400  33.6658 44:29:10 -2.61644864507E+05 -2.61621090353E+05  0.16379 -0.14513  0.10078 -0.08023 -0.09417  0.02384 -0.00974 -0.11951 -0.19758 -0.17886 -0.13486 -0.16126 -0.13557 -0.17966
7   1   1     800  31.3358 44:29:10 -2.52672554847E+05 -2.52660894591E+05 -0.14513  0.16379 -0.00974 -0.09417  0.10078  0.02384 -0.08023 -0.19758 -0.11951 -0.17966 -0.16126 -0.17886 -0.13557 -0.13486
7   1   1    1600  26.1711 44:29:10 -2.51562205054E+05 -2.50493286225E+05 -0.14513  0.10078  0.16379  0.02384 -0.00974 -0.09417 -0.08023 -0.19758 -0.17886 -0.11951 -0.13557 -0.17966 -0.16126 -0.13486
7   1   1    3200  28.4286 45:29:10 -2.51532751294E+05 -2.50247130965E+05 -0.14513  0.16379  0.10078 -0.00974 -0.09417  0.02384 -0.08023 -0.19758 -0.11951 -0.17886 -0.17966 -0.16126 -0.13557 -0.13486
7   1   1    5000  27.5945 47:29:10 -2.51363062131E+05 -2.49453741178E+05 -0.14513  0.10078  0.16379 -0.09417  0.02384 -0.00974 -0.08023 -0.19758 -0.17886 -0.11951 -0.16126 -0.13557 -0.17966 -0.13486
7   1   1    6400  27.8394 48:29:10 -2.52431491917E+05 -2.49453741178E+05  0.32509  0.41902  0.31930 -0.03242  1.00000 -0.02673  0.43729 -0.31697 -0.23707 -0.40986 -0.89557  0.00000 -0.89348 -0.47348
7   1   1   10000  28.7871 51:29:10 -2.52155723690E+05 -2.49453741178E+05  0.32509  0.41902  0.31930 -0.03242  1.00000 -0.02673  0.43729 -0.31697 -0.23707 -0.40986 -0.89557  0.00000 -0.89348 -0.47348
7   1   1   12800  28.5525 53:29:10 -2.52538812362E+05 -2.49453741178E+05  0.43120  0.46875  0.33788 -0.02393 -0.03733  1.00000  0.43859 -0.24163 -0.64226 -0.33301 -0.91833 -0.84357  0.00000 -0.47348
7   1   1   15000  28.3381 55:29:10 -2.52310625806E+05 -2.49453741178E+05  0.43859  0.33788  0.43120 -0.03733  0.46875  1.00000 -0.02393 -0.47348 -0.33301 -0.24163 -0.84357 -0.64226  0.00000 -0.91833
7   1   1   20000  27.3636 58:29:10 -2.50004826813E+05 -2.48299177842E+05  0.47878  0.34677  0.61165  0.00321  0.00568  0.00027  0.45432 -0.22771 -0.34673 -0.90638 -0.92184 -0.91166 -0.87524 -0.47348
7   1   2   25000  19.3541 02:30:10 -2.51542079604E+05 -2.47928983218E+05  0.44480  0.42412  0.30970  0.54199 -0.05670 -0.05069  1.00000 -0.22453 -0.47348 -0.34482 -0.71353 -0.92021 -0.88244  0.00000
7   1   2   25600  20.0764 02:30:10 -2.49545313826E+05 -2.47928983218E+05  0.44480  0.30970  0.54199 -0.05069 -0.05670  1.00000  0.42412 -0.22453 -0.34482 -0.71353 -0.88244 -0.92021  0.00000 -0.47348
7   1   2   30000  20.0080 05:30:10 -2.49828330182E+05 -2.47928983218E+05  0.44149  0.30855  0.58926 -0.06191  1.00000 -0.05335  0.42284 -0.21742 -0.34210 -0.90638 -0.88413  0.00000 -0.88407 -0.47348
7   1   2   35000  21.9128 07:30:10 -2.52556629863E+05 -2.47923864789E+05  0.39137  0.46808  0.36073 -0.02640 -0.02572  1.00000  0.43788 -0.25000 -0.64226 -0.25891 -0.90898 -0.88222  0.00000 -0.47348
7   1   2   40000  24.1628 11:30:10 -2.51073496540E+05 -2.47923864789E+05  0.42428  0.46772  0.36900 -0.02744  1.00000 -0.03058  0.43750 -0.37408 -0.64226 -0.24244 -0.87420  0.00000 -0.93611 -0.47348
7   1   3   45000  20.0935 13:30:10 -2.47887475758E+05 -2.46927914475E+05  0.36900 -0.02744  0.46772 -0.03058  0.42428  1.00000  0.43750 -0.24244 -0.87420 -0.64226 -0.93611 -0.37408  0.00000 -0.47348
7   1   3   50000  13.6095 16:30:10 -2.48687487250E+05 -2.46305990183E+05  0.38497  0.38473  0.22884  0.53727 -0.18966  0.48791  1.00000 -0.22641 -0.64226 -0.35425 -0.90638 -0.88936 -0.88116  0.00000
7   1   3   51200  13.4035 18:30:10 -2.47963892445E+05 -2.46305990183E+05  0.34568  0.23255  0.38474  0.53728  1.00000 -0.18965  0.38245 -0.20883 -0.34402 -0.64226 -0.90638  0.00000 -0.88936 -0.55353
7   1   3   55000  12.8772 22:30:10 -2.47640839451E+05 -2.46084659586E+05  0.34568  0.38474  0.23255  0.53728 -0.18965  0.38245  1.00000 -0.20883 -0.64226 -0.34402 -0.90638 -0.88936 -0.55353  0.00000
7   1   3   60000  12.3538 26:30:10 -2.46703142741E+05 -2.46084659586E+05  0.37300  1.00000  0.22796  0.54126 -0.17940  0.49232  1.00000 -0.22177  0.00000 -0.35781 -0.90638 -0.88936 -0.88116  0.00000
7   1   3   65000  12.4977 31:30:10 -2.53506139499E+05 -2.45920585595E+05  0.36645  0.36644  0.52698 -0.21613  0.20942  0.47651  0.18108 -0.62605 -0.23027 -0.90638 -0.88936 -0.33558 -0.88116 -0.25771
7   1   3   70000  12.9493 37:30:10 -2.48774158915E+05 -2.45920585595E+05  0.34811  0.20215  0.46801 -0.22078  0.37793  0.47451  1.00000 -0.22307 -0.34828 -0.70006 -0.88936 -0.56734 -0.88116  0.00000
7   1   3   75000  13.3038 40:30:10 -2.48676245708E+05 -2.45920585595E+05  0.21035  0.32067  0.37071  0.52673 -0.21676  0.47624  0.37998 -0.35241 -0.20931 -0.64226 -0.90638 -0.88936 -0.88116 -0.56734
7   1   4   80000   6.7629 43:30:10 -2.47104755884E+05 -2.45910211972E+05  0.36995  0.20812  0.36930  0.52567  0.37859 -0.21949  0.47507 -0.23337 -0.35925 -0.64226 -0.90638 -0.56734 -0.88936 -0.88116
7   1   4   85000   8.2049 46:30:10 -2.46970969189E+05 -2.45910211972E+05  0.36995  0.20812  0.36930  0.52567 -0.21949  0.37859  0.47507 -0.23337 -0.35925 -0.64226 -0.90638 -0.88936 -0.56734 -0.88116
7   1   4   90000   9.0293 51:30:10 -2.48279719478E+05 -2.45910211972E+05  0.37988  0.22715  0.38344  1.00000  0.53630 -0.19216  0.34843 -0.22318 -0.35971 -0.64226  0.00000 -0.90638 -0.88936 -0.47348
7   1   4   95000   9.3467 54:30:10 -2.46352373575E+05 -2.45910211972E+05  0.39165  0.38282  0.22771  0.53584 -0.19335  0.34779  1.00000 -0.23832 -0.64226 -0.34235 -0.90638 -0.88936 -0.47348  0.00000
7   1   5  100000   5.4779 59:30:10 -2.46541868347E+05 -2.45910211972E+05  0.37264  0.21114  0.38123  0.52607 -0.21846  0.47551  0.37911 -0.23460 -0.32482 -0.69676 -0.90638 -0.88936 -0.88116 -0.56734
7   1   5  102400   6.5263 01:31:10 -2.46988486398E+05 -2.45910211972E+05  0.37768  0.36216  0.20137  0.23683  0.52030 -0.23331  0.32595 -0.23616 -0.64226 -0.35499 -0.19285 -0.90638 -0.88936 -0.47348
7   1   5  105000   8.0588 03:31:10 -2.47101300156E+05 -2.45910211972E+05  0.37768  0.36216  0.20137  0.52030  0.23683  0.32595 -0.23331 -0.23616 -0.64226 -0.35499 -0.90638 -0.19285 -0.47348 -0.88936
7   1   6  106891   6.3000 04:31:10 -2.46799526846E+05 -2.45910211972E+05  0.37768  0.36216  0.20137  0.52030  0.23683 -0.23331  0.32595 -0.23616 -0.64226 -0.35499 -0.90638 -0.19285 -0.88936 -0.47348
7   1   6  110000   7.4260 06:31:10 -2.48120464058E+05 -2.45881307350E+05  0.40504  0.22660  0.38257  0.53565 -0.19373  1.00000  0.34752 -0.24161 -0.34601 -0.64226 -0.90638 -0.90158  0.00000 -0.47348
7   1   6  115000   6.9857 10:31:10 -2.46872999007E+05 -2.45881307350E+05  0.40696  0.22707  0.38209  0.53529 -0.19501  1.00000  0.34701 -0.24554 -0.33617 -0.64226 -0.90638 -0.88484  0.00000 -0.47348
7   1   6  120000   7.8919 15:31:10 -2.46880207687E+05 -2.45881307350E+05  0.36650  0.38576  0.22826  0.53805 -0.18767  1.00000  0.48876 -0.22289 -0.64226 -0.37568 -0.90638 -0.88936  0.00000 -0.88116
7   1   6  125000   7.7428 19:31:10 -2.46794238470E+05 -2.45881307350E+05  0.37423  0.22605  0.37666  0.53600 -0.19294  1.00000  0.34801 -0.22968 -0.34969 -0.61068 -0.90638 -0.88936  0.00000 -0.47348
7   1   7  130000   5.4231 26:31:10 -2.46882993787E+05 -2.45881307350E+05  0.37423  0.37666  0.22605  0.53600 -0.19294  1.00000  0.34801 -0.22968 -0.61068 -0.34969 -0.90638 -0.88936  0.00000 -0.47348
7   1   7  135000   5.0652 31:31:10 -2.46750560689E+05 -2.45881307350E+05  0.41478  0.38167  0.22901  0.53497 -0.19557  0.34657  1.00000 -0.24687 -0.64226 -0.33149 -0.90638 -0.88936 -0.47348  0.00000
7   1   8  137263   3.6000 34:31:10 -2.46112365363E+05 -2.45881307350E+05  0.35406  0.20668  0.37048  0.52656 -0.21721  0.47604  0.37975 -0.21814 -0.38360 -0.64226 -0.90638 -0.88936 -0.88116 -0.56734
7   1   8  140000   3.8872 36:31:10 -2.47060622986E+05 -2.45881307350E+05  0.35406  0.20668  0.52656 -0.21721  0.37048  0.47604  0.37975 -0.21814 -0.38360 -0.90638 -0.88936 -0.64226 -0.88116 -0.56734
7   1   8  145000   4.8774 39:31:10 -2.46488874692E+05 -2.45848040681E+05  0.38055  0.38379  0.22754  0.53657 -0.19154  1.00000  0.34881 -0.23204 -0.64226 -0.35683 -0.90638 -0.90476  0.00000 -0.47348
7   1   8  150000   5.3263 42:31:10 -2.46239199864E+05 -2.45848040681E+05  0.38296  0.22797  0.38493  0.53742  1.00000  0.48807 -0.18917 -0.22935 -0.35024 -0.64226 -0.90638  0.00000 -0.88116 -0.90158
7   1   8  155000   4.8289 46:31:10 -2.46403938774E+05 -2.45848040681E+05  0.38393  0.36847  0.20815  0.52504 -0.22111  0.47437  0.37776 -0.23835 -0.64226 -0.35060 -0.90638 -0.88936 -0.88116 -0.56734
7   1   8  160000   4.5670 49:31:10 -2.46423252035E+05 -2.45848040681E+05  0.37727  0.20823  0.36854  0.52510 -0.22097  0.37783  0.47443 -0.23375 -0.34527 -0.64226 -0.90638 -0.88936 -0.56734 -0.88116
7   1   8  165000   4.6348 53:31:10 -2.46521976959E+05 -2.45848040681E+05  0.37516  0.36777  0.20735  0.52452 -0.22246  0.33187  0.39055 -0.23930 -0.64226 -0.34061 -0.90638 -0.88936 -0.47348 -0.89931
7   1   9  170000   3.3543 56:31:10 -2.46558319086E+05 -2.45848040681E+05  0.37516  0.36777  0.20735  0.52452 -0.22246  0.39055  0.33187 -0.23930 -0.64226 -0.34061 -0.90638 -0.88936 -0.89931 -0.47348
7   1  10  173701   2.2000 03:32:10 -2.46083460741E+05 -2.45848040681E+05  0.38610  0.22743  0.38346  0.53631 -0.19219  1.00000  0.34845 -0.23557 -0.35010 -0.64226 -0.90638 -0.90476  0.00000 -0.47348
7   1  10  175000   3.3257 06:32:10 -2.46089705031E+05 -2.45848040681E+05  0.38610  0.38346  0.22743  0.53631 -0.19219  1.00000  0.34845 -0.23557 -0.64226 -0.35010 -0.90638 -0.90476  0.00000 -0.47348
7   1  10  180000   4.6698 16:32:10 -2.46107148110E+05 -2.45848040681E+05  0.41480  0.38205  0.22805  0.53526  1.00000  0.34697 -0.19490 -0.24339 -0.64226 -0.33509 -0.90638  0.00000 -0.47348 -0.90476
7   1  10  185000   4.0032 21:32:10 -2.46016992253E+05 -2.45848040681E+05  0.36611  0.38535  0.22586  0.53774 -0.18847  0.38307  1.00000 -0.22581 -0.64226 -0.38705 -0.90638 -0.88936 -0.55353  0.00000
7   1  10  190000   3.6936 27:32:10 -2.46190654773E+05 -2.45848040681E+05  0.39697  0.20903  0.36764  0.52442 -0.22270  0.47368  0.37695 -0.24392 -0.34105 -0.64226 -0.90638 -0.88936 -0.88116 -0.56734
7   1  11  194983   3.2000 30:32:10 -2.45920585595E+05 -2.45848040681E+05  0.39697  0.36764  0.20903  0.52442 -0.22270  0.47368  0.37695 -0.24392 -0.64226 -0.34105 -0.90638 -0.88936 -0.88116 -0.56734
7   1  11  195000   3.2258 30:32:10 -2.45910211972E+05 -2.45848040681E+05  0.39697  0.36764  0.20903  0.52442 -0.22270  0.47368  0.37695 -0.24392 -0.64226 -0.34105 -0.90638 -0.88936 -0.88116 -0.56734
7   1  11  200000   2.0971 33:32:10 -2.46134741629E+05 -2.45848040681E+05  0.39697  0.20903  0.36764  0.52442 -0.22270  0.47368  0.37695 -0.24392 -0.34105 -0.64226 -0.90638 -0.88936 -0.88116 -0.56734
7   1  12  205000   5.0847 37:32:10 -2.45910211972E+05 -2.45848040681E+05  0.39104  0.36804  0.20840  0.52472 -0.22194  0.47401  0.37734 -0.24161 -0.64226 -0.34601 -0.90638 -0.88936 -0.88116 -0.56734
7   1  12  205768   0.9000 38:32:10 -2.45910211972E+05 -2.45848040681E+05  0.39104  0.36804  0.20840  0.52472 -0.22194  0.47401  0.37734 -0.24161 -0.64226 -0.34601 -0.90638 -0.88936 -0.88116 -0.56734
7   1  12  210000   1.7947 41:32:10 -2.46206216992E+05 -2.45848040681E+05  0.39444  0.36730  0.21009  0.52416 -0.22336  0.47340  0.37661 -0.23915 -0.64226 -0.33175 -0.90638 -0.88936 -0.88116 -0.56734
7   1  12  215000   1.8247 44:32:10 -2.45910211972E+05 -2.45848040681E+05  0.39444  0.36730  0.21009  0.52416 -0.22336  0.47340  0.37661 -0.23915 -0.64226 -0.33175 -0.90638 -0.88936 -0.88116 -0.56734
7   1  12  220000   1.7545 47:32:10 -2.45920585595E+05 -2.45848040681E+05  0.38903  0.36808  0.20875  0.52475 -0.22186  0.47405  0.37738 -0.23992 -0.64226 -0.34517 -0.90638 -0.88936 -0.88116 -0.56734
7   1  12  225000   1.7563 50:32:10 -2.45910211972E+05 -2.45848040681E+05  0.38140  0.36850  0.20902  0.52507 -0.22104  0.47440  0.37780 -0.23143 -0.64226 -0.35307 -0.90638 -0.88936 -0.88116 -0.56734
7   1  13  227540   1.4000 52:32:10 -2.45910211972E+05 -2.45848040681E+05  0.37444  0.36891  0.20845  0.52537 -0.22025  0.47474  0.37820 -0.23130 -0.64226 -0.35527 -0.90638 -0.88936 -0.88116 -0.56734
7   1  13  230000   2.1903 53:32:10 -2.45978081409E+05 -2.45848040681E+05  0.37444  0.20845  0.36891  0.52537 -0.22025  0.47474  0.37820 -0.23130 -0.35527 -0.64226 -0.90638 -0.88936 -0.88116 -0.56734
7   1  13  235000   2.0028 14:33:10 -2.45920585595E+05 -2.45848040681E+05  0.36383  0.36970  0.20863  0.52597 -0.21871  0.47540  0.37898 -0.22910 -0.64226 -0.36677 -0.90638 -0.88936 -0.88116 -0.56734
7   1  14  240000   0.4762 20:33:10 -2.45978081409E+05 -2.45848040681E+05  0.39697  0.20903  0.36764  0.52442 -0.22270  0.47368  0.37695 -0.24392 -0.34105 -0.64226 -0.90638 -0.88936 -0.88116 -0.56734
7   1  14  240646   1.5000 20:33:10 -2.45920585595E+05 -2.45848040681E+05  0.39697  0.36764  0.20903  0.52442 -0.22270  0.47368  0.37695 -0.24392 -0.64226 -0.34105 -0.90638 -0.88936 -0.88116 -0.56734
7   1  14  245000   1.4599 25:33:10 -2.45994831366E+05 -2.45848040681E+05  0.39450  0.36765  0.20913  0.52443 -0.22268  0.47369  0.37696 -0.24390 -0.64226 -0.33865 -0.90638 -0.88936 -0.88116 -0.56734
7   1  14  250000   1.4002 28:33:10 -2.45978081409E+05 -2.45848040681E+05  0.39697  0.20903  0.36764  0.52442 -0.22270  0.47368  0.37695 -0.24392 -0.34105 -0.64226 -0.90638 -0.88936 -0.88116 -0.56734
7   1  14  260000   1.5891 34:33:10 -2.46074039673E+05 -2.45848040681E+05  0.39760  0.38307  0.22567  0.53602 -0.19293  1.00000  0.34805 -0.23135 -0.64226 -0.35269 -0.90638 -0.90476  0.00000 -0.47348
7   1  15  262942   1.6000 35:33:10 -2.45848040681E+05 -2.45848040681E+05  0.41103  0.38239  0.22748  0.53551 -0.19426  1.00000  0.34732 -0.24392 -0.64226 -0.34105 -0.90638 -0.90476  0.00000 -0.47348
7   1  15  265000   1.5263 37:33:10 -2.45858414303E+05 -2.45848040681E+05  0.41103  0.38239  0.22748  0.53551 -0.19426  1.00000  0.34732 -0.24392 -0.64226 -0.34105 -0.90638 -0.90476  0.00000 -0.47348
7   1  15  270000   1.4429 40:33:10 -2.45965899827E+05 -2.45848040681E+05  0.40308  0.22694  0.38261  0.53568 -0.19365  1.00000  0.34756 -0.23992 -0.34517 -0.64226 -0.90638 -0.90158  0.00000 -0.47348
7   1  16  275000   1.8135 43:33:10 -2.45881307350E+05 -2.45848040681E+05  0.40504  0.38257  0.22660  0.53565 -0.19373  1.00000  0.34752 -0.24161 -0.64226 -0.34601 -0.90638 -0.90158  0.00000 -0.47348
7   1  16  275197   1.8000 43:33:10 -2.46073035116E+05 -2.45848040681E+05  0.40504  0.22660  0.38257  0.53565 -0.19373  1.00000  0.34752 -0.24161 -0.34601 -0.64226 -0.90638 -0.90158  0.00000 -0.47348
7   1  16  280000   1.1786 46:33:10 -2.45891680972E+05 -2.45848040681E+05  0.40518  0.38271  0.22678  0.53575 -0.19363  1.00000  0.34767 -0.24161 -0.64226 -0.34601 -0.90638 -0.90476  0.00000 -0.47348
7   1  16  285000   1.1140 48:33:10 -2.45848040681E+05 -2.45848040681E+05  0.40957  0.38236  0.22740  0.53549 -0.19430  1.00000  0.34730 -0.24167 -0.64226 -0.34058 -0.90638 -0.90476  0.00000 -0.47348
7   1  16  290000   1.1299 51:33:10 -2.45848040681E+05 -2.45848040681E+05  0.40504  0.38257  0.22660  0.53565 -0.19373  1.00000  0.34752 -0.24161 -0.64226 -0.34601 -0.90638 -0.90158  0.00000 -0.47348
7   1  16  295000   1.1812 54:33:10 -2.45858414303E+05 -2.45848040681E+05  0.40518  0.38271  0.22678  0.53575 -0.19363  1.00000  0.34767 -0.24161 -0.64226 -0.34601 -0.90638 -0.90476  0.00000 -0.47348
7   1  17  297787   0.9000 56:33:10 -2.45891680972E+05 -2.45848040681E+05  0.40518  0.38271  0.22678  0.53575 -0.19363  1.00000  0.34767 -0.24161 -0.64226 -0.34601 -0.90638 -0.90476  0.00000 -0.47348
7   1  17  300000   1.0269 58:33:10 -2.45948546268E+05 -2.45848040681E+05  0.40518  0.22678  0.38271  0.53575 -0.19363  1.00000  0.34767 -0.24161 -0.34601 -0.64226 -0.90638 -0.90476  0.00000 -0.47348
7   1  17  305000   0.9263 01:34:10 -2.45848040681E+05 -2.45848040681E+05  0.40518  0.38271  0.22678  0.53575 -0.19363  1.00000  0.34767 -0.24161 -0.64226 -0.34601 -0.90638 -0.90476  0.00000 -0.47348
7   1  18  310000   0.8130 04:34:10 -2.45998535977E+05 -2.45848040681E+05  0.41090  0.22730  0.38224  0.53540 -0.19436  1.00000  0.34717 -0.24392 -0.34105 -0.64226 -0.90638 -0.90158  0.00000 -0.47348
7   1  18  310655   1.0000 04:34:10 -2.45898030390E+05 -2.45848040681E+05  0.41090  0.38224  0.22730  0.53540 -0.19436  1.00000  0.34717 -0.24392 -0.64226 -0.34105 -0.90638 -0.90158  0.00000 -0.47348
7   1  18  315000   0.9652 06:34:10 -2.45848040681E+05 -2.45848040681E+05  0.39719  0.38295  0.22728  0.53594 -0.19299  1.00000  0.34792 -0.23912 -0.64226 -0.35075 -0.90638 -0.90158  0.00000 -0.47348
7   1  18  320000   0.8848 11:34:10 -2.45891680972E+05 -2.45848040681E+05  0.39818  0.38307  0.22646  0.53602 -0.19294  1.00000  0.34804 -0.23835 -0.64226 -0.35060 -0.90638 -0.90476  0.00000 -0.47348
7   1  18  325000   0.9346 14:34:10 -2.45858414303E+05 -2.45848040681E+05  0.41090  0.38224  0.22730  0.53540 -0.19436  1.00000  0.34717 -0.24392 -0.64226 -0.34105 -0.90638 -0.90158  0.00000 -0.47348
7   1  18  330000   1.0199 16:34:10 -2.45858414303E+05 -2.45848040681E+05  0.40490  0.38242  0.22642  0.53554 -0.19103  1.00000  0.34736 -0.24161 -0.64226 -0.34601 -0.90638 -0.89199  0.00000 -0.47348
7   1  19  333565   0.7000 16:34:10 -2.45891680972E+05 -2.45848040681E+05  0.40490  0.38242  0.22642  0.53554 -0.19103  1.00000  0.34736 -0.24161 -0.64226 -0.34601 -0.90638 -0.89199  0.00000 -0.47348
7   1  19  340000   0.7292 18:34:10 -2.45891680972E+05 -2.45848040681E+05  0.41076  0.38210  0.22712  0.53529 -0.19166  1.00000  0.34702 -0.24392 -0.64226 -0.34105 -0.90638 -0.89199  0.00000 -0.47348
7   1 200  346477   0.0000 19:34:10 -2.45848040681E+05 -2.45848040681E+05  0.41090  0.38224  0.22730  0.53540  1.00000 -0.19436  0.34717 -0.24392 -0.64226 -0.34105 -0.90638  0.00000 -0.90158 -0.47348
