K Run Tem Iterate    Move%     Time        CurrentLogL           BestLogL     Fst1     Fst2     Fst3     Fst4     Fis1     Fis2     Fis3     Fis4
4   8   1       0   1.0000 29:19:09 -3.04916177994E+05 -3.04916177994E+05  0.18630 -0.03830 -0.01991 -0.11962 -0.21432 -0.12372 -0.15073 -0.19518
4   8   1     100   1.0000 29:19:09 -3.03765668349E+05 -3.03765668349E+05  0.18630 -0.03830 -0.01991 -0.11962 -0.21432 -0.12372 -0.15073 -0.19518
4   8   1     200  29.7030 29:19:09 -2.53285814294E+05 -2.53184666077E+05 -0.01991 -0.03830 -0.11962  0.18630 -0.15073 -0.12372 -0.19518 -0.21432
4   8   1     400  35.5721 29:19:09 -2.51377834081E+05 -2.47532455487E+05 -0.03830  0.18630 -0.01991 -0.11962 -0.12372 -0.21432 -0.15073 -0.19518
4   8   1     800  40.3990 29:19:09 -2.53431284258E+05 -2.47087524313E+05 -0.03830  0.18630 -0.11962 -0.01991 -0.12372 -0.21432 -0.19518 -0.15073
4   8   1    1600  40.4494 29:19:09 -2.50147579880E+05 -2.45678425757E+05 -0.01991  0.18630 -0.11962 -0.03830 -0.15073 -0.21432 -0.19518 -0.12372
4   8   1    3200  38.1324 29:19:09 -2.52984013635E+05 -2.45393165363E+05  0.48720  0.30133  0.34842 -0.09592 -0.88103 -0.24925 -0.19469 -0.88936
4   8   2    6400  33.0645 30:19:09 -2.50241500366E+05 -2.43458848238E+05  0.27671  0.32589 -0.09393  0.22296 -0.22186 -0.23317 -0.88936 -0.14459
4   8   2   10000  35.0453 31:19:09 -2.45495497091E+05 -2.43458848238E+05  0.28144  0.42126  0.33796 -0.10849 -0.27294 -0.54669 -0.21679 -0.88936
4   8   3   12800  38.1890 31:19:09 -2.49821364179E+05 -2.43458848238E+05  0.26388  0.23218  0.32001 -0.10691 -0.25680 -0.14131 -0.23294 -0.88936
4   8   4   20000  25.1572 34:19:09 -2.47766022616E+05 -2.43458848238E+05  1.00000  0.38578  0.32263 -0.06055  0.00000 -0.17132 -0.22473 -0.88936
4   8   4   25600  31.5680 35:19:09 -2.52142583556E+05 -2.43315102911E+05  0.37461  0.41823  0.03498  0.04195 -0.27796 -0.20252 -0.91929 -0.70914
4   8   5   30000  25.5014 37:19:09 -2.47683274646E+05 -2.42640564286E+05  0.33804 -0.09045  0.29176  0.40402 -0.23181 -0.88936 -0.37131 -0.47348
4   8   5   40000  25.5472 39:19:09 -2.47822663752E+05 -2.41941239911E+05  0.29732 -0.09434  0.40190  0.34935 -0.35328 -0.88936 -0.47348 -0.24558
4   8   7   51200  12.9973 42:19:09 -2.47861907135E+05 -2.41941239911E+05  0.27482  0.39322  0.36483 -0.11022 -0.29057 -0.47348 -0.22632 -0.88936
4   8   7   55000  17.4246 42:19:09 -2.42549308006E+05 -2.41633789049E+05  0.37805  0.27380 -0.10730  0.39481 -0.23487 -0.32194 -0.88936 -0.47348
4   8   8   65000  13.0696 44:19:09 -2.43449243292E+05 -2.41069343337E+05  0.39627  0.27513 -0.11437  0.39095 -0.22098 -0.32243 -0.88936 -0.47348
4   8   8   70000  14.5463 47:19:09 -2.44860789691E+05 -2.41069343337E+05  0.32155  0.38650 -0.09368  0.38273 -0.26622 -0.56033 -0.88936 -0.20162
4   8   9   85000  11.3235 49:19:09 -2.43809376057E+05 -2.41069343337E+05  0.37185  0.27589 -0.10738  0.39477 -0.22318 -0.32545 -0.88936 -0.47348
4   8  10   95000   9.2503 51:19:09 -2.42196338913E+05 -2.41047685758E+05  0.37758  0.27909 -0.10397  0.39663 -0.22651 -0.36189 -0.88936 -0.47348
4   8  11  100000   7.8998 53:19:09 -2.41562059826E+05 -2.41042992334E+05  0.39250  0.27850 -0.10444  0.39638 -0.22737 -0.38548 -0.88936 -0.47348
4   8  11  102400   7.2593 53:19:09 -2.41328499088E+05 -2.40927943042E+05  0.38967  0.27518 -0.10686  0.39505 -0.23438 -0.34834 -0.88936 -0.47348
4   8  12  110630   5.8000 55:19:09 -2.41042992334E+05 -2.40927943042E+05  0.38059  0.28131 -0.10250  0.39744 -0.23037 -0.37657 -0.88936 -0.47348
4   8  12  115000   6.5936 55:19:09 -2.41686150067E+05 -2.40927943042E+05  0.38497  0.27275 -0.10918  0.39379 -0.23752 -0.31810 -0.88936 -0.47348
4   8  13  125000   5.7524 57:19:09 -2.41733174882E+05 -2.40927943042E+05  0.38979  0.27874 -0.10456  0.39631 -0.23158 -0.37487 -0.88936 -0.47348
4   8  14  131366   5.7000 58:19:09 -2.40988578028E+05 -2.40927943042E+05  0.40935  0.27098 -0.11260  0.39192 -0.24345 -0.33206 -0.88936 -0.47348
4   8  14  135000   4.5997 59:19:09 -2.41233824754E+05 -2.40927943042E+05  0.39871  0.27540 -0.10670  0.39514 -0.23526 -0.36645 -0.88936 -0.47348
4   8  15  140038   4.0000 00:20:09 -2.40961588494E+05 -2.40927943042E+05  0.38858  0.28179 -0.10335  0.39697 -0.23328 -0.38464 -0.88936 -0.47348
4   8  15  145000   4.2655 03:20:09 -2.42047141248E+05 -2.40927943042E+05  0.40102  0.27283 -0.10909  0.39384 -0.23269 -0.35227 -0.88936 -0.47348
4   8  16  152176   4.8000 04:20:09 -2.41258014129E+05 -2.40927943042E+05  0.40120  0.27424 -0.10791  0.39448 -0.23473 -0.36148 -0.88936 -0.47348
4   8  16  160000   3.6981 05:20:09 -2.41586066556E+05 -2.40927943042E+05  0.39991  0.27693 -0.10668  0.39515 -0.24071 -0.36625 -0.88936 -0.47348
4   8  17  160953   4.3000 06:20:09 -2.41439198045E+05 -2.40927943042E+05  0.39851  0.27522 -0.10673  0.39512 -0.23291 -0.36818 -0.88936 -0.47348
4   8  17  165000   3.6119 07:20:09 -2.41064465868E+05 -2.40927943042E+05  0.40274  0.27353 -0.10908  0.39384 -0.23926 -0.35085 -0.88936 -0.47348
4   8  18  173113   2.9000 09:20:09 -2.41214788295E+05 -2.40927943042E+05  0.39399  0.28034 -0.10433  0.39643 -0.23395 -0.38457 -0.88936 -0.47348
4   8  18  175000   2.6822 09:20:09 -2.41059884588E+05 -2.40927943042E+05  0.39700  0.27885 -0.10551  0.39579 -0.23646 -0.37672 -0.88936 -0.47348
4   8  18  180000   3.2897 11:20:09 -2.41505934054E+05 -2.40927943042E+05  0.39991  0.27693 -0.10668  0.39515 -0.24071 -0.36625 -0.88936 -0.47348
4   8  20  194240   3.1000 13:20:09 -2.41170322093E+05 -2.40927943042E+05  0.40173  0.27596 -0.10789  0.39449 -0.24077 -0.35993 -0.88936 -0.47348
4   8  20  195000   2.6259 13:20:09 -2.41107335681E+05 -2.40927943042E+05  0.39991  0.27693 -0.10668  0.39515 -0.24071 -0.36625 -0.88936 -0.47348
4   8  20  200000   2.3489 15:20:09 -2.41012990230E+05 -2.40927943042E+05  0.39481  0.27879 -0.10559  0.39575 -0.23094 -0.37796 -0.88936 -0.47348
4   8  21  203140   3.7000 15:20:09 -2.41193485099E+05 -2.40927943042E+05  0.40473  0.27408 -0.10907  0.39385 -0.24198 -0.35312 -0.88936 -0.47348
4   8  22  215000   1.7699 17:20:09 -2.41042992334E+05 -2.40927943042E+05  0.40173  0.27596 -0.10789  0.39449 -0.24077 -0.35993 -0.88936 -0.47348
4   8  22  215379   1.8000 17:20:09 -2.40927943042E+05 -2.40927943042E+05  0.39941  0.27628 -0.10670  0.39514 -0.23719 -0.36761 -0.88936 -0.47348
4   8 200  223325   0.0000 19:20:09 -2.40927943042E+05 -2.40927943042E+05  0.39700  0.27885 -0.10551  0.39579 -0.23646 -0.37672 -0.88936 -0.47348
